07-06 20:10:11.863  1534 32029 I chatty  : uid=1000(system) Binder:1534_13 expire 2 lines
07-06 20:10:11.987  1534 11344 I chatty  : uid=1000(system) Binder:1534_12 expire 1 line
07-06 20:10:11.989  1534  3087 I chatty  : uid=1000(system) Binder:1534_9 expire 3 lines
07-06 20:10:15.667  1534  2077 I chatty  : uid=1000(system) FingerPrintThre expire 11 lines
07-06 20:10:16.665  1534 21272 I chatty  : uid=1000 system_server expire 2 lines
07-06 20:10:59.232  1534  2038 I chatty  : uid=1000(system) AlarmManager expire 6 lines
07-06 20:11:41.693  1534  1612 I chatty  : uid=1000(system) batterystats-sy expire 1 line
07-06 20:12:19.271  1534  1599 I chatty  : uid=1000(system) ActivityManager expire 5 lines
07-06 20:14:08.724  1534 21357 I chatty  : uid=1000 system_server expire 1 line
07-06 20:14:11.005   844  1277 D QMI_FW  : chen-screen on: is_screen_off = 0 
07-06 20:14:11.005  1042  1276 D QMI_FW  : chen-screen on: is_screen_off = 0 
07-06 20:14:11.037  1534  2077 I chatty  : uid=1000(system) FingerPrintThre expire 2 lines
07-06 20:14:11.041  1534  1545 I chatty  : uid=1000(system) Binder:1534_2 expire 1 line
07-06 20:14:11.041  1534 26766 I chatty  : uid=1000(system) Binder:1534_17 expire 1 line
07-06 20:14:11.082   844  1277 D QMI_FW  : chen-screen off: is_screen_off = 1 
07-06 20:14:11.083  1042  1276 D QMI_FW  : chen-screen off: is_screen_off = 1 
07-06 20:14:11.317  1534  1641 I chatty  : uid=1000(system) PowerManagerSer expire 10 lines
07-06 20:14:11.346  1534  1534 I chatty  : uid=1000 system_server expire 7 lines
07-06 20:14:12.001  1534  2075 I chatty  : uid=1000(system) ColorBalanceThr expire 10 lines
07-06 20:14:12.060   844  1277 D QMI_FW  : chen-screen on: is_screen_off = 0 
07-06 20:14:12.061  1042  1276 D QMI_FW  : chen-screen on: is_screen_off = 0 
07-06 20:14:12.605  1534  1641 I chatty  : uid=1000(system) PowerManagerSer expire 16 lines
07-06 20:14:12.605  1534  1534 I chatty  : uid=1000 system_server expire 12 lines
07-06 20:14:12.613  1534  3087 I chatty  : uid=1000(system) Binder:1534_9 expire 2 lines
07-06 20:14:12.613  1534  2459 I chatty  : uid=1000(system) Binder:1534_6 expire 3 lines
07-06 20:14:12.784  1534  3149 I chatty  : uid=1000(system) Binder:1534_F expire 6 lines
07-06 20:14:12.790  1534 19175 I chatty  : uid=1000(system) Binder:1534_15 expire 6 lines
07-06 20:14:12.792  1534  1599 I chatty  : uid=1000(system) ActivityManager expire 3 lines
07-06 20:14:12.793  1534  1639 I chatty  : uid=1000(system) android.display expire 9 lines
07-06 20:14:12.884  1534  2077 I chatty  : uid=1000(system) FingerPrintThre expire 12 lines
07-06 20:14:12.884  1534 11343 I chatty  : uid=1000(system) Binder:1534_11 expire 4 lines
07-06 20:14:12.920  1534  2072 I chatty  : uid=1000(system) Binder:1534_3 expire 3 lines
07-06 20:14:12.982  1534  3094 I chatty  : uid=1000(system) Binder:1534_A expire 1 line
07-06 20:14:13.742  1534  3145 I chatty  : uid=1000(system) Binder:1534_E expire 3 lines
07-06 20:14:16.075  1534 21499 I chatty  : uid=1000(system) newsp0 expire 2 lines
07-06 20:14:18.898  1534 26767 I chatty  : uid=1000(system) Binder:1534_18 expire 6 lines
07-06 20:14:34.694  1534  2044 I chatty  : uid=1000(system) InputReader expire 4 lines
07-06 20:14:34.796  1534  1544 I chatty  : uid=1000(system) Binder:1534_1 expire 1 line
07-06 20:14:34.796  1534 24228 I chatty  : uid=1000(system) Binder:1534_14 expire 2 lines
07-06 20:14:35.046  1534 22730 I chatty  : uid=1000(system) Binder:1534_16 expire 2 lines
07-06 20:14:35.074   844  1277 D QMI_FW  : chen-screen off: is_screen_off = 1 
07-06 20:14:35.075  1042  1276 D QMI_FW  : chen-screen off: is_screen_off = 1 
07-06 20:14:35.083  1534  2077 I chatty  : uid=1000(system) FingerPrintThre expire 13 lines
07-06 20:14:35.290  1534 32029 I chatty  : uid=1000(system) Binder:1534_13 expire 4 lines
07-06 20:14:35.340  1534  2038 I chatty  : uid=1000(system) AlarmManager expire 6 lines
07-06 20:14:35.455  1534  1545 I chatty  : uid=1000(system) Binder:1534_2 expire 2 lines
07-06 20:14:35.473  1534  2358 I chatty  : uid=1000(system) Binder:1534_5 expire 3 lines
07-06 20:14:35.496  1534  3150 I chatty  : uid=1000(system) Binder:1534_10 expire 1 line
07-06 20:14:40.129  1534 21558 I chatty  : uid=1000(system) ConnectivityThr expire 1 line
07-06 20:14:56.730  1534  3076 I chatty  : uid=1000(system) Binder:1534_8 expire 5 lines
07-06 20:14:56.758  1534 26766 I chatty  : uid=1000(system) Binder:1534_17 expire 2 lines
07-06 20:14:57.347  1534 30640 I chatty  : uid=1000(system) Binder:1534_19 expire 3 lines
07-06 20:14:57.349  1534  3128 I chatty  : uid=1000(system) Binder:1534_B expire 5 lines
07-06 20:14:57.430  1534  2130 I chatty  : uid=1000(system) Binder:1534_4 expire 4 lines
07-06 20:14:57.432  1534  4618 I chatty  : uid=1000(system) Binder:1534_1A expire 4 lines
07-06 20:14:57.436  1042  1276 D QMI_FW  : chen-screen on: is_screen_off = 0 
07-06 20:14:57.437  1534  2077 I chatty  : uid=1000(system) FingerPrintThre expire 19 lines
07-06 20:14:57.441   844  1277 D QMI_FW  : chen-screen on: is_screen_off = 0 
07-06 20:14:57.459  1534  1601 I chatty  : uid=1000(system) android.ui expire 10 lines
07-06 20:14:57.469  1534  1641 I chatty  : uid=1000(system) PowerManagerSer expire 30 lines
07-06 20:14:57.607  1534  2479 I chatty  : uid=1000(system) Binder:1534_7 expire 1 line
07-06 20:14:57.642  1534  1534 I chatty  : uid=1000 system_server expire 11 lines
07-06 20:14:58.353  1534  1596 I chatty  : uid=1000(system) android.bg expire 3 lines
07-06 20:14:58.818  2207  2207 V DeadZone: consuming errant click: (29.0,56.0)
07-06 20:15:25.879  1534  3142 I chatty  : uid=1000(system) Binder:1534_D expire 1 line
07-06 20:15:43.176  1042  1276 D QMI_FW  : chen-screen off: is_screen_off = 1 
07-06 20:15:43.176   844  1277 D QMI_FW  : chen-screen off: is_screen_off = 1 
07-06 20:15:43.395  1534  1641 I chatty  : uid=1000(system) PowerManagerSer expire 13 lines
07-06 20:15:48.252  1534 21642 I chatty  : uid=1000(system) ky-executor-6 expire 1 line
07-06 20:15:54.605  1534  2075 I chatty  : uid=1000(system) ColorBalanceThr expire 2 lines
07-06 20:15:54.678  1042  1276 D QMI_FW  : chen-screen on: is_screen_off = 0 
07-06 20:15:54.679  1534 11344 I chatty  : uid=1000(system) Binder:1534_12 expire 2 lines
07-06 20:15:54.680  1534  2077 I chatty  : uid=1000(system) FingerPrintThre expire 11 lines
07-06 20:15:54.690   844  1277 D QMI_FW  : chen-screen on: is_screen_off = 0 
07-06 20:15:54.875  1534  1641 I chatty  : uid=1000(system) PowerManagerSer expire 30 lines
07-06 20:15:54.876  1534  1534 I chatty  : uid=1000 system_server expire 18 lines
07-06 20:15:54.880  1534  2130 I chatty  : uid=1000(system) Binder:1534_4 expire 2 lines
07-06 20:15:54.886  1534 24228 I chatty  : uid=1000(system) Binder:1534_14 expire 61 lines
07-06 20:15:54.887  1534  3128 I chatty  : uid=1000(system) Binder:1534_B expire 5 lines
07-06 20:15:55.197  1534  2358 I chatty  : uid=1000(system) Binder:1534_5 expire 2 lines
07-06 20:15:55.603  1534  1596 I chatty  : uid=1000(system) android.bg expire 6 lines
07-06 20:15:55.983  1534 32029 I chatty  : uid=1000(system) Binder:1534_13 expire 2 lines
07-06 20:15:56.083  1534  1599 I chatty  : uid=1000(system) ActivityManager expire 11 lines
07-06 20:15:56.120  1534  3094 I chatty  : uid=1000(system) Binder:1534_A expire 1 line
07-06 20:16:00.000  1534  2038 I chatty  : uid=1000(system) AlarmManager expire 20 lines
07-06 20:16:01.791  1534  3149 I chatty  : uid=1000(system) Binder:1534_F expire 2 lines
07-06 20:16:02.084  1534 26767 I chatty  : uid=1000(system) Binder:1534_18 expire 2 lines
07-06 20:16:03.294  1534  3142 I chatty  : uid=1000(system) Binder:1534_D expire 5 lines
07-06 20:16:14.830  1534  3130 I chatty  : uid=1000(system) Binder:1534_C expire 3 lines
07-06 20:16:24.329  1534  4618 I chatty  : uid=1000(system) Binder:1534_1A expire 1 line
07-06 20:16:25.539  1534  3145 I chatty  : uid=1000(system) Binder:1534_E expire 1 line
07-06 20:16:25.564  1534  2072 I chatty  : uid=1000(system) Binder:1534_3 expire 3 lines
07-06 20:16:36.618  1534  1545 I chatty  : uid=1000(system) Binder:1534_2 expire 3 lines
07-06 20:16:36.665  1534  1612 I chatty  : uid=1000(system) batterystats-sy expire 1 line
07-06 20:16:36.704  1534 21733 I chatty  : uid=1000 system_server expire 3 lines
07-06 20:16:45.718  1534  2459 I chatty  : uid=1000(system) Binder:1534_6 expire 7 lines
07-06 20:17:38.003  1534  3076 I chatty  : uid=1000(system) Binder:1534_8 expire 2 lines
07-06 20:17:39.819  1534 21777 I chatty  : uid=1000(system) CodecLooper expire 1 line
07-06 20:17:39.831  1534 21778 I chatty  : uid=1000(system) NPDecoder expire 1 line
07-06 20:17:43.210  1534  2044 I chatty  : uid=1000(system) InputReader expire 2 lines
07-06 20:17:43.213  1534  2075 I chatty  : uid=1000(system) ColorBalanceThr expire 5 lines
07-06 20:17:43.308  1534  2479 I chatty  : uid=1000(system) Binder:1534_7 expire 1 line
07-06 20:17:43.309  1534  3087 I chatty  : uid=1000(system) Binder:1534_9 expire 1 line
07-06 20:17:43.552  1534  1639 I chatty  : uid=1000(system) android.display expire 3 lines
07-06 20:17:43.563   844  1277 D QMI_FW  : chen-screen off: is_screen_off = 1 
07-06 20:17:43.564  1042  1276 D QMI_FW  : chen-screen off: is_screen_off = 1 
07-06 20:17:43.620  1534  1544 I chatty  : uid=1000(system) Binder:1534_1 expire 2 lines
07-06 20:17:43.791  1534  1641 I chatty  : uid=1000(system) PowerManagerSer expire 10 lines
07-06 20:17:43.798  1534 11344 I chatty  : uid=1000(system) Binder:1534_12 expire 1 line
07-06 20:17:43.820  1534 22730 I chatty  : uid=1000(system) Binder:1534_16 expire 1 line
07-06 20:17:45.712  1534  2077 I chatty  : uid=1000(system) FingerPrintThre expire 14 lines
07-06 20:17:48.624  1534 21803 I chatty  : uid=1000 system_server expire 1 line
07-06 20:18:29.370  1534 11343 I chatty  : uid=1000(system) Binder:1534_11 expire 1 line
07-06 20:19:00.849  1534 21860 I chatty  : uid=1000(system) Blocking Thread expire 2 lines
07-06 20:20:11.959  1534 30640 I chatty  : uid=1000(system) Binder:1534_19 expire 1 line
07-06 20:20:14.678  1534 21867 I chatty  : uid=1000 system_server expire 2 lines
07-06 20:21:01.797  1534 21879 I chatty  : uid=1000(system) Blocking Thread expire 2 lines
07-06 20:23:51.923  1534 26766 I chatty  : uid=1000(system) Binder:1534_17 expire 2 lines
07-06 20:23:51.940  1534  1601 I chatty  : uid=1000(system) android.ui expire 2 lines
07-06 20:23:51.944  1042  1276 D QMI_FW  : chen-screen on: is_screen_off = 0 
07-06 20:23:51.946   844  1277 D QMI_FW  : chen-screen on: is_screen_off = 0 
07-06 20:23:51.948  1534  1534 I chatty  : uid=1000 system_server expire 1 line
07-06 20:23:51.951  1534  2077 I chatty  : uid=1000(system) FingerPrintThre expire 23 lines
07-06 20:23:52.053  1534  1639 I chatty  : uid=1000(system) android.display expire 6 lines
07-06 20:23:52.053  1534  1601 I chatty  : uid=1000(system) android.ui expire 8 lines
07-06 20:23:52.053  1534  1641 I chatty  : uid=1000(system) PowerManagerSer expire 17 lines
07-06 20:23:52.102  1534  3149 I chatty  : uid=1000(system) Binder:1534_F expire 2 lines
07-06 20:23:52.127  1534  1534 I chatty  : uid=1000 system_server expire 16 lines
07-06 20:23:52.129  1534  1596 I chatty  : uid=1000(system) android.bg expire 14 lines
07-06 20:23:52.134  1534  3128 I chatty  : uid=1000(system) Binder:1534_B expire 8 lines
07-06 20:23:52.139  1534  1545 I chatty  : uid=1000(system) Binder:1534_2 expire 1 line
07-06 20:23:52.139  1534  3076 I chatty  : uid=1000(system) Binder:1534_8 expire 3 lines
07-06 20:23:53.852  1534  1544 I chatty  : uid=1000(system) Binder:1534_1 expire 2 lines
07-06 20:23:53.874  1534 24228 I chatty  : uid=1000(system) Binder:1534_14 expire 4 lines
07-06 20:23:55.416  1534 19175 I chatty  : uid=1000(system) Binder:1534_15 expire 2 lines
07-06 20:24:00.000  1534  2038 I chatty  : uid=1000(system) AlarmManager expire 29 lines
07-06 20:24:06.695  1534  2479 I chatty  : uid=1000(system) Binder:1534_7 expire 4 lines
07-06 20:24:06.739  1534  1599 I chatty  : uid=1000(system) ActivityManager expire 15 lines
07-06 20:24:06.743  1534  4618 I chatty  : uid=1000(system) Binder:1534_1A expire 3 lines
07-06 20:24:20.904  1534  2044 I chatty  : uid=1000(system) InputReader expire 4 lines
07-06 20:24:20.905  1534  2075 I chatty  : uid=1000(system) ColorBalanceThr expire 8 lines
07-06 20:24:20.988  1534  3087 I chatty  : uid=1000(system) Binder:1534_9 expire 3 lines
07-06 20:24:21.250  1534  3130 I chatty  : uid=1000(system) Binder:1534_C expire 2 lines
07-06 20:24:21.253   844  1277 D QMI_FW  : chen-screen off: is_screen_off = 1 
07-06 20:24:21.254  1042  1276 D QMI_FW  : chen-screen off: is_screen_off = 1 
07-06 20:24:21.558  1534  3145 I chatty  : uid=1000(system) Binder:1534_E expire 5 lines
07-06 20:24:21.732  1534 11343 I chatty  : uid=1000(system) Binder:1534_11 expire 1 line
07-06 20:24:22.124  1534 22730 I chatty  : uid=1000(system) Binder:1534_16 expire 2 lines
07-06 20:24:22.163  1534  2072 I chatty  : uid=1000(system) Binder:1534_3 expire 2 lines
07-06 20:24:26.328  1534 22053 I chatty  : uid=1000(system) StatisticsTrigg expire 1 line
07-06 20:24:51.935  1534  1612 I chatty  : uid=1000(system) batterystats-sy expire 1 line
07-06 20:28:28.226  1534 22138 I chatty  : uid=1000(system) dt-launch# 3 expire 1 line
07-06 20:30:30.658  1534 30640 I chatty  : uid=1000(system) Binder:1534_19 expire 1 line
07-06 20:30:42.482  1534  2130 I chatty  : uid=1000(system) Binder:1534_4 expire 1 line
07-06 20:30:43.382  1534 22218 I chatty  : uid=1000(system) pool-12-thread- expire 3 lines
07-06 20:33:30.541  1534 22303 I chatty  : uid=1000 system_server expire 2 lines
07-06 20:34:15.371  1534 22316 I chatty  : uid=1000 system_server expire 2 lines
07-06 20:34:21.547  1534  2056 I chatty  : uid=1000(system) IpManager.wlan0 expire 1 line
07-06 20:34:21.557  1534  2060 I chatty  : uid=1000(system) ConnectivitySer expire 1 line
07-06 20:34:26.515  1534 22330 I chatty  : uid=1000(system) FinalizerWatchd expire 1 line
07-06 20:34:56.625  1534  3150 I chatty  : uid=1000(system) Binder:1534_10 expire 3 lines
07-06 20:34:57.297  1534  2459 I chatty  : uid=1000(system) Binder:1534_6 expire 2 lines
07-06 20:34:57.387  1534 26766 I chatty  : uid=1000(system) Binder:1534_17 expire 1 line
07-06 20:34:57.387  1534 26767 I chatty  : uid=1000(system) Binder:1534_18 expire 4 lines
07-06 20:34:57.393   844  1277 D QMI_FW  : chen-screen on: is_screen_off = 0 
07-06 20:34:57.396  1534  3142 I chatty  : uid=1000(system) Binder:1534_D expire 3 lines
07-06 20:34:57.409  1534  1641 I chatty  : uid=1000(system) PowerManagerSer expire 13 lines
07-06 20:34:57.418  1042  1276 D QMI_FW  : chen-screen on: is_screen_off = 0 
07-06 20:34:57.456  1534  1534 I chatty  : uid=1000 system_server expire 10 lines
07-06 20:34:57.516  1534 32029 I chatty  : uid=1000(system) Binder:1534_13 expire 1 line
07-06 20:34:58.302  1534  1596 I chatty  : uid=1000(system) android.bg expire 4 lines
07-06 20:35:00.000  1534  2038 I chatty  : uid=1000(system) AlarmManager expire 5 lines
07-06 20:35:17.330  1534  2050 I chatty  : uid=1000(system) NetworkStats expire 1 line
07-06 20:35:24.712  1534 11344 I chatty  : uid=1000(system) Binder:1534_12 expire 1 line
07-06 20:35:24.713  1534  2077 I chatty  : uid=1000(system) FingerPrintThre expire 7 lines
07-06 20:35:24.961  1042  1276 D QMI_FW  : chen-screen off: is_screen_off = 1 
07-06 20:35:24.963   844  1277 D QMI_FW  : chen-screen off: is_screen_off = 1 
07-06 20:35:25.174  1534  1641 I chatty  : uid=1000(system) PowerManagerSer expire 18 lines
07-06 20:35:25.176  1534  1534 I chatty  : uid=1000 system_server expire 13 lines
07-06 20:35:25.211  1534  2130 I chatty  : uid=1000(system) Binder:1534_4 expire 3 lines
07-06 20:35:25.224  1534  2072 I chatty  : uid=1000(system) Binder:1534_3 expire 6 lines
07-06 20:35:25.278  1534  3128 I chatty  : uid=1000(system) Binder:1534_B expire 3 lines
07-06 20:35:25.321  1534  3149 I chatty  : uid=1000(system) Binder:1534_F expire 2 lines
07-06 20:35:25.323  1534 11343 I chatty  : uid=1000(system) Binder:1534_11 expire 8 lines
07-06 20:35:27.569  1534  1612 I chatty  : uid=1000(system) batterystats-sy expire 2 lines
07-06 20:35:27.603  1534 26767 I chatty  : uid=1000(system) Binder:1534_18 expire 4 lines
07-06 20:35:27.632  1534  3145 I chatty  : uid=1000(system) Binder:1534_E expire 2 lines
07-06 20:35:29.495  1534 11344 I chatty  : uid=1000(system) Binder:1534_12 expire 2 lines
07-06 20:35:29.737  1534  3142 I chatty  : uid=1000(system) Binder:1534_D expire 4 lines
07-06 20:35:29.783  1534  2077 I chatty  : uid=1000(system) FingerPrintThre expire 44 lines
07-06 20:35:30.048  1534  3076 I chatty  : uid=1000(system) Binder:1534_8 expire 3 lines
07-06 20:35:30.074  1534  2479 I chatty  : uid=1000(system) Binder:1534_7 expire 5 lines
07-06 20:35:30.078  1534  1545 I chatty  : uid=1000(system) Binder:1534_2 expire 4 lines
07-06 20:35:31.030  1534  3150 I chatty  : uid=1000(system) Binder:1534_10 expire 2 lines
07-06 20:35:31.031  1534  3087 I chatty  : uid=1000(system) Binder:1534_9 expire 3 lines
07-06 20:35:31.033  1534  2075 I chatty  : uid=1000(system) ColorBalanceThr expire 7 lines
07-06 20:35:31.057  1534  1639 I chatty  : uid=1000(system) android.display expire 7 lines
07-06 20:35:31.106  1534 22730 I chatty  : uid=1000(system) Binder:1534_16 expire 2 lines
07-06 20:35:31.116  1534  1601 I chatty  : uid=1000(system) android.ui expire 10 lines
07-06 20:35:31.123  1534  1544 I chatty  : uid=1000(system) Binder:1534_1 expire 7 lines
07-06 20:35:31.132  1042  1276 D QMI_FW  : chen-screen on: is_screen_off = 0 
07-06 20:35:31.135   844  1277 D QMI_FW  : chen-screen on: is_screen_off = 0 
07-06 20:35:31.295  1534 24228 I chatty  : uid=1000(system) Binder:1534_14 expire 6 lines
07-06 20:35:32.037  1534  1596 I chatty  : uid=1000(system) android.bg expire 6 lines
07-06 20:35:32.608  1534 22478 I chatty  : uid=1000 system_server expire 2 lines
07-06 20:35:36.219  1534  2044 I chatty  : uid=1000(system) InputReader expire 4 lines
07-06 20:35:36.552   844  1277 D QMI_FW  : chen-screen off: is_screen_off = 1 
07-06 20:35:36.558  1042  1276 D QMI_FW  : chen-screen off: is_screen_off = 1 
07-06 20:35:36.613  1534 30640 I chatty  : uid=1000(system) Binder:1534_19 expire 2 lines
07-06 20:35:36.763  1534  1641 I chatty  : uid=1000(system) PowerManagerSer expire 24 lines
07-06 20:35:41.628  1534 22482 I chatty  : uid=1000(system) Doraemon-Thread expire 1 line
07-06 20:35:42.099  1534  2358 I chatty  : uid=1000(system) Binder:1534_5 expire 2 lines
07-06 20:35:42.550  1534  3094 I chatty  : uid=1000(system) Binder:1534_A expire 3 lines
07-06 20:35:42.606  1534  4618 I chatty  : uid=1000(system) Binder:1534_1A expire 2 lines
07-06 20:35:46.230  1534  2038 I chatty  : uid=1000(system) AlarmManager expire 19 lines
07-06 20:36:35.714  1534 26766 I chatty  : uid=1000(system) Binder:1534_17 expire 1 line
07-06 20:36:35.718  1534  2459 I chatty  : uid=1000(system) Binder:1534_6 expire 3 lines
07-06 20:36:35.800  1042  1276 D QMI_FW  : chen-screen on: is_screen_off = 0 
07-06 20:36:35.803   844  1277 D QMI_FW  : chen-screen on: is_screen_off = 0 
07-06 20:36:35.807  1534  2077 I chatty  : uid=1000(system) FingerPrintThre expire 4 lines
07-06 20:36:35.874  1534  1534 I chatty  : uid=1000 system_server expire 4 lines
07-06 20:36:35.874  1534 32029 I chatty  : uid=1000(system) Binder:1534_13 expire 3 lines
07-06 20:36:37.816  1534  1599 I chatty  : uid=1000(system) ActivityManager expire 9 lines
07-06 20:37:06.048  1534 19175 I chatty  : uid=1000(system) Binder:1534_15 expire 2 lines
07-06 20:37:37.404  1534  2075 I chatty  : uid=1000(system) ColorBalanceThr expire 3 lines
07-06 20:37:37.476  1534  1534 I chatty  : uid=1000 system_server expire 11 lines
07-06 20:37:37.494  1534 11344 I chatty  : uid=1000(system) Binder:1534_12 expire 4 lines
07-06 20:37:37.495  1534  2479 I chatty  : uid=1000(system) Binder:1534_7 expire 1 line
07-06 20:37:37.496  1534  2077 I chatty  : uid=1000(system) FingerPrintThre expire 23 lines
07-06 20:37:37.708  1534  1641 I chatty  : uid=1000(system) PowerManagerSer expire 5 lines
07-06 20:37:37.767  1534 11343 I chatty  : uid=1000(system) Binder:1534_11 expire 6 lines
07-06 20:37:37.780  1534  3150 I chatty  : uid=1000(system) Binder:1534_10 expire 2 lines
07-06 20:37:37.780  1534  1639 I chatty  : uid=1000(system) android.display expire 1 line
07-06 20:37:37.800  1042  1276 D QMI_FW  : chen-screen off: is_screen_off = 1 
07-06 20:37:37.800   844  1277 D QMI_FW  : chen-screen off: is_screen_off = 1 
07-06 20:37:38.037  1534  3076 I chatty  : uid=1000(system) Binder:1534_8 expire 5 lines
07-06 20:37:38.048  1534 30640 I chatty  : uid=1000(system) Binder:1534_19 expire 3 lines
07-06 20:37:38.090  1534  4618 I chatty  : uid=1000(system) Binder:1534_1A expire 3 lines
07-06 20:37:38.253  1534  3142 I chatty  : uid=1000(system) Binder:1534_D expire 2 lines
07-06 20:37:38.357  1534 26766 I chatty  : uid=1000(system) Binder:1534_17 expire 1 line
07-06 20:37:38.410  1534  1544 I chatty  : uid=1000(system) Binder:1534_1 expire 2 lines
07-06 20:37:38.525  1534  2072 I chatty  : uid=1000(system) Binder:1534_3 expire 4 lines
07-06 20:37:42.869  1534 22862 I chatty  : uid=1000 system_server expire 1 line
07-06 20:37:45.938  1534  2038 I chatty  : uid=1000(system) AlarmManager expire 16 lines
07-06 20:38:51.497  1534  2459 I chatty  : uid=1000(system) Binder:1534_6 expire 2 lines
07-06 20:38:56.596  1534 22891 I chatty  : uid=1000 system_server expire 1 line
07-06 20:39:08.019  1534  1545 I chatty  : uid=1000(system) Binder:1534_2 expire 1 line
07-06 20:39:39.494  1534  1599 I chatty  : uid=1000(system) ActivityManager expire 75 lines
07-06 20:40:13.409  1534  3094 I chatty  : uid=1000(system) Binder:1534_A expire 1 line
07-06 20:40:17.308  1534  1596 I chatty  : uid=1000(system) android.bg expire 21 lines
07-06 20:40:45.312  1534 32029 I chatty  : uid=1000(system) Binder:1534_13 expire 1 line
07-06 20:40:46.065  1534 22958 I chatty  : uid=1000 system_server expire 3 lines
07-06 20:41:10.312  1534  2130 I chatty  : uid=1000(system) Binder:1534_4 expire 2 lines
07-06 20:41:25.119  1534 22969 I chatty  : uid=1000 system_server expire 2 lines
07-06 20:41:29.389  1534  3145 I chatty  : uid=1000(system) Binder:1534_E expire 1 line
07-06 20:41:30.369  1534 22975 I chatty  : uid=1000 system_server expire 1 line
07-06 20:42:03.149  1534 22986 I chatty  : uid=1000 system_server expire 2 lines
07-06 20:42:14.280  1534 22993 I chatty  : uid=1000 system_server expire 1 line
07-06 20:42:20.659  4669  4669 W ContextImpl: Calling a method in the system process without a qualified user: android.app.ContextImpl.bindService:1438 android.content.ContextWrapper.bindService:637 com.loc.aB.pS:-1 com.loc.aB.<init>:-1 java.lang.reflect.Constructor.newInstance0:-2 
07-06 20:42:20.661  1534  2358 I chatty  : uid=1000(system) Binder:1534_5 expire 1 line
07-06 20:42:38.089  1534  2038 I chatty  : uid=1000(system) AlarmManager expire 37 lines
07-06 20:43:30.229  1534  3087 I chatty  : uid=1000(system) Binder:1534_9 expire 4 lines
07-06 20:43:30.231  1534 26767 I chatty  : uid=1000(system) Binder:1534_18 expire 1 line
07-06 20:43:53.498  1534  1612 I chatty  : uid=1000(system) batterystats-sy expire 1 line
07-06 20:51:45.834  1534 23250 I chatty  : uid=1000 system_server expire 1 line
07-06 20:56:05.164  1534 23340 I chatty  : uid=1000 system_server expire 1 line
07-06 20:59:28.011  1534  3149 I chatty  : uid=1000(system) Binder:1534_F expire 3 lines
07-06 21:01:12.450  1534  2072 I chatty  : uid=1000(system) Binder:1534_3 expire 3 lines
07-06 21:01:22.339  1534  2038 I chatty  : uid=1000(system) AlarmManager expire 70 lines
07-06 21:01:22.417  1534  1596 I chatty  : uid=1000(system) android.bg expire 10 lines
07-06 21:01:45.910  1534  1599 I chatty  : uid=1000(system) ActivityManager expire 14 lines
07-06 21:01:55.905  1534  3145 I chatty  : uid=1000(system) Binder:1534_E expire 1 line
07-06 21:01:58.047  1534  2479 I chatty  : uid=1000(system) Binder:1534_7 expire 5 lines
07-06 21:02:46.561  1534  1612 I chatty  : uid=1000(system) batterystats-sy expire 7 lines
07-06 21:02:46.561  1534  1534 I chatty  : uid=1000 system_server expire 8 lines
07-06 21:03:17.172  1534  2459 I chatty  : uid=1000(system) Binder:1534_6 expire 3 lines
07-06 21:03:42.310  1534 23559 I chatty  : uid=1000 system_server expire 2 lines
07-06 21:04:34.272  1534  1544 I chatty  : uid=1000(system) Binder:1534_1 expire 2 lines
07-06 21:04:34.276  1534  3076 I chatty  : uid=1000(system) Binder:1534_8 expire 2 lines
07-06 21:04:34.280  1534  3130 I chatty  : uid=1000(system) Binder:1534_C expire 2 lines
07-06 21:04:34.281  1534  2077 I chatty  : uid=1000(system) FingerPrintThre expire 11 lines
07-06 21:04:35.817  1534  2358 I chatty  : uid=1000(system) Binder:1534_5 expire 1 line
07-06 21:05:07.133  1534  2050 I chatty  : uid=1000(system) NetworkStats expire 1 line
07-06 21:05:07.212  1534 23580 I chatty  : uid=1000 system_server expire 3 lines
07-06 21:05:07.453  1534  2060 I chatty  : uid=1000(system) ConnectivitySer expire 33 lines
07-06 21:05:08.629  7180  7302 W ContextImpl: Calling a method in the system process without a qualified user: android.app.ContextImpl.startService:1374 android.content.ContextWrapper.startService:614 com.oneplus.security.firewall.NetworkRestrictService.applyRules:154 com.oneplus.security.receiver.NetworkStateUtils.onReceiveNetWorkStateChanged:127 com.oneplus.security.SecureService$AsynHandler.handleMessage:74 
07-06 21:05:09.372  1534  2055 I chatty  : uid=1000(system) WifiStateMachin expire 2 lines
07-06 21:05:09.387  1534  2056 I chatty  : uid=1000(system) IpManager.wlan0 expire 4 lines
07-06 21:05:09.628  5415  5415 W ContextImpl: Calling a method in the system process without a qualified user: android.app.ContextImpl.startService:1374 android.content.ContextWrapper.startService:614 com.oneplus.opbackup.service.BackupService.startService:44 com.oneplus.opbackup.receiver.CheckUpdateReceiver.startOTAService:144 com.oneplus.opbackup.receiver.NetworkListenerService$NetworkChangeReceive.onReceive:46 
07-06 21:05:10.597  7180  7302 W ContextImpl: Calling a method in the system process without a qualified user: android.app.ContextImpl.startService:1374 android.content.ContextWrapper.startService:614 com.oneplus.security.firewall.NetworkRestrictService.applyRules:154 com.oneplus.security.receiver.NetworkStateUtils.onReceiveNetWorkStateChanged:127 com.oneplus.security.SecureService$AsynHandler.handleMessage:74 
07-06 21:05:12.302  1534 23690 I chatty  : uid=1000 system_server expire 2 lines
07-06 21:05:13.614  1534 26767 I chatty  : uid=1000(system) Binder:1534_18 expire 3 lines
07-06 21:05:17.626  1534 23698 I chatty  : uid=1000 system_server expire 1 line
07-06 21:05:47.572  1534 19175 I chatty  : uid=1000(system) Binder:1534_15 expire 3 lines
07-06 21:06:26.495  1534 22730 I chatty  : uid=1000(system) Binder:1534_16 expire 1 line
07-06 21:06:33.625  1534  1545 I chatty  : uid=1000(system) Binder:1534_2 expire 2 lines
07-06 21:07:32.064  1534  4618 I chatty  : uid=1000(system) Binder:1534_1A expire 1 line
07-06 21:07:40.844  1534 23784 I chatty  : uid=1000 system_server expire 1 line
07-06 21:11:02.676  1534  3087 I chatty  : uid=1000(system) Binder:1534_9 expire 5 lines
07-06 21:12:00.674  1534  3150 I chatty  : uid=1000(system) Binder:1534_10 expire 3 lines
07-06 21:12:00.725  1534 26766 I chatty  : uid=1000(system) Binder:1534_17 expire 1 line
07-06 21:12:00.730  1534  2077 I chatty  : uid=1000(system) FingerPrintThre expire 10 lines
07-06 21:12:01.736  1534 24228 I chatty  : uid=1000(system) Binder:1534_14 expire 2 lines
07-06 21:12:01.748  1534  1641 I chatty  : uid=1000(system) PowerManagerSer expire 13 lines
07-06 21:12:01.750  1534  2075 I chatty  : uid=1000(system) ColorBalanceThr expire 2 lines
07-06 21:12:01.783  1534  3128 I chatty  : uid=1000(system) Binder:1534_B expire 1 line
07-06 21:12:01.815  1534  1639 I chatty  : uid=1000(system) android.display expire 3 lines
07-06 21:12:01.844  1042  1276 D QMI_FW  : chen-screen on: is_screen_off = 0 
07-06 21:12:01.844   844  1277 D QMI_FW  : chen-screen on: is_screen_off = 0 
07-06 21:12:01.851  1534  1601 I chatty  : uid=1000(system) android.ui expire 5 lines
07-06 21:12:01.878  1534 11344 I chatty  : uid=1000(system) Binder:1534_12 expire 3 lines
07-06 21:12:02.005  1534 11343 I chatty  : uid=1000(system) Binder:1534_11 expire 2 lines
07-06 21:12:02.029  1534  2130 I chatty  : uid=1000(system) Binder:1534_4 expire 1 line
07-06 21:12:02.747  1534  1596 I chatty  : uid=1000(system) android.bg expire 3 lines
07-06 21:12:07.354  1534  2038 I chatty  : uid=1000(system) AlarmManager expire 20 lines
07-06 21:12:09.940  1534  1641 I chatty  : uid=1000(system) PowerManagerSer expire 15 lines
07-06 21:12:11.830  1534 30640 I chatty  : uid=1000(system) Binder:1534_19 expire 5 lines
07-06 21:12:11.849  1534  1599 I chatty  : uid=1000(system) ActivityManager expire 16 lines
07-06 21:12:12.308  1534  3128 I chatty  : uid=1000(system) Binder:1534_B expire 3 lines
07-06 21:12:17.375  1534  1596 I chatty  : uid=1000(system) android.bg expire 17 lines
07-06 21:12:18.386  1534  2130 I chatty  : uid=1000(system) Binder:1534_4 expire 1 line
07-06 21:12:19.276  1534  2044 I chatty  : uid=1000(system) InputReader expire 2 lines
07-06 21:12:19.278  1534  2075 I chatty  : uid=1000(system) ColorBalanceThr expire 5 lines
07-06 21:12:19.335  1534  1534 I chatty  : uid=1000 system_server expire 17 lines
07-06 21:12:19.379  1534  3149 I chatty  : uid=1000(system) Binder:1534_F expire 4 lines
07-06 21:12:19.379  1534  2479 I chatty  : uid=1000(system) Binder:1534_7 expire 2 lines
07-06 21:12:19.380  1534  2077 I chatty  : uid=1000(system) FingerPrintThre expire 10 lines
07-06 21:12:19.612  1534  1639 I chatty  : uid=1000(system) android.display expire 4 lines
07-06 21:12:19.624  1534  3145 I chatty  : uid=1000(system) Binder:1534_E expire 1 line
07-06 21:12:19.626  1042  1276 D QMI_FW  : chen-screen off: is_screen_off = 1 
07-06 21:12:19.626   844  1277 D QMI_FW  : chen-screen off: is_screen_off = 1 
07-06 21:12:19.700  1534 11344 I chatty  : uid=1000(system) Binder:1534_12 expire 3 lines
07-06 21:12:19.874  1534  3094 I chatty  : uid=1000(system) Binder:1534_A expire 6 lines
07-06 21:12:19.900  1534 26766 I chatty  : uid=1000(system) Binder:1534_17 expire 4 lines
07-06 21:12:20.109  1534  4618 I chatty  : uid=1000(system) Binder:1534_1A expire 1 line
07-06 21:12:24.690  1534 24056 I chatty  : uid=1000 system_server expire 2 lines
07-06 21:12:53.330  1534 24228 I chatty  : uid=1000(system) Binder:1534_14 expire 2 lines
07-06 21:12:53.332  1534 32029 I chatty  : uid=1000(system) Binder:1534_13 expire 2 lines
07-06 21:12:53.333  1534  1545 I chatty  : uid=1000(system) Binder:1534_2 expire 1 line
07-06 21:12:53.401  1534 19175 I chatty  : uid=1000(system) Binder:1534_15 expire 1 line
07-06 21:12:53.417  1042  1276 D QMI_FW  : chen-screen on: is_screen_off = 0 
07-06 21:12:53.421   844  1277 D QMI_FW  : chen-screen on: is_screen_off = 0 
07-06 21:12:53.428  1534  3076 I chatty  : uid=1000(system) Binder:1534_8 expire 2 lines
07-06 21:12:53.428  1534  2077 I chatty  : uid=1000(system) FingerPrintThre expire 1 line
07-06 21:12:53.436  1534  3087 I chatty  : uid=1000(system) Binder:1534_9 expire 2 lines
07-06 21:12:53.438  1534  1601 I chatty  : uid=1000(system) android.ui expire 5 lines
07-06 21:12:53.441  1534  1544 I chatty  : uid=1000(system) Binder:1534_1 expire 1 line
07-06 21:12:53.456  1534  3130 I chatty  : uid=1000(system) Binder:1534_C expire 3 lines
07-06 21:12:53.464  1534  1641 I chatty  : uid=1000(system) PowerManagerSer expire 5 lines
07-06 21:12:53.518  1534  3142 I chatty  : uid=1000(system) Binder:1534_D expire 2 lines
07-06 21:12:53.563  1534  3150 I chatty  : uid=1000(system) Binder:1534_10 expire 1 line
07-06 21:12:53.604  1534 22730 I chatty  : uid=1000(system) Binder:1534_16 expire 11 lines
07-06 21:13:01.096  1534  1638 I chatty  : uid=1000(system) android.io expire 2 lines
07-06 21:13:01.355  1534  2459 I chatty  : uid=1000(system) Binder:1534_6 expire 3 lines
07-06 21:13:04.197  1534  1636 I chatty  : uid=1000(system) android.fg expire 14 lines
07-06 21:13:04.197  1534  2050 I chatty  : uid=1000(system) NetworkStats expire 40 lines
07-06 21:13:08.657  1534  1612 I chatty  : uid=1000(system) batterystats-sy expire 2 lines
07-06 21:13:08.696  1534 24368 I chatty  : uid=1000 system_server expire 1 line
07-06 21:13:53.828  1534 26767 I chatty  : uid=1000(system) Binder:1534_18 expire 12 lines
07-06 21:14:08.682  1534  2060 I chatty  : uid=1000(system) ConnectivitySer expire 4 lines
07-06 21:14:11.674  1534  1598 I chatty  : uid=1000(system) EmbryoManager expire 1 line
07-06 21:14:18.293  1534  2050 I chatty  : uid=1000(system) NetworkStats expire 5 lines
07-06 21:14:19.685  1534 19175 I chatty  : uid=1000(system) Binder:1534_15 expire 3 lines
07-06 21:14:19.711  1534  1599 I chatty  : uid=1000(system) ActivityManager expire 13 lines
07-06 21:14:30.858  1534 30640 I chatty  : uid=1000(system) Binder:1534_19 expire 1 line
07-06 21:14:32.839  1534  3142 I chatty  : uid=1000(system) Binder:1534_D expire 2 lines
07-06 21:14:34.792  1534  2130 I chatty  : uid=1000(system) Binder:1534_4 expire 1 line
07-06 21:14:35.772  1534  3094 I chatty  : uid=1000(system) Binder:1534_A expire 2 lines
07-06 21:14:36.507  1534  3145 I chatty  : uid=1000(system) Binder:1534_E expire 2 lines
07-06 21:14:43.223  1534  3150 I chatty  : uid=1000(system) Binder:1534_10 expire 1 line
07-06 21:14:47.321  1534  1545 I chatty  : uid=1000(system) Binder:1534_2 expire 3 lines
07-06 21:14:48.433  1534 32029 I chatty  : uid=1000(system) Binder:1534_13 expire 2 lines
07-06 21:14:52.668  1534 26766 I chatty  : uid=1000(system) Binder:1534_17 expire 4 lines
07-06 21:15:00.001  1534  2038 I chatty  : uid=1000(system) AlarmManager expire 10 lines
07-06 21:15:06.153  1534  1640 I chatty  : uid=1000(system) CpuTracker expire 2 lines
07-06 21:15:06.156  1534  1612 I chatty  : uid=1000(system) batterystats-sy expire 4 lines
07-06 21:15:09.100  1534  1534 I chatty  : uid=1000 system_server expire 69 lines
07-06 21:15:44.755  1534  3087 I chatty  : uid=1000(system) Binder:1534_9 expire 4 lines
07-06 21:15:44.955  1534  1636 I chatty  : uid=1000(system) android.fg expire 1 line
07-06 21:15:46.460  2207  2207 V DeadZone: consuming errant click: (758.0,8.0)
07-06 21:15:46.588  1534  1599 I chatty  : uid=1000(system) ActivityManager expire 14 lines
07-06 21:15:47.592  1534  3149 I chatty  : uid=1000(system) Binder:1534_F expire 2 lines
07-06 21:15:50.219  1534  3130 I chatty  : uid=1000(system) Binder:1534_C expire 4 lines
07-06 21:15:54.383  1534  1596 I chatty  : uid=1000(system) android.bg expire 8 lines
07-06 21:16:07.811  1534 22730 I chatty  : uid=1000(system) Binder:1534_16 expire 4 lines
07-06 21:16:15.272  1534 11344 I chatty  : uid=1000(system) Binder:1534_12 expire 2 lines
07-06 21:16:17.442  1534  2479 I chatty  : uid=1000(system) Binder:1534_7 expire 5 lines
07-06 21:16:29.703  1534  1641 I chatty  : uid=1000(system) PowerManagerSer expire 8 lines
07-06 21:16:42.039  1534  2044 I chatty  : uid=1000(system) InputReader expire 3 lines
07-06 21:16:42.481  1534 11343 I chatty  : uid=1000(system) Binder:1534_11 expire 1 line
07-06 21:16:56.100  1534  1544 I chatty  : uid=1000(system) Binder:1534_1 expire 3 lines
07-06 21:16:58.722  1534  2075 I chatty  : uid=1000(system) ColorBalanceThr expire 3 lines
07-06 21:16:58.800  1534  2077 I chatty  : uid=1000(system) FingerPrintThre expire 12 lines
07-06 21:16:59.048  1534  1639 I chatty  : uid=1000(system) android.display expire 1 line
07-06 21:16:59.060  1534  3076 I chatty  : uid=1000(system) Binder:1534_8 expire 1 line
07-06 21:16:59.063   844  1277 D QMI_FW  : chen-screen off: is_screen_off = 1 
07-06 21:16:59.064  1042  1276 D QMI_FW  : chen-screen off: is_screen_off = 1 
07-06 21:16:59.258  1534  3128 I chatty  : uid=1000(system) Binder:1534_B expire 2 lines
07-06 21:17:00.001  1534  2038 I chatty  : uid=1000(system) AlarmManager expire 17 lines
07-06 21:17:04.145  1534 24843 I chatty  : uid=1000 system_server expire 1 line
07-06 21:17:10.630  1534 24848 I chatty  : uid=1000 system_server expire 1 line
07-06 21:19:54.777  1534 26767 I chatty  : uid=1000(system) Binder:1534_18 expire 4 lines
07-06 21:20:11.542  1534  2358 I chatty  : uid=1000(system) Binder:1534_5 expire 1 line
07-06 21:20:11.543  1534  2060 I chatty  : uid=1000(system) ConnectivitySer expire 1 line
07-06 21:20:12.256  1534 24961 I chatty  : uid=1000 system_server expire 2 lines
07-06 21:20:26.984  1534 24956 I chatty  : uid=1000(system) Binder:1534_1D expire 2 lines
07-06 21:20:28.552  1534 24993 I chatty  : uid=1000 system_server expire 3 lines
07-06 21:21:12.844  1534  4618 I chatty  : uid=1000(system) Binder:1534_1A expire 4 lines
07-06 21:21:13.146  1534 24228 I chatty  : uid=1000(system) Binder:1534_14 expire 2 lines
07-06 21:21:23.355  1534 25020 I chatty  : uid=1000 system_server expire 1 line
07-06 21:22:02.136 17259 17259 W ContextImpl: Calling a method in the system process without a qualified user: android.app.ContextImpl.startService:1374 android.content.ContextWrapper.startService:614 android.content.ContextWrapper.startService:614 net.oneplus.widget.appwidget.WeatherDataReceiver.onReceive:30 android.app.ActivityThread.handleReceiver:3230 
07-06 21:22:11.436  1534  2038 I chatty  : uid=1000(system) AlarmManager expire 12 lines
07-06 21:22:31.751  1534  2127 I chatty  : uid=1000(system) SuspenPorcessTh expire 1 line
07-06 21:23:57.272  1534  1534 I chatty  : uid=1000 system_server expire 9 lines
07-06 21:24:47.330  1534  1596 I chatty  : uid=1000(system) android.bg expire 9 lines
07-06 21:24:47.441  1534 25161 I chatty  : uid=1000 system_server expire 4 lines
07-06 21:25:05.899  1534  2038 I chatty  : uid=1000(system) AlarmManager expire 26 lines
07-06 21:25:05.923  1534  1612 I chatty  : uid=1000(system) batterystats-sy expire 16 lines
07-06 21:25:19.000  1534  3094 I chatty  : uid=1000(system) Binder:1534_A expire 4 lines
07-06 21:25:21.086  1534  2479 I chatty  : uid=1000(system) Binder:1534_7 expire 1 line
07-06 21:25:23.370  1534 25200 I chatty  : uid=1000 system_server expire 1 line
07-06 21:25:36.016  1534  1545 I chatty  : uid=1000(system) Binder:1534_2 expire 2 lines
07-06 21:26:46.127  1534 19175 I chatty  : uid=1000(system) Binder:1534_15 expire 4 lines
07-06 21:26:48.629  1534 30640 I chatty  : uid=1000(system) Binder:1534_19 expire 3 lines
07-06 21:27:19.511  1534 26767 I chatty  : uid=1000(system) Binder:1534_18 expire 2 lines
07-06 21:27:22.045  1534 25271 I chatty  : uid=1000 system_server expire 2 lines
07-06 21:27:28.563  1534  2459 I chatty  : uid=1000(system) Binder:1534_6 expire 1 line
07-06 21:27:32.431  1534  3076 I chatty  : uid=1000(system) Binder:1534_8 expire 6 lines
07-06 21:27:32.704  1534 25280 I chatty  : uid=1000 system_server expire 3 lines
07-06 21:27:37.619  1534 26766 I chatty  : uid=1000(system) Binder:1534_17 expire 3 lines
07-06 21:27:39.180  1534 25282 I chatty  : uid=1000 system_server expire 1 line
07-06 21:27:42.608  1534 22730 I chatty  : uid=1000(system) Binder:1534_16 expire 3 lines
07-06 21:27:47.346  1534 24956 I chatty  : uid=1000(system) Binder:1534_1D expire 3 lines
07-06 21:27:50.464  1534 25289 I chatty  : uid=1000 system_server expire 3 lines
07-06 21:29:02.917  1534 25307 I chatty  : uid=1000 system_server expire 3 lines
07-06 21:29:03.067  1534  3128 I chatty  : uid=1000(system) Binder:1534_B expire 2 lines
07-06 21:29:32.662  1534 25323 I chatty  : uid=1000 system_server expire 3 lines
07-06 21:30:21.271  1534  3145 I chatty  : uid=1000(system) Binder:1534_E expire 3 lines
07-06 21:30:22.096  1534 25335 I chatty  : uid=1000 system_server expire 2 lines
07-06 21:31:01.687  1534 25344 I chatty  : uid=1000 system_server expire 2 lines
07-06 21:31:44.389  1534 25354 I chatty  : uid=1000 system_server expire 3 lines
07-06 21:32:23.487  1534  3130 I chatty  : uid=1000(system) Binder:1534_C expire 3 lines
07-06 21:32:36.011  1534  4618 I chatty  : uid=1000(system) Binder:1534_1A expire 1 line
07-06 21:32:36.337  1534 25368 I chatty  : uid=1000 system_server expire 3 lines
07-06 21:32:48.938  1534  2077 I chatty  : uid=1000(system) FingerPrintThre expire 10 lines
07-06 21:32:49.225  1534  3150 I chatty  : uid=1000(system) Binder:1534_10 expire 1 line
07-06 21:32:49.230  1534  1641 I chatty  : uid=1000(system) PowerManagerSer expire 47 lines
07-06 21:32:49.230  1534  2075 I chatty  : uid=1000(system) ColorBalanceThr expire 2 lines
07-06 21:32:49.253  1534  1639 I chatty  : uid=1000(system) android.display expire 3 lines
07-06 21:32:49.297  1534 24228 I chatty  : uid=1000(system) Binder:1534_14 expire 1 line
07-06 21:32:49.297  1534  1601 I chatty  : uid=1000(system) android.ui expire 5 lines
07-06 21:32:49.314  1534 11344 I chatty  : uid=1000(system) Binder:1534_12 expire 1 line
07-06 21:32:49.320  1042  1276 D QMI_FW  : chen-screen on: is_screen_off = 0 
07-06 21:32:49.322   844  1277 D QMI_FW  : chen-screen on: is_screen_off = 0 
07-06 21:32:49.414  1534  3087 I chatty  : uid=1000(system) Binder:1534_9 expire 1 line
07-06 21:32:49.468  1534  2130 I chatty  : uid=1000(system) Binder:1534_4 expire 2 lines
07-06 21:32:49.954  1534  1638 I chatty  : uid=1000(system) android.io expire 2 lines
07-06 21:32:50.735  1534 25426 I chatty  : uid=1000 system_server expire 4 lines
07-06 21:32:53.203  1534  1599 I chatty  : uid=1000(system) ActivityManager expire 15 lines
07-06 21:32:53.835  1534  1636 I chatty  : uid=1000(system) android.fg expire 2 lines
07-06 21:32:53.835  1534  2050 I chatty  : uid=1000(system) NetworkStats expire 7 lines
07-06 21:32:58.019  1534 11343 I chatty  : uid=1000(system) Binder:1534_11 expire 1 line
07-06 21:33:00.002  1534  2038 I chatty  : uid=1000(system) AlarmManager expire 19 lines
07-06 21:33:13.532  1534  1544 I chatty  : uid=1000(system) Binder:1534_1 expire 1 line
07-06 21:33:30.374  1534  2358 I chatty  : uid=1000(system) Binder:1534_5 expire 2 lines
07-06 21:34:55.854  1534  1641 I chatty  : uid=1000(system) PowerManagerSer expire 53 lines
07-06 21:35:00.001  1534  2038 I chatty  : uid=1000(system) AlarmManager expire 32 lines
07-06 21:35:03.113  1534  2044 I chatty  : uid=1000(system) InputReader expire 2 lines
07-06 21:35:03.116  1534  2075 I chatty  : uid=1000(system) ColorBalanceThr expire 3 lines
07-06 21:35:03.173  1534  1534 I chatty  : uid=1000 system_server expire 11 lines
07-06 21:35:03.195  1534  3076 I chatty  : uid=1000(system) Binder:1534_8 expire 1 line
07-06 21:35:03.197  1534 24228 I chatty  : uid=1000(system) Binder:1534_14 expire 2 lines
07-06 21:35:03.198  1534  2077 I chatty  : uid=1000(system) FingerPrintThre expire 7 lines
07-06 21:35:03.424  1534  1639 I chatty  : uid=1000(system) android.display expire 1 line
07-06 21:35:03.432  1534  3087 I chatty  : uid=1000(system) Binder:1534_9 expire 1 line
07-06 21:35:03.436   844  1277 D QMI_FW  : chen-screen off: is_screen_off = 1 
07-06 21:35:03.437  1042  1276 D QMI_FW  : chen-screen off: is_screen_off = 1 
07-06 21:35:03.508  1534 19175 I chatty  : uid=1000(system) Binder:1534_15 expire 4 lines
07-06 21:35:03.663  1534  2459 I chatty  : uid=1000(system) Binder:1534_6 expire 1 line
07-06 21:35:03.684  1534  3094 I chatty  : uid=1000(system) Binder:1534_A expire 1 line
07-06 21:35:03.741  1534 26767 I chatty  : uid=1000(system) Binder:1534_18 expire 1 line
07-06 21:35:03.787  1534  1544 I chatty  : uid=1000(system) Binder:1534_1 expire 1 line
07-06 21:35:03.789  1534  3130 I chatty  : uid=1000(system) Binder:1534_C expire 2 lines
07-06 21:35:03.793  1534  2479 I chatty  : uid=1000(system) Binder:1534_7 expire 3 lines
07-06 21:35:08.514  1534 25871 I chatty  : uid=1000 system_server expire 1 line
07-06 21:35:25.516  1534  1612 I chatty  : uid=1000(system) batterystats-sy expire 26 lines
07-06 21:35:55.713  1534  1596 I chatty  : uid=1000(system) android.bg expire 14 lines
07-06 21:36:59.429  1534  3142 I chatty  : uid=1000(system) Binder:1534_D expire 4 lines
07-06 21:37:02.874  1534 25933 I chatty  : uid=1000 system_server expire 2 lines
07-06 21:37:24.901  1534  3150 I chatty  : uid=1000(system) Binder:1534_10 expire 1 line
07-06 21:37:50.302  1534 22730 I chatty  : uid=1000(system) Binder:1534_16 expire 1 line
07-06 21:38:40.741  1534 24954 I chatty  : uid=1000(system) Binder:1534_1B expire 1 line
07-06 21:40:45.417  1534  1599 I chatty  : uid=1000(system) ActivityManager expire 8 lines
07-06 21:42:42.628  1534 26142 I chatty  : uid=1000 system_server expire 3 lines
07-06 21:43:16.473  1534 26154 I chatty  : uid=1000 system_server expire 1 line
07-06 21:43:39.213  1534 26174 I chatty  : uid=1000 system_server expire 1 line
07-06 21:43:41.912  1534 30640 I chatty  : uid=1000(system) Binder:1534_19 expire 1 line
07-06 21:43:46.712  1534 26190 I chatty  : uid=1000 system_server expire 2 lines
07-06 21:45:24.261  1534 26239 I chatty  : uid=1000 system_server expire 2 lines
07-06 21:45:32.073  1534 26244 I chatty  : uid=1000 system_server expire 2 lines
07-06 21:46:55.039  1534  1545 I chatty  : uid=1000(system) Binder:1534_2 expire 1 line
07-06 21:46:56.271  1534 26263 I chatty  : uid=1000 system_server expire 2 lines
07-06 21:48:09.557  1534 26275 I chatty  : uid=1000 system_server expire 1 line
07-06 21:52:05.930  1534 32029 I chatty  : uid=1000(system) Binder:1534_13 expire 61 lines
07-06 21:52:27.968  1534 26767 I chatty  : uid=1000(system) Binder:1534_18 expire 1 line
07-06 21:52:35.459  1534  2038 I chatty  : uid=1000(system) AlarmManager expire 58 lines
07-06 21:52:59.741  1534 11344 I chatty  : uid=1000(system) Binder:1534_12 expire 2 lines
07-06 21:53:01.894  1534 22730 I chatty  : uid=1000(system) Binder:1534_16 expire 1 line
07-06 21:53:57.269  1534  1534 I chatty  : uid=1000 system_server expire 4 lines
07-06 21:54:09.863  1534  1612 I chatty  : uid=1000(system) batterystats-sy expire 60 lines
07-06 21:55:16.261  1534  1596 I chatty  : uid=1000(system) android.bg expire 15 lines
07-06 21:58:09.330  1534  1545 I chatty  : uid=1000(system) Binder:1534_2 expire 2 lines
07-06 21:58:12.241  1534 26498 I chatty  : uid=1000 system_server expire 1 line
07-06 21:58:33.658  1534  1599 I chatty  : uid=1000(system) ActivityManager expire 9 lines
07-06 22:02:15.959  1534 26563 I chatty  : uid=1000 system_server expire 1 line
07-06 22:03:22.770  1534  3087 I chatty  : uid=1000(system) Binder:1534_9 expire 1 line
07-06 22:03:33.853  1534 26576 I chatty  : uid=1000 system_server expire 1 line
07-06 22:04:01.861  1534  3142 I chatty  : uid=1000(system) Binder:1534_D expire 1 line
07-06 22:04:14.614  1534  2479 I chatty  : uid=1000(system) Binder:1534_7 expire 2 lines
07-06 22:04:18.763  1534  2072 I chatty  : uid=1000(system) Binder:1534_3 expire 54 lines
07-06 22:04:22.923  1534 24228 I chatty  : uid=1000(system) Binder:1534_14 expire 3 lines
07-06 22:04:23.872  1534 26597 I chatty  : uid=1000 system_server expire 1 line
07-06 22:07:20.558  1534  3150 I chatty  : uid=1000(system) Binder:1534_10 expire 3 lines
07-06 22:07:38.630  1534  3094 I chatty  : uid=1000(system) Binder:1534_A expire 1 line
07-06 22:08:56.067  1534 26662 I chatty  : uid=1000 system_server expire 2 lines
07-06 22:08:56.106  1534  3076 I chatty  : uid=1000(system) Binder:1534_8 expire 1 line
07-06 22:10:13.959  1534 26671 I chatty  : uid=1000 system_server expire 2 lines
07-06 22:11:28.785  1534  2358 I chatty  : uid=1000(system) Binder:1534_5 expire 1 line
07-06 22:11:29.675  1534 26677 I chatty  : uid=1000 system_server expire 2 lines
07-06 22:12:18.166  1534  2130 I chatty  : uid=1000(system) Binder:1534_4 expire 3 lines
07-06 22:13:18.591  1534 26686 I chatty  : uid=1000 system_server expire 2 lines
07-06 22:13:34.632  1534 30640 I chatty  : uid=1000(system) Binder:1534_19 expire 1 line
07-06 22:13:41.667  1534  2050 I chatty  : uid=1000(system) NetworkStats expire 1 line
07-06 22:13:42.719  1534 26707 I chatty  : uid=1000 system_server expire 1 line
07-06 22:16:16.003  1534 19175 I chatty  : uid=1000(system) Binder:1534_15 expire 1 line
07-06 22:16:49.933  1534 11343 I chatty  : uid=1000(system) Binder:1534_11 expire 1 line
07-06 22:17:25.809  1534 24955 I chatty  : uid=1000(system) Binder:1534_1C expire 6 lines
07-06 22:17:25.924  1534 24956 I chatty  : uid=1000(system) Binder:1534_1D expire 1 line
07-06 22:17:26.026  1534  4618 I chatty  : uid=1000(system) Binder:1534_1A expire 1 line
07-06 22:21:05.838  1534 26862 I chatty  : uid=1000 system_server expire 1 line
07-06 22:22:06.474  1534  2072 I chatty  : uid=1000(system) Binder:1534_3 expire 7 lines
07-06 22:22:31.246  1534  1612 I chatty  : uid=1000(system) batterystats-sy expire 15 lines
07-06 22:22:31.323  1534  1596 I chatty  : uid=1000(system) android.bg expire 13 lines
07-06 22:23:22.814  1534  2038 I chatty  : uid=1000(system) AlarmManager expire 40 lines
07-06 22:23:23.870  1534  1599 I chatty  : uid=1000(system) ActivityManager expire 22 lines
07-06 22:23:42.080  1534  3087 I chatty  : uid=1000(system) Binder:1534_9 expire 2 lines
07-06 22:23:57.267  1534  1534 I chatty  : uid=1000 system_server expire 5 lines
07-06 22:24:03.113  1534 24954 I chatty  : uid=1000(system) Binder:1534_1B expire 3 lines
07-06 22:24:05.157  1534  3142 I chatty  : uid=1000(system) Binder:1534_D expire 1 line
07-06 22:27:31.014  1534 26766 I chatty  : uid=1000(system) Binder:1534_17 expire 1 line
07-06 22:27:37.667  1534  3128 I chatty  : uid=1000(system) Binder:1534_B expire 2 lines
07-06 22:27:54.599  1534  3094 I chatty  : uid=1000(system) Binder:1534_A expire 3 lines
07-06 22:27:56.190  1534 27026 I chatty  : uid=1000 system_server expire 1 line
07-06 22:28:01.199  1534 24956 I chatty  : uid=1000(system) Binder:1534_1D expire 1 line
07-06 22:28:03.755  1534 27028 I chatty  : uid=1000 system_server expire 1 line
07-06 22:28:12.916  1534 27047 I chatty  : uid=1000 system_server expire 1 line
