07-07 09:04:04.951  1534  1599 I chatty  : uid=1000(system) ActivityManager expire 17 lines
07-07 09:04:54.550  1534 30640 I chatty  : uid=1000(system) Binder:1534_19 expire 3 lines
07-07 09:05:59.949  1534  2050 I chatty  : uid=1000(system) NetworkStats expire 1 line
07-07 09:06:55.004  1534  3142 I chatty  : uid=1000(system) Binder:1534_D expire 2 lines
07-07 09:08:01.112  1534  3076 I chatty  : uid=1000(system) Binder:1534_8 expire 2 lines
07-07 09:08:06.984  1534  9784 I chatty  : uid=1000 system_server expire 2 lines
07-07 09:09:31.764  1534  9795 I chatty  : uid=1000 system_server expire 1 line
07-07 09:10:42.371  1534  3128 I chatty  : uid=1000(system) Binder:1534_B expire 1 line
07-07 09:10:47.280  1534  9804 I chatty  : uid=1000 system_server expire 1 line
07-07 09:19:22.805  1534  1544 I chatty  : uid=1000(system) Binder:1534_1 expire 1 line
07-07 09:19:23.469  1534  9960 I chatty  : uid=1000 system_server expire 1 line
07-07 09:21:06.281  1534  9974 I chatty  : uid=1000 system_server expire 1 line
07-07 09:21:34.255  1534 24228 I chatty  : uid=1000(system) Binder:1534_14 expire 1 line
07-07 09:21:58.379  1534  9996 I chatty  : uid=1000 system_server expire 2 lines
07-07 09:22:55.283  1534 19175 I chatty  : uid=1000(system) Binder:1534_15 expire 1 line
07-07 09:23:19.374  1534 10008 I chatty  : uid=1000 system_server expire 1 line
07-07 09:31:45.291  1534  1599 I chatty  : uid=1000(system) ActivityManager expire 13 lines
07-07 09:31:47.483  1534  1612 I chatty  : uid=1000(system) batterystats-sy expire 44 lines
07-07 09:31:47.546  1534  1596 I chatty  : uid=1000(system) android.bg expire 19 lines
07-07 09:31:59.510  1534  2038 I chatty  : uid=1000(system) AlarmManager expire 54 lines
07-07 09:31:59.721  1534 24954 I chatty  : uid=1000(system) Binder:1534_1B expire 1 line
07-07 09:32:15.056  1534 26766 I chatty  : uid=1000(system) Binder:1534_17 expire 2 lines
07-07 09:32:15.223  1534 10225 I chatty  : uid=1000 system_server expire 1 line
07-07 09:32:25.150  1534  3087 I chatty  : uid=1000(system) Binder:1534_9 expire 4 lines
07-07 09:32:26.702  1534 10231 I chatty  : uid=1000 system_server expire 1 line
07-07 09:32:59.914  1534 10247 I chatty  : uid=1000 system_server expire 2 lines
07-07 09:33:57.267  1534  1534 I chatty  : uid=1000 system_server expire 9 lines
07-07 09:34:17.751  1534  2050 I chatty  : uid=1000(system) NetworkStats expire 1 line
07-07 09:34:17.950  1534  3142 I chatty  : uid=1000(system) Binder:1534_D expire 4 lines
07-07 09:34:18.526 31305 31305 W ContextImpl: Calling a method in the system process without a qualified user: android.app.ContextImpl.startService:1374 android.content.ContextWrapper.startService:614 android.content.ContextWrapper.startService:614 net.oneplus.widget.appwidget.WeatherDataReceiver.onReceive:30 android.app.ActivityThread.handleReceiver:3230 
07-07 09:34:51.945  1534  4618 I chatty  : uid=1000(system) Binder:1534_1A expire 3 lines
07-07 09:34:53.475  1534  2127 I chatty  : uid=1000(system) SuspenPorcessTh expire 1 line
07-07 09:36:11.252  1534 10356 I chatty  : uid=1000 system_server expire 3 lines
07-07 09:37:17.252  1534  3128 I chatty  : uid=1000(system) Binder:1534_B expire 2 lines
07-07 09:37:22.192  1534 10370 I chatty  : uid=1000 system_server expire 1 line
07-07 09:38:55.227  1534 26767 I chatty  : uid=1000(system) Binder:1534_18 expire 1 line
07-07 09:40:18.354  1534 32029 I chatty  : uid=1000(system) Binder:1534_13 expire 2 lines
07-07 09:40:37.156  1534  2358 I chatty  : uid=1000(system) Binder:1534_5 expire 1 line
07-07 09:41:13.726  1534 10464 I chatty  : uid=1000 system_server expire 2 lines
07-07 09:42:41.478  1534  3145 I chatty  : uid=1000(system) Binder:1534_E expire 5 lines
07-07 09:42:44.699  1534 10501 I chatty  : uid=1000 system_server expire 3 lines
07-07 09:44:27.830  1534  2130 I chatty  : uid=1000(system) Binder:1534_4 expire 3 lines
07-07 09:44:27.942  1534 11343 I chatty  : uid=1000(system) Binder:1534_11 expire 1 line
07-07 09:44:28.013  1534  3150 I chatty  : uid=1000(system) Binder:1534_10 expire 4 lines
07-07 09:44:28.055  1534 24955 I chatty  : uid=1000(system) Binder:1534_1C expire 2 lines
07-07 09:44:28.073  1534  2459 I chatty  : uid=1000(system) Binder:1534_6 expire 3 lines
07-07 09:44:43.612  1534  3149 I chatty  : uid=1000(system) Binder:1534_F expire 3 lines
07-07 09:45:16.335  1534  3130 I chatty  : uid=1000(system) Binder:1534_C expire 1 line
07-07 09:47:28.051  1534 24228 I chatty  : uid=1000(system) Binder:1534_14 expire 2 lines
07-07 09:47:51.498  1534 19175 I chatty  : uid=1000(system) Binder:1534_15 expire 1 line
07-07 09:47:56.406  1534 10673 I chatty  : uid=1000 system_server expire 2 lines
07-07 09:54:24.029  1534 10791 I chatty  : uid=1000 system_server expire 1 line
07-07 09:55:56.571  1534  1544 I chatty  : uid=1000(system) Binder:1534_1 expire 1 line
07-07 09:55:56.572  1534  1545 I chatty  : uid=1000(system) Binder:1534_2 expire 2 lines
07-07 09:55:56.573  1534  3076 I chatty  : uid=1000(system) Binder:1534_8 expire 6 lines
07-07 09:55:56.576  1534  1641 I chatty  : uid=1000(system) PowerManagerSer expire 12 lines
07-07 09:55:56.577  1534  2075 I chatty  : uid=1000(system) ColorBalanceThr expire 2 lines
07-07 09:55:56.596  1534 10816 I chatty  : uid=1000 system_server expire 2 lines
07-07 09:55:56.610  1534  1639 I chatty  : uid=1000(system) android.display expire 3 lines
07-07 09:55:56.618  1534  1601 I chatty  : uid=1000(system) android.ui expire 5 lines
07-07 09:55:56.645  1534  2077 I chatty  : uid=1000(system) FingerPrintThre expire 4 lines
07-07 09:55:56.665  1042  1276 D QMI_FW  : chen-screen on: is_screen_off = 0 
07-07 09:55:56.667   844  1277 D QMI_FW  : chen-screen on: is_screen_off = 0 
07-07 09:55:56.905  1534  2479 I chatty  : uid=1000(system) Binder:1534_7 expire 1 line
07-07 09:55:57.128  1534  1596 I chatty  : uid=1000(system) android.bg expire 4 lines
07-07 09:56:00.002  1534  2038 I chatty  : uid=1000(system) AlarmManager expire 3 lines
07-07 09:56:03.080  1534  1599 I chatty  : uid=1000(system) ActivityManager expire 36 lines
07-07 09:56:04.166  2207  2207 V DeadZone: consuming errant click: (699.0,28.0)
07-07 09:56:16.613  1534  2038 I chatty  : uid=1000(system) AlarmManager expire 25 lines
07-07 09:56:19.907  1534  1596 I chatty  : uid=1000(system) android.bg expire 12 lines
07-07 09:56:22.785  1534  3149 I chatty  : uid=1000(system) Binder:1534_F expire 5 lines
07-07 09:56:28.039  1534 24956 I chatty  : uid=1000(system) Binder:1534_1D expire 6 lines
07-07 09:56:30.760  1534  2072 I chatty  : uid=1000(system) Binder:1534_3 expire 62 lines
07-07 09:56:32.860  1534  1534 I chatty  : uid=1000 system_server expire 15 lines
07-07 09:56:36.170  1534 22730 I chatty  : uid=1000(system) Binder:1534_16 expire 3 lines
07-07 09:56:41.065  1534  3142 I chatty  : uid=1000(system) Binder:1534_D expire 5 lines
07-07 09:56:41.656  1534  3087 I chatty  : uid=1000(system) Binder:1534_9 expire 6 lines
07-07 09:56:41.698  1534 11343 I chatty  : uid=1000(system) Binder:1534_11 expire 2 lines
07-07 09:56:41.876  1534  2130 I chatty  : uid=1000(system) Binder:1534_4 expire 3 lines
07-07 09:56:46.011  1534 32029 I chatty  : uid=1000(system) Binder:1534_13 expire 4 lines
07-07 09:56:49.383  1534 24228 I chatty  : uid=1000(system) Binder:1534_14 expire 5 lines
07-07 09:56:50.357  1534  2358 I chatty  : uid=1000(system) Binder:1534_5 expire 4 lines
07-07 09:56:50.576  1534  3130 I chatty  : uid=1000(system) Binder:1534_C expire 4 lines
07-07 09:56:56.645  1534  1612 I chatty  : uid=1000(system) batterystats-sy expire 8 lines
07-07 09:56:58.611  1534  4618 I chatty  : uid=1000(system) Binder:1534_1A expire 3 lines
07-07 09:57:03.536  1534 26767 I chatty  : uid=1000(system) Binder:1534_18 expire 2 lines
07-07 09:57:31.637  1534  1636 I chatty  : uid=1000(system) android.fg expire 2 lines
07-07 09:57:31.637  1534  2050 I chatty  : uid=1000(system) NetworkStats expire 5 lines
07-07 09:57:57.985  1534  3145 I chatty  : uid=1000(system) Binder:1534_E expire 2 lines
07-07 09:57:58.046  1534  3150 I chatty  : uid=1000(system) Binder:1534_10 expire 5 lines
07-07 09:58:01.412  1534 24955 I chatty  : uid=1000(system) Binder:1534_1C expire 4 lines
07-07 09:58:40.064  1534 26766 I chatty  : uid=1000(system) Binder:1534_17 expire 1 line
07-07 09:58:44.516  1534 30640 I chatty  : uid=1000(system) Binder:1534_19 expire 3 lines
07-07 09:58:46.868  1534  2044 I chatty  : uid=1000(system) InputReader expire 2 lines
07-07 09:59:03.120  1534 11249 I chatty  : uid=1000 system_server expire 2 lines
07-07 09:59:25.123  1534  3076 I chatty  : uid=1000(system) Binder:1534_8 expire 2 lines
07-07 09:59:28.276  1534  1544 I chatty  : uid=1000(system) Binder:1534_1 expire 4 lines
07-07 09:59:30.484  1534 19175 I chatty  : uid=1000(system) Binder:1534_15 expire 1 line
07-07 10:00:03.845  1534  2459 I chatty  : uid=1000(system) Binder:1534_6 expire 4 lines
07-07 10:02:57.917  1534 11390 I chatty  : uid=1000 system_server expire 1 line
07-07 10:03:11.313  1534  3094 I chatty  : uid=1000(system) Binder:1534_A expire 1 line
07-07 10:03:45.553  1534  3128 I chatty  : uid=1000(system) Binder:1534_B expire 1 line
07-07 10:03:45.952  1534 11344 I chatty  : uid=1000(system) Binder:1534_12 expire 2 lines
07-07 10:03:46.543  1534 24954 I chatty  : uid=1000(system) Binder:1534_1B expire 2 lines
07-07 10:03:46.783  1534  1545 I chatty  : uid=1000(system) Binder:1534_2 expire 2 lines
07-07 10:04:23.541  1534  2479 I chatty  : uid=1000(system) Binder:1534_7 expire 1 line
07-07 10:04:28.247  1534 11472 I chatty  : uid=1000 system_server expire 2 lines
07-07 10:04:50.904  1534  2050 I chatty  : uid=1000(system) NetworkStats expire 2 lines
07-07 10:04:54.608  1534  2130 I chatty  : uid=1000(system) Binder:1534_4 expire 6 lines
07-07 10:05:00.001  1534  2038 I chatty  : uid=1000(system) AlarmManager expire 27 lines
07-07 10:05:08.376  1534  2044 I chatty  : uid=1000(system) InputReader expire 2 lines
07-07 10:05:08.377  1534  1641 I chatty  : uid=1000(system) PowerManagerSer expire 7 lines
07-07 10:05:08.378  1534  2075 I chatty  : uid=1000(system) ColorBalanceThr expire 3 lines
07-07 10:05:08.433  1534  1534 I chatty  : uid=1000 system_server expire 8 lines
07-07 10:05:08.490  1534 26766 I chatty  : uid=1000(system) Binder:1534_17 expire 3 lines
07-07 10:05:08.494  1534  3130 I chatty  : uid=1000(system) Binder:1534_C expire 4 lines
07-07 10:05:08.495  1534  2077 I chatty  : uid=1000(system) FingerPrintThre expire 18 lines
07-07 10:05:08.721  1534  1639 I chatty  : uid=1000(system) android.display expire 1 line
07-07 10:05:08.737   844  1277 D QMI_FW  : chen-screen off: is_screen_off = 1 
07-07 10:05:08.741  1042  1276 D QMI_FW  : chen-screen off: is_screen_off = 1 
07-07 10:05:08.789  1534  2072 I chatty  : uid=1000(system) Binder:1534_3 expire 8 lines
07-07 10:05:08.970  1534  2459 I chatty  : uid=1000(system) Binder:1534_6 expire 6 lines
07-07 10:05:08.986  1534  3094 I chatty  : uid=1000(system) Binder:1534_A expire 6 lines
07-07 10:05:09.013  1534  3087 I chatty  : uid=1000(system) Binder:1534_9 expire 4 lines
07-07 10:05:09.109  1534 32029 I chatty  : uid=1000(system) Binder:1534_13 expire 5 lines
07-07 10:05:10.526  1534  2479 I chatty  : uid=1000(system) Binder:1534_7 expire 4 lines
07-07 10:05:11.345  1534 30640 I chatty  : uid=1000(system) Binder:1534_19 expire 5 lines
07-07 10:05:11.368  1534 11344 I chatty  : uid=1000(system) Binder:1534_12 expire 5 lines
07-07 10:05:11.371  1534 19175 I chatty  : uid=1000(system) Binder:1534_15 expire 3 lines
07-07 10:05:13.816  1534 11505 I chatty  : uid=1000 system_server expire 1 line
07-07 10:05:28.784  1534  1545 I chatty  : uid=1000(system) Binder:1534_2 expire 5 lines
07-07 10:05:53.106  1534  1596 I chatty  : uid=1000(system) android.bg expire 14 lines
07-07 10:06:26.501  1534  1612 I chatty  : uid=1000(system) batterystats-sy expire 22 lines
07-07 10:07:29.702  1534  1599 I chatty  : uid=1000(system) ActivityManager expire 8 lines
07-07 10:08:47.265  1534 24228 I chatty  : uid=1000(system) Binder:1534_14 expire 4 lines
07-07 10:08:49.596  1534 11627 I chatty  : uid=1000 system_server expire 1 line
07-07 10:09:52.536  1534 11644 I chatty  : uid=1000 system_server expire 3 lines
07-07 10:09:52.600  1534 26767 I chatty  : uid=1000(system) Binder:1534_18 expire 4 lines
07-07 10:10:09.108  1534 11657 I chatty  : uid=1000 system_server expire 3 lines
07-07 10:10:55.025  1534  3150 I chatty  : uid=1000(system) Binder:1534_10 expire 2 lines
07-07 10:11:01.379  1534 24954 I chatty  : uid=1000(system) Binder:1534_1B expire 1 line
07-07 10:11:06.486  1534 11679 I chatty  : uid=1000 system_server expire 1 line
07-07 10:12:53.739  1534 11739 I chatty  : uid=1000 system_server expire 1 line
07-07 10:13:32.802  1534  4618 I chatty  : uid=1000(system) Binder:1534_1A expire 5 lines
07-07 10:13:32.974  1534 11343 I chatty  : uid=1000(system) Binder:1534_11 expire 8 lines
07-07 10:13:33.607  1534 11757 I chatty  : uid=1000 system_server expire 3 lines
07-07 10:13:49.649  1534 11762 I chatty  : uid=1000 system_server expire 2 lines
07-07 10:16:35.703  1534 11786 I chatty  : uid=1000 system_server expire 3 lines
07-07 10:16:35.932  1534 22730 I chatty  : uid=1000(system) Binder:1534_16 expire 1 line
07-07 10:16:41.031  1534 11792 I chatty  : uid=1000 system_server expire 3 lines
07-07 10:16:42.170  1534  1544 I chatty  : uid=1000(system) Binder:1534_1 expire 2 lines
07-07 10:16:42.389  1534  3076 I chatty  : uid=1000(system) Binder:1534_8 expire 2 lines
07-07 10:16:42.595  1534 24956 I chatty  : uid=1000(system) Binder:1534_1D expire 1 line
07-07 10:16:45.706  1534  3142 I chatty  : uid=1000(system) Binder:1534_D expire 3 lines
07-07 10:16:48.370  1534 11798 I chatty  : uid=1000 system_server expire 2 lines
07-07 10:17:37.430  1534 11844 I chatty  : uid=1000 system_server expire 3 lines
07-07 10:17:43.004  1534 11850 I chatty  : uid=1000 system_server expire 1 line
07-07 10:18:10.739  1534 11885 I chatty  : uid=1000 system_server expire 2 lines
07-07 10:18:58.191  1534 11903 I chatty  : uid=1000 system_server expire 2 lines
07-07 10:19:03.140  1534  3149 I chatty  : uid=1000(system) Binder:1534_F expire 1 line
07-07 10:19:03.387  1534 11905 I chatty  : uid=1000 system_server expire 2 lines
07-07 10:19:08.910  1534 11910 I chatty  : uid=1000 system_server expire 2 lines
07-07 10:19:09.876  1534  3145 I chatty  : uid=1000(system) Binder:1534_E expire 2 lines
07-07 10:19:10.576  1534  3128 I chatty  : uid=1000(system) Binder:1534_B expire 2 lines
07-07 10:19:12.473  1534  2358 I chatty  : uid=1000(system) Binder:1534_5 expire 1 line
07-07 10:19:14.259  1534 11914 I chatty  : uid=1000 system_server expire 4 lines
07-07 10:19:15.061  1534 24955 I chatty  : uid=1000(system) Binder:1534_1C expire 6 lines
07-07 10:19:16.957  1534 11344 I chatty  : uid=1000(system) Binder:1534_12 expire 4 lines
07-07 10:19:17.176  1534  2130 I chatty  : uid=1000(system) Binder:1534_4 expire 6 lines
07-07 10:19:17.424  1534  2358 I chatty  : uid=1000(system) Binder:1534_5 expire 5 lines
07-07 10:19:17.566  1534 30640 I chatty  : uid=1000(system) Binder:1534_19 expire 2 lines
07-07 10:19:17.793  1534 24956 I chatty  : uid=1000(system) Binder:1534_1D expire 9 lines
07-07 10:19:18.766  1534  3145 I chatty  : uid=1000(system) Binder:1534_E expire 3 lines
07-07 10:19:18.926  1534 26767 I chatty  : uid=1000(system) Binder:1534_18 expire 7 lines
07-07 10:19:19.157  1534  3150 I chatty  : uid=1000(system) Binder:1534_10 expire 4 lines
07-07 10:19:19.336  1534  3094 I chatty  : uid=1000(system) Binder:1534_A expire 5 lines
07-07 10:19:19.573  1534  3130 I chatty  : uid=1000(system) Binder:1534_C expire 5 lines
07-07 10:19:19.876  1534 11343 I chatty  : uid=1000(system) Binder:1534_11 expire 2 lines
07-07 10:19:20.046  1534  1544 I chatty  : uid=1000(system) Binder:1534_1 expire 4 lines
07-07 10:19:20.285  1534  2459 I chatty  : uid=1000(system) Binder:1534_6 expire 5 lines
07-07 10:19:24.003  1534  2479 I chatty  : uid=1000(system) Binder:1534_7 expire 5 lines
07-07 10:19:26.469  1534 11932 I chatty  : uid=1000 system_server expire 3 lines
07-07 10:20:24.580  1534  1596 I chatty  : uid=1000(system) android.bg expire 10 lines
07-07 10:20:54.867  1534  2038 I chatty  : uid=1000(system) AlarmManager expire 22 lines
07-07 10:20:54.896  1534  1612 I chatty  : uid=1000(system) batterystats-sy expire 12 lines
07-07 10:20:56.706  1534  1599 I chatty  : uid=1000(system) ActivityManager expire 12 lines
07-07 10:21:06.908  1534 26766 I chatty  : uid=1000(system) Binder:1534_17 expire 5 lines
07-07 10:21:16.302  1534 11993 I chatty  : uid=1000 system_server expire 2 lines
07-07 10:22:46.336  1534  1545 I chatty  : uid=1000(system) Binder:1534_2 expire 1 line
07-07 10:22:46.921  1534 22730 I chatty  : uid=1000(system) Binder:1534_16 expire 2 lines
07-07 10:22:47.503  1534  3149 I chatty  : uid=1000(system) Binder:1534_F expire 4 lines
07-07 10:22:47.693  1534  2072 I chatty  : uid=1000(system) Binder:1534_3 expire 5 lines
07-07 10:22:47.922  1534 24954 I chatty  : uid=1000(system) Binder:1534_1B expire 2 lines
07-07 10:22:48.323  1534 24228 I chatty  : uid=1000(system) Binder:1534_14 expire 2 lines
07-07 10:22:49.284  1534  3128 I chatty  : uid=1000(system) Binder:1534_B expire 2 lines
07-07 10:22:50.708  1534 12036 I chatty  : uid=1000 system_server expire 1 line
07-07 10:22:51.467  1534  4618 I chatty  : uid=1000(system) Binder:1534_1A expire 2 lines
07-07 10:22:55.501  1534  3087 I chatty  : uid=1000(system) Binder:1534_9 expire 1 line
07-07 10:22:56.093  1534 12041 I chatty  : uid=1000 system_server expire 2 lines
07-07 10:22:56.747  1534 19175 I chatty  : uid=1000(system) Binder:1534_15 expire 1 line
07-07 10:23:00.297  1534 32029 I chatty  : uid=1000(system) Binder:1534_13 expire 1 line
07-07 10:23:02.837  1534 12043 I chatty  : uid=1000 system_server expire 3 lines
07-07 10:23:02.930  1534  3142 I chatty  : uid=1000(system) Binder:1534_D expire 2 lines
07-07 10:23:07.988  1534 12049 I chatty  : uid=1000 system_server expire 1 line
07-07 10:23:09.354  1534  1534 I chatty  : uid=1000 system_server expire 62 lines
07-07 10:23:35.512  1534  3076 I chatty  : uid=1000(system) Binder:1534_8 expire 1 line
07-07 10:23:40.614  1534 12087 I chatty  : uid=1000 system_server expire 1 line
07-07 10:24:00.946  1534 12109 I chatty  : uid=1000 system_server expire 1 line
07-07 10:26:37.010  1534 12185 I chatty  : uid=1000 system_server expire 3 lines
07-07 10:26:52.852  1534 12194 I chatty  : uid=1000 system_server expire 4 lines
07-07 10:26:58.553  1534 12197 I chatty  : uid=1000 system_server expire 3 lines
07-07 10:27:16.261  1534 12204 I chatty  : uid=1000 system_server expire 2 lines
07-07 10:27:57.937  1534 12214 I chatty  : uid=1000 system_server expire 3 lines
07-07 10:28:09.299  1534 12220 I chatty  : uid=1000 system_server expire 4 lines
07-07 10:28:29.425  1534 12234 I chatty  : uid=1000 system_server expire 2 lines
07-07 10:30:39.637  1534  3128 I chatty  : uid=1000(system) Binder:1534_B expire 2 lines
07-07 10:30:39.708  1534 11343 I chatty  : uid=1000(system) Binder:1534_11 expire 5 lines
07-07 10:30:39.793  1534  3087 I chatty  : uid=1000(system) Binder:1534_9 expire 4 lines
07-07 10:30:39.828  1534  1545 I chatty  : uid=1000(system) Binder:1534_2 expire 1 line
07-07 10:30:39.855  1534  1544 I chatty  : uid=1000(system) Binder:1534_1 expire 1 line
07-07 10:30:52.729  1534 32029 I chatty  : uid=1000(system) Binder:1534_13 expire 7 lines
07-07 10:30:53.740  1534  3145 I chatty  : uid=1000(system) Binder:1534_E expire 4 lines
07-07 10:30:54.657  1534  2072 I chatty  : uid=1000(system) Binder:1534_3 expire 6 lines
07-07 10:30:55.574  1534  3130 I chatty  : uid=1000(system) Binder:1534_C expire 4 lines
07-07 10:30:58.955  1534  1596 I chatty  : uid=1000(system) android.bg expire 11 lines
07-07 10:31:00.002  1534  2038 I chatty  : uid=1000(system) AlarmManager expire 19 lines
07-07 10:31:17.042  1534 30640 I chatty  : uid=1000(system) Binder:1534_19 expire 1 line
07-07 10:32:01.257  1534 24954 I chatty  : uid=1000(system) Binder:1534_1B expire 3 lines
07-07 10:33:31.784  1534  1612 I chatty  : uid=1000(system) batterystats-sy expire 10 lines
07-07 10:33:59.245  1534  1534 I chatty  : uid=1000 system_server expire 10 lines
07-07 10:34:16.900  1534 12422 I chatty  : uid=1000 system_server expire 3 lines
07-07 10:34:18.050  1534  2050 I chatty  : uid=1000(system) NetworkStats expire 4 lines
07-07 10:34:19.774  1534  1599 I chatty  : uid=1000(system) ActivityManager expire 10 lines
07-07 10:34:21.498  1534  2056 I chatty  : uid=1000(system) IpManager.wlan0 expire 1 line
07-07 10:34:21.513  1534  2060 I chatty  : uid=1000(system) ConnectivitySer expire 3 lines
07-07 10:35:31.211  1534  2479 I chatty  : uid=1000(system) Binder:1534_7 expire 2 lines
07-07 10:36:55.737  1534 22730 I chatty  : uid=1000(system) Binder:1534_16 expire 4 lines
07-07 10:37:18.842  1534 12536 I chatty  : uid=1000 system_server expire 2 lines
07-07 10:37:31.010  1534 24955 I chatty  : uid=1000(system) Binder:1534_1C expire 2 lines
07-07 10:39:03.021  1534 12586 I chatty  : uid=1000 system_server expire 1 line
07-07 10:39:14.502  1534  2459 I chatty  : uid=1000(system) Binder:1534_6 expire 10 lines
07-07 10:39:19.602  1534 12602 I chatty  : uid=1000 system_server expire 1 line
07-07 10:39:27.372  1534 24228 I chatty  : uid=1000(system) Binder:1534_14 expire 2 lines
07-07 10:39:27.827  1534 24956 I chatty  : uid=1000(system) Binder:1534_1D expire 2 lines
07-07 10:40:14.972  1534  3094 I chatty  : uid=1000(system) Binder:1534_A expire 2 lines
07-07 10:40:14.974  1534  3142 I chatty  : uid=1000(system) Binder:1534_D expire 8 lines
07-07 10:40:14.979  1534  1641 I chatty  : uid=1000(system) PowerManagerSer expire 16 lines
07-07 10:40:14.979  1534  2075 I chatty  : uid=1000(system) ColorBalanceThr expire 5 lines
07-07 10:40:15.012  1534  1639 I chatty  : uid=1000(system) android.display expire 28 lines
07-07 10:40:15.031  1534 19175 I chatty  : uid=1000(system) Binder:1534_15 expire 3 lines
07-07 10:40:15.042  1534  2077 I chatty  : uid=1000(system) FingerPrintThre expire 11 lines
07-07 10:40:15.057  1042  1276 D QMI_FW  : chen-screen on: is_screen_off = 0 
07-07 10:40:15.064   844  1277 D QMI_FW  : chen-screen on: is_screen_off = 0 
07-07 10:40:15.072  1534  1601 I chatty  : uid=1000(system) android.ui expire 5 lines
07-07 10:40:15.447  1534  3076 I chatty  : uid=1000(system) Binder:1534_8 expire 1 line
07-07 10:40:22.032  1534 26766 I chatty  : uid=1000(system) Binder:1534_17 expire 1 line
07-07 10:40:32.558  1534  1636 I chatty  : uid=1000(system) android.fg expire 1 line
07-07 10:40:35.007  1534  2038 I chatty  : uid=1000(system) AlarmManager expire 6 lines
07-07 10:40:36.595  1534 26767 I chatty  : uid=1000(system) Binder:1534_18 expire 1 line
07-07 10:40:36.645  1534  2358 I chatty  : uid=1000(system) Binder:1534_5 expire 15 lines
07-07 10:40:36.731  1534 11344 I chatty  : uid=1000(system) Binder:1534_12 expire 2 lines
07-07 10:40:37.376  1534  2044 I chatty  : uid=1000(system) InputReader expire 2 lines
07-07 10:40:37.713   844  1277 D QMI_FW  : chen-screen off: is_screen_off = 1 
07-07 10:40:37.715  1042  1276 D QMI_FW  : chen-screen off: is_screen_off = 1 
07-07 10:40:37.923  1534  1641 I chatty  : uid=1000(system) PowerManagerSer expire 2 lines
07-07 10:40:37.925  1534  1534 I chatty  : uid=1000 system_server expire 4 lines
07-07 10:40:38.027  1534  3149 I chatty  : uid=1000(system) Binder:1534_F expire 2 lines
07-07 10:40:42.800  1534 13184 I chatty  : uid=1000 system_server expire 2 lines
07-07 10:41:15.102  1534  1612 I chatty  : uid=1000(system) batterystats-sy expire 2 lines
07-07 10:41:46.155  1534  1596 I chatty  : uid=1000(system) android.bg expire 1 line
07-07 10:49:53.917  1534  2038 V AlarmManager: Triggering alarm #2: 3 when =238184916 package=com.tencent.mmoperation =*alarm*:com.tencent.mm.TrafficStatsReceiver
07-07 10:49:53.917  1534  2038 V AlarmManager: Triggering alarm #3: 1 when =1688697798165 package=com.android.browseroperation =*alarm*:com.android.browser.action.service.ACTION_HEARTBEAT
07-07 10:49:53.917  1534  2038 V AlarmManager: Triggering alarm #4: 1 when =1688697901000 package=com.oneplus.deskclockoperation =*alarm*:com.android.deskclock.ON_QUARTER_HOUR
07-07 10:49:53.917  1534  2038 V AlarmManager: Triggering alarm #5: 1 when =1688697938008 package=androidoperation =*alarm*:com.oneplus.android.screenOffCheckProcessState
07-07 10:49:53.930  1534  1612 E BatteryStatsService: no controller energy info supplied
07-07 10:49:53.964  1534  1534 I OnePlusProcessManager: hanleBlackSensor  uid = 10032 package =
07-07 10:49:53.967  1534  1599 D DeviceIdleController: Adding AppId 10017 to temp whitelist. New entry: true
07-07 10:49:53.967  1534  1599 D DeviceIdleController: postTempActiveTimeoutMessage: uid=10017, delay=10000
07-07 10:49:53.968  1534  1599 D DeviceIdleController: Setting wakelock temp whitelist to [10017]
07-07 10:49:53.977  1534  1612 E BatteryStatsService: no controller energy info supplied
07-07 10:49:54.026  1534  1596 D DeviceIdleController: handleMessage(7)
07-07 10:49:54.099  1534  2072 I ActivityManager: Start proc 13230:com.google.process.gapps/u0a17 for content provider com.google.android.gsf/.subscribedfeeds.SubscribedFeedsProvider
07-07 10:49:54.211  1534 24955 W DropBoxManagerService: Dropping: event_data (39 > 0 bytes)
07-07 10:49:54.897  1534  1612 E BatteryStatsService: no controller energy info supplied
07-07 10:49:54.897  1534  1612 E BatteryStatsService: no controller energy info supplied
07-07 10:49:54.917  1534  1534 I DeviceIdleController: updateChargingLocked: charging=false
07-07 10:49:59.998  1534 13256 I ActivityManager: pid= 1534 st.name = system_server cpuPercent = 11 st.rel_utime =520 st.rel_stime =660
07-07 10:50:00.000  1534  2038 V AlarmManager: Triggering alarm #0: 3 when =238724978 package=androidoperation =*alarm*:android.intent.action.TIME_TICK
07-07 10:50:03.995  1534  1596 D DeviceIdleController: handleMessage(6)
07-07 10:50:03.996  1534  1596 D DeviceIdleController: checkTempAppWhitelistTimeout: uid=10017, timeNow=238728974
07-07 10:50:03.996  1534  1596 D DeviceIdleController: Removing UID 10017 from temp whitelist
07-07 10:50:03.996  1534  1596 D DeviceIdleController: Setting wakelock temp whitelist to []
07-07 10:50:21.307  1534  2038 V AlarmManager: Triggering alarm #0: 2 when =238746281 package=com.tencent.mmoperation =*walarm*:ALARM_ACTION(10000)
07-07 10:50:24.476  1534  1599 I ProcessStatsService: Prepared write state in 6ms
07-07 10:50:43.078  1534  2358 I ActivityManager: Process com.oneplus.market:dcs (pid 27849) has died
07-07 10:50:43.078  1534  2358 D ActivityManager: cleanUpApplicationRecord -- 27849
07-07 10:50:52.027  1534  3130 E BatteryStatsService: no controller energy info supplied
07-07 10:50:52.028  1534  3130 E BatteryStatsService: no controller energy info supplied
07-07 10:50:53.929  1534  1612 E BatteryStatsService: no controller energy info supplied
07-07 10:50:53.929  1534  1612 E BatteryStatsService: no controller energy info supplied
07-07 10:50:53.948  1534  1534 I DeviceIdleController: updateChargingLocked: charging=false
07-07 10:50:53.949  1534  1534 I OHPD    : [BgDetect] batt level (17 to 16) within 59031
07-07 10:51:00.001  1534  2038 V AlarmManager: Triggering alarm #0: 3 when =238784978 package=androidoperation =*alarm*:android.intent.action.TIME_TICK
07-07 10:51:24.821  1534  1612 E BatteryStatsService: no controller energy info supplied
07-07 10:51:24.856  1534  1612 E BatteryStatsService: no controller energy info supplied
07-07 10:51:42.121  1534  1612 E BatteryStatsService: no controller energy info supplied
07-07 10:51:42.121  1534  1612 E BatteryStatsService: no controller energy info supplied
07-07 10:51:42.142  1534  1534 I DeviceIdleController: updateChargingLocked: charging=false
07-07 10:51:42.144  1534  1534 I OHPD    : [BgDetect] batt level (16 to 15) within 48194
07-07 10:51:42.175  2207  2207 I PowerUI.Notification: show low battery warning: level=15 [-1] playSound=true
07-07 10:51:45.739  1534  3130 D FingerprintService: updateStatus , 1
07-07 10:51:45.791  1534  2077 V FingerprintService: stop client com.android.systemui
07-07 10:51:45.809  1534  2077 W FingerprintService: client com.android.systemui is no longer authenticating
07-07 10:51:45.809  1534  2077 D FingerprintService: handleError: removing client: com.android.server.fingerprint.FingerprintService$7@2d620f6, current client = com.android.server.fingerprint.FingerprintService$7@2d620f6
07-07 10:51:45.809  1534  2077 V FingerprintService: Done with client: com.android.systemui
07-07 10:51:45.810  1534  2077 V FingerprintService: handleError(client=com.android.systemui, error = 5)
07-07 10:51:45.813  1534  2479 D KeyguardStateMonitor: onFingerprintStateChange , false
07-07 10:51:46.148  1534 30640 D FingerprintService: updateStatus , 2
07-07 10:51:46.185  1534  3087 D FingerprintService: getEnrolledFingerprints: userId = 0
07-07 10:51:46.186  1534 24955 D FingerprintService: getEnrolledFingerprints: userId = 0
07-07 10:51:46.188  1534  2077 D FingerprintService: startAuthentication: 0
07-07 10:51:46.188  1534  2077 D FingerprintService: current user = 0
07-07 10:51:46.207  1534  2077 V FingerprintService: startAuthentication(com.android.systemui)
07-07 10:51:46.207  1534  2077 V FingerprintService: starting client AuthenticationClient(com.android.systemui), initiatedByClient = true)
07-07 10:51:46.207  1534  2077 D FingerprintService: updateStatus , 3
07-07 10:51:46.277  1534  2077 W FingerprintService: client com.android.systemui is authenticating...
07-07 10:51:47.150  1534 11344 D FingerprintService: onAcquired, 1000, false
07-07 10:51:47.153  1534  2358 D KeyguardStateMonitor: onFingerprintStateChange , true
07-07 10:51:47.155  1534  1545 D DeviceIdleController: setFingerprintResult: detecting:true, unlocked: false
07-07 10:51:47.156  1534 19175 D DisplayManagerService: setWakingupReason: com.android.systemui:UnlockStart
07-07 10:51:47.156  1534 19175 I PowerManagerService: Waking up from sleep (uid 10032, com.android.systemui:UnlockStart)...
07-07 10:51:47.156  1534  1534 I WindowManager: Started waking up...
07-07 10:51:47.162  1534  1641 I ColorBalanceService: MSG:1
07-07 10:51:47.162  1534  1641 I DisplayPowerController: useProximityForceSuspend = false
07-07 10:51:47.164  1534  2075 D ColorBalanceService: MSG_SCREEN_ON
07-07 10:51:47.164  1534  2075 I ColorBalanceService: processScreenOn:true
07-07 10:51:47.184  1534  1639 E WindowManager: Timeout waiting for animation to startup
07-07 10:51:47.186  1534  1641 I DisplayPowerController: Blocking screen on until initial contents have been drawn.
07-07 10:51:47.186  1534  1641 I WindowManager: Screen turning on...
07-07 10:51:47.187  1534  1641 D ActivityManager: RestartProcessManager : ignore update launch time due to keyguard is not done net.oneplus.launcher
07-07 10:51:47.238  1534  2072 D WallpaperManagerService: no wallpaper cropFile, 1
07-07 10:51:47.239  1534  1641 I DisplayPowerController: useProximityForceSuspend = false
07-07 10:51:47.239  1534  1641 I DisplayPowerController: useProximityForceSuspend = false
07-07 10:51:47.244  1534  1639 I DisplayManagerService: Display device changed state: "", ON
07-07 10:51:47.251  1534  4618 D WindowManager: mKeyguardDelegate.ShowListener.onDrawn.
07-07 10:51:47.266  1042  1276 D QMI_FW  : chen-screen on: is_screen_off = 0 
07-07 10:51:47.267   844  1277 D QMI_FW  : chen-screen on: is_screen_off = 0 
07-07 10:51:47.276  1534  1601 W WindowManager: Setting mKeyguardDrawComplete
07-07 10:51:47.281  1534  1534 D OPCD    : # total elapsed 0 ms
07-07 10:51:47.290  1534  2077 D FingerprintService: handleAuthenticated: 0
07-07 10:51:47.292  1534  2077 D VibratorService: timeout: 0, startTime: 152216129, pattern: [0, 250], vibrateIntensity: Middle, repeat: -1, usageHint: 0, uid: 1000, opPkg: android
07-07 10:51:47.296  1534  3145 D DeviceIdleController: setFingerprintResult: detecting:false, unlocked: false
07-07 10:51:47.296  1534  2130 D DisplayManagerService: setWakingupReason: 
07-07 10:51:47.296  1534  2130 I PowerManagerService: Going to sleep due to fingerprint (uid 10032)...
07-07 10:51:47.297  1534  1641 I ColorBalanceService: MSG:2
07-07 10:51:47.297  1534  1641 I DisplayPowerController: useProximityForceSuspend = false
07-07 10:51:47.297  1534  2075 D ColorBalanceService: MSG_SCREEN_OFF
07-07 10:51:47.297  1534  2075 I ColorBalanceService: processScreenOn:false
07-07 10:51:47.297  1534  2075 I ColorBalanceService: setSRGBSensorEnabled:false
07-07 10:51:47.297  1534  1544 D KeyguardStateMonitor: onFingerprintStateChange , false
07-07 10:51:47.297  1534  1544 D KeyguardStateMonitor: onFingerprintStateChange , false
07-07 10:51:47.309  1534  1641 I DisplayPowerController: Unblocked screen on after 123 ms
07-07 10:51:47.309  1534  1534 D ActivityManager: RestartProcessManager : ignore update duation due to keyguard is not done net.oneplus.launcher
07-07 10:51:47.309  1534  1641 I WindowManager: Screen turned off...
07-07 10:51:47.311  1534  1601 D WindowManager: finishScreenTurningOn: mAwake=true, mScreenOnEarly=true, mScreenOnFully=false, mKeyguardDrawComplete=true, mWindowManagerDrawComplete=false, mKeyguardDelegate.isShowing()= false, mKeyguardDelegate.isFingerprintAuthenticating()= false
07-07 10:51:47.313  1534  1534 I WindowManager: Finished waking up...
07-07 10:51:47.313  1534  1534 I WindowManager: Started going to sleep... (why=11)
07-07 10:51:47.319  1534  2072 I ActivityManager: [scene] setLockScreenShown showing true, occluded false
07-07 10:51:47.324  1534  1641 I DisplayPowerController: useProximityForceSuspend = false
07-07 10:51:47.326  1534  1639 I DisplayManagerService: Display device changed state: "", OFF
07-07 10:51:47.328  1534  1534 D DeviceIdleController: updateDisplayLocked: screenOn=false
07-07 10:51:47.336  1534 26767 D FingerprintService: getEnrolledFingerprints: userId = 0
07-07 10:51:47.341  1042  1276 D QMI_FW  : chen-screen off: is_screen_off = 1 
07-07 10:51:47.342   844  1277 D QMI_FW  : chen-screen off: is_screen_off = 1 
07-07 10:51:47.578  1534  1641 I DisplayPowerController: useProximityForceSuspend = false
07-07 10:51:47.603  1534  1641 I PowerManagerService: Sleeping (uid 1000)...
07-07 10:51:47.603  1534  1639 I WindowManager: All windows ready for display!
07-07 10:51:47.604  1534  1601 W WindowManager: Setting mWindowManagerDrawComplete
07-07 10:51:47.607  1534  1534 I WindowManager: Finished going to sleep... (why=11)
07-07 10:51:47.847  1534  1534 D OPCD    : # total elapsed 0 ms
07-07 10:51:48.160  1534  1596 D DeviceIdleController: handleMessage(5566)
07-07 10:51:48.160  1534  1596 D DeviceIdleController: updateDisplayLocked: screenOn=false
07-07 10:51:48.167  1534  2130 D FingerprintService: onAcquired, 1000, false
07-07 10:51:48.169  1534  2479 D KeyguardStateMonitor: onFingerprintStateChange , true
07-07 10:51:48.170  1534 22730 D DeviceIdleController: setFingerprintResult: detecting:true, unlocked: false
07-07 10:51:48.171  1534 24955 D DisplayManagerService: setWakingupReason: com.android.systemui:UnlockStart
07-07 10:51:48.171  1534 24955 I PowerManagerService: Waking up from sleep (uid 10032, com.android.systemui:UnlockStart)...
07-07 10:51:48.171  1534  1534 I WindowManager: Started waking up...
07-07 10:51:48.172  1534  1641 I ColorBalanceService: MSG:1
07-07 10:51:48.172  1534  1641 I DisplayPowerController: useProximityForceSuspend = false
07-07 10:51:48.174  1534  2075 D ColorBalanceService: MSG_SCREEN_ON
07-07 10:51:48.174  1534  2075 I ColorBalanceService: processScreenOn:true
07-07 10:51:48.194  1534  1641 I DisplayPowerController: Blocking screen on until initial contents have been drawn.
07-07 10:51:48.194  1534  1641 I WindowManager: Screen turning on...
07-07 10:51:48.200  1534 26767 D ActivityManager: RestartProcessManager : ignore update launch time due to keyguard is not done net.oneplus.launcher
07-07 10:51:48.232  1534  1641 I DisplayPowerController: useProximityForceSuspend = false
07-07 10:51:48.238  1534  1639 I DisplayManagerService: Display device changed state: "", ON
07-07 10:51:48.239  1534  1639 E WindowManager: Timeout waiting for animation to startup
07-07 10:51:48.244  1534 11344 D WallpaperManagerService: no wallpaper cropFile, 1
07-07 10:51:48.256  1534 30640 D WindowManager: mKeyguardDelegate.ShowListener.onDrawn.
07-07 10:51:48.266   844  1277 D QMI_FW  : chen-screen on: is_screen_off = 0 
07-07 10:51:48.269  1042  1276 D QMI_FW  : chen-screen on: is_screen_off = 0 
07-07 10:51:48.271  1534  1641 D BrightnessControllerUtility: mNightBrihtness=24
07-07 10:51:48.279  1534  1601 W WindowManager: Setting mKeyguardDrawComplete
07-07 10:51:48.293  1534  1534 D OPCD    : # total elapsed 0 ms
07-07 10:51:48.307  1534  2077 D FingerprintService: handleAuthenticated: 0
07-07 10:51:48.309  1534  2077 D VibratorService: timeout: 0, startTime: 152217146, pattern: [0, 250], vibrateIntensity: Middle, repeat: -1, usageHint: 0, uid: 1000, opPkg: android
07-07 10:51:48.314  1534  3145 D DeviceIdleController: setFingerprintResult: detecting:false, unlocked: false
07-07 10:51:48.316  1534 30640 D DisplayManagerService: setWakingupReason: 
07-07 10:51:48.316  1534 30640 I PowerManagerService: Going to sleep due to fingerprint (uid 10032)...
07-07 10:51:48.316  1534 30640 D KeyguardStateMonitor: onFingerprintStateChange , false
07-07 10:51:48.316  1534  1601 D WindowManager: finishScreenTurningOn: mAwake=true, mScreenOnEarly=true, mScreenOnFully=false, mKeyguardDrawComplete=true, mWindowManagerDrawComplete=false, mKeyguardDelegate.isShowing()= false, mKeyguardDelegate.isFingerprintAuthenticating()= false
07-07 10:51:48.316  1534 19175 D KeyguardStateMonitor: onFingerprintStateChange , false
07-07 10:51:48.318  1534  1641 I ColorBalanceService: MSG:2
07-07 10:51:48.318  1534  1641 I DisplayPowerController: useProximityForceSuspend = false
07-07 10:51:48.318  1534  2075 D ColorBalanceService: MSG_SCREEN_OFF
07-07 10:51:48.318  1534  2075 I ColorBalanceService: processScreenOn:false
07-07 10:51:48.318  1534  2075 I ColorBalanceService: setSRGBSensorEnabled:false
07-07 10:51:48.319  1534  1639 I WindowManager: All windows ready for display!
07-07 10:51:48.322  1534  1601 W WindowManager: Setting mWindowManagerDrawComplete
07-07 10:51:48.322  1534  1601 D WindowManager: finishScreenTurningOn: mAwake=true, mScreenOnEarly=true, mScreenOnFully=false, mKeyguardDrawComplete=true, mWindowManagerDrawComplete=true, mKeyguardDelegate.isShowing()= false, mKeyguardDelegate.isFingerprintAuthenticating()= false
07-07 10:51:48.322  1534  1601 I WindowManager: Finished screen turning on...
07-07 10:51:48.333  1534  1534 D ActivityManager: RestartProcessManager : ignore update duation due to keyguard is not done net.oneplus.launcher
07-07 10:51:48.333  1534  1641 I DisplayPowerController: Unblocked screen on after 139 ms
07-07 10:51:48.333  1534  1641 I WindowManager: Screen turned off...
07-07 10:51:48.336  1534  1534 I WindowManager: Finished waking up...
07-07 10:51:48.337  1534  1534 I WindowManager: Started going to sleep... (why=11)
07-07 10:51:48.345  1534 24954 I ActivityManager: [scene] setLockScreenShown showing true, occluded false
07-07 10:51:48.349  1534  1641 I DisplayPowerController: useProximityForceSuspend = false
07-07 10:51:48.349  1534  1639 I DisplayManagerService: Display device changed state: "", OFF
07-07 10:51:48.350  1534  1534 D DeviceIdleController: updateDisplayLocked: screenOn=false
07-07 10:51:48.356  1534 19175 D FingerprintService: getEnrolledFingerprints: userId = 0
07-07 10:51:48.357   844  1277 D QMI_FW  : chen-screen off: is_screen_off = 1 
07-07 10:51:48.359  1042  1276 D QMI_FW  : chen-screen off: is_screen_off = 1 
07-07 10:51:48.595  1534  1641 I DisplayPowerController: useProximityForceSuspend = false
07-07 10:51:48.597  1534  1641 I PowerManagerService: Sleeping (uid 1000)...
07-07 10:51:48.598  1534  1534 I WindowManager: Finished going to sleep... (why=11)
07-07 10:51:48.664  1534  1534 D OPCD    : # total elapsed 0 ms
07-07 10:51:49.173  1534  1596 D DeviceIdleController: handleMessage(5566)
07-07 10:51:49.173  1534  1596 D DeviceIdleController: updateDisplayLocked: screenOn=false
07-07 10:51:50.851  1534  1534 I DeviceIdleController: updateChargingLocked: charging=false
07-07 10:51:51.426  1534  1545 D FingerprintService: onAcquired, 1000, false
07-07 10:51:51.429  1534 11344 D KeyguardStateMonitor: onFingerprintStateChange , true
07-07 10:51:51.431  1534  3094 D DeviceIdleController: setFingerprintResult: detecting:true, unlocked: false
07-07 10:51:51.432  1534 11343 D DisplayManagerService: setWakingupReason: com.android.systemui:UnlockStart
07-07 10:51:51.432  1534 11343 I PowerManagerService: Waking up from sleep (uid 10032, com.android.systemui:UnlockStart)...
07-07 10:51:51.433  1534  1534 I WindowManager: Started waking up...
07-07 10:51:51.433  1534  1641 I ColorBalanceService: MSG:1
07-07 10:51:51.433  1534  1641 I DisplayPowerController: useProximityForceSuspend = false
07-07 10:51:51.433  1534  2075 D ColorBalanceService: MSG_SCREEN_ON
07-07 10:51:51.433  1534  2075 I ColorBalanceService: processScreenOn:true
07-07 10:51:51.453  1534  1641 I DisplayPowerController: Blocking screen on until initial contents have been drawn.
07-07 10:51:51.453  1534  1641 I WindowManager: Screen turning on...
07-07 10:51:51.457  1534  1641 D ActivityManager: RestartProcessManager : ignore update launch time due to keyguard is not done net.oneplus.launcher
07-07 10:51:51.489  1534 26767 D WallpaperManagerService: no wallpaper cropFile, 1
07-07 10:51:51.490  1534  1639 E WindowManager: Timeout waiting for animation to startup
07-07 10:51:51.500  1534  1639 I DisplayManagerService: Display device changed state: "", ON
07-07 10:51:51.502  1534 24955 D WindowManager: mKeyguardDelegate.ShowListener.onDrawn.
07-07 10:51:51.515  1042  1276 D QMI_FW  : chen-screen on: is_screen_off = 0 
07-07 10:51:51.518   844  1277 D QMI_FW  : chen-screen on: is_screen_off = 0 
07-07 10:51:51.528  1534 22730 D FingerprintService: onAcquired, 0, false
07-07 10:51:51.530  1534  2077 D FingerprintService: handleAuthenticated: 0
07-07 10:51:51.530  1534  2077 V FingerprintService: onAuthenticated(owner=com.android.systemui, id=-274979674, gp=0)
07-07 10:51:51.531  1534  2077 D VibratorService: timeout: 0, startTime: 152220368, pattern: [0, 10], vibrateIntensity: Middle, repeat: -1, usageHint: 0, uid: 1000, opPkg: android
07-07 10:51:51.538  1534  2077 V FingerprintService: Done with client: com.android.systemui
07-07 10:51:51.546  1534  1601 W WindowManager: Setting mKeyguardDrawComplete
07-07 10:51:51.546  1534  1612 E BatteryStatsService: no controller energy info supplied
07-07 10:51:51.546  1534  1612 E BatteryStatsService: no controller energy info supplied
07-07 10:51:51.549  1534  1534 D OPCD    : # total elapsed 0 ms
07-07 10:51:51.553  1534  1641 I DisplayPowerController: useProximityForceSuspend = false
07-07 10:51:51.556  1534 13322 D VibratorService: timeout: 0, startTime: 152220393, pattern: [0, 10, 150, 12], vibrateIntensity: Middle, repeat: -1, usageHint: 0, uid: 1000, opPkg: android
07-07 10:51:51.557  1534 26766 D KeyguardStateMonitor: onFingerprintStateChange , false
07-07 10:51:51.557  1534  2072 D DeviceIdleController: setFingerprintResult: detecting:false, unlocked: true
07-07 10:51:51.557  1534  2072 D DeviceIdleController: updateDisplayLocked: screenOn=true
07-07 10:51:51.557  1534  2072 I DeviceIdleController: becomeActiveLocked, reason = screen
07-07 10:51:51.573  1534  1641 D BrightnessControllerUtility: mNightBrihtness=24
07-07 10:51:51.590  1534  1599 I ActivityManager: Start proc 13325:cn.oneplus.photos/u0a69 for broadcast for android.intent.action.ACTION_POWER_CONNECTED to cn.oneplus.photos/.receiver.PhotosLoadReceiver
07-07 10:51:51.590  1534  1601 D WindowManager: finishScreenTurningOn: mAwake=true, mScreenOnEarly=true, mScreenOnFully=false, mKeyguardDrawComplete=true, mWindowManagerDrawComplete=false, mKeyguardDelegate.isShowing()= false, mKeyguardDelegate.isFingerprintAuthenticating()= false
07-07 10:51:51.592  2207  2207 I PowerUI.Notification: dismissing low battery notification
07-07 10:51:51.595  1534  1534 I DeviceIdleController: updateChargingLocked: charging=true
07-07 10:51:51.595  1534 24954 I ActivityManager: AppLocker: setKeyguardDone true
07-07 10:51:51.595  1534  1534 I DeviceIdleController: becomeActiveLocked, reason = charging
07-07 10:51:51.595  1534  1534 I EntropyMixer: Writing entropy...
07-07 10:51:51.616  1534 30640 I ActivityManager: [scene] setLockScreenShown showing false, occluded false
07-07 10:51:51.632  1534 24956 W InputMethodManagerService: Window already focused, ignoring focus gain of: com.android.internal.view.IInputMethodClient$Stub$Proxy@dcac9db attribute=android.view.inputmethod.EditorInfo@33adc78, token = android.os.BinderProxy@7f04da2
07-07 10:51:51.674  1534  1534 D OPCD    : # total elapsed 11 ms
07-07 10:51:51.700  1534  1639 I WindowManager: All windows ready for display!
07-07 10:51:51.700  1534  1601 W WindowManager: Setting mWindowManagerDrawComplete
07-07 10:51:51.700  1534  1601 D WindowManager: finishScreenTurningOn: mAwake=true, mScreenOnEarly=true, mScreenOnFully=false, mKeyguardDrawComplete=true, mWindowManagerDrawComplete=true, mKeyguardDelegate.isShowing()= false, mKeyguardDelegate.isFingerprintAuthenticating()= false
07-07 10:51:51.700  1534  1601 I WindowManager: Finished screen turning on...
07-07 10:51:51.701  1534  1641 I DisplayPowerController: Unblocked screen on after 248 ms
07-07 10:51:51.701  1534  1641 I DisplayPowerController: useProximityForceSuspend = false
07-07 10:51:51.701  1534  1641 I DisplayPowerController: useProximityForceSuspend = false
07-07 10:51:51.718  1534  3142 I ActivityManager: Setting hasTopUi=false for pid=2207
07-07 10:51:51.723  1534  2459 D FingerprintService: getEnrolledFingerprints: userId = 0
07-07 10:51:51.724  1534  3149 D FingerprintService: updateStatus , 0
07-07 10:51:51.729  1534  2039 V UsbDeviceManager: USB UEVENT: {USB_STATE=CONNECTED, SUBSYSTEM=android_usb, SEQNUM=65743, ACTION=change, DEVPATH=/devices/virtual/android_usb/android0}
07-07 10:51:51.729  1534  1636 D UsbDeviceManager: updateUsbNotification: mConnected=true mUsbDataUnlocked=false mSourcePower=false mHostConnected=false mSinkPower=false mCurrentFunctions=mtp,adb
07-07 10:51:51.730  1534  1636 D UsbDeviceManager: broadcasting Intent { act=android.hardware.usb.action.USB_STATE flg=0x30000000 (has extras) } extras: Bundle[{host_connected=false, connected=true, unlocked=false, adb=true, mtp=true, configured=false}]
07-07 10:51:51.798  1534  1534 I ActivityManager: Killing 28736:com.google.android.googlequicksearchbox:search/u0a155 (adj 904): 193408k from cached
07-07 10:51:51.800  1534  1534 W ActivityManager: Application dead when creating service ServiceRecord{e724e97 u0 com.google.android.googlequicksearchbox/com.google.android.apps.gsa.tasks.BackgroundTasksJobService}
07-07 10:51:51.800  1534  1534 D ActivityManager: cleanUpApplicationRecord -- 28736
07-07 10:51:51.800  1534  1534 W ActivityManager: Scheduling restart of crashed service com.google.android.googlequicksearchbox/com.google.android.apps.gsa.tasks.BackgroundTasksJobService in 1000ms
07-07 10:51:51.801  1534  1534 W ActivityManager: Scheduling restart of crashed service com.google.android.googlequicksearchbox/com.google.android.apps.gsa.tasks.BackgroundTasksJobService in 4000ms
07-07 10:51:51.801  1534  1534 W ActivityManager: Exception when starting service com.google.android.googlequicksearchbox/com.google.android.apps.gsa.tasks.BackgroundTasksJobService
07-07 10:51:51.801  1534  1534 W ActivityManager: android.os.DeadObjectException: Transaction failed on small parcel; remote process probably died
07-07 10:51:51.801  1534  1534 W ActivityManager: 	at android.os.BinderProxy.transactNative(Native Method)
07-07 10:51:51.801  1534  1534 W ActivityManager: 	at android.os.BinderProxy.transact(Binder.java:651)
07-07 10:51:51.801  1534  1534 W ActivityManager: 	at android.app.ApplicationThreadProxy.scheduleCreateService(ApplicationThreadNative.java:1037)
07-07 10:51:51.801  1534  1534 W ActivityManager: 	at com.android.server.am.ActiveServices.realStartServiceLocked(ActiveServices.java:1999)
07-07 10:51:51.801  1534  1534 W ActivityManager: 	at com.android.server.am.ActiveServices.bringUpServiceLocked(ActiveServices.java:1900)
07-07 10:51:51.801  1534  1534 W ActivityManager: 	at com.android.server.am.ActiveServices.bindServiceLocked(ActiveServices.java:1120)
07-07 10:51:51.801  1534  1534 W ActivityManager: 	at com.android.server.am.ActivityManagerService.bindService(ActivityManagerService.java:19414)
07-07 10:51:51.801  1534  1534 W ActivityManager: 	at android.app.ContextImpl.bindServiceCommon(ContextImpl.java:1480)
07-07 10:51:51.801  1534  1534 W ActivityManager: 	at android.app.ContextImpl.bindServiceAsUser(ContextImpl.java:1447)
07-07 10:51:51.801  1534  1534 W ActivityManager: 	at com.android.server.job.JobServiceContext.executeRunnableJob(JobServiceContext.java:195)
07-07 10:51:51.801  1534  1534 W ActivityManager: 	at com.android.server.job.JobSchedulerService.assignJobsToContextsLocked(JobSchedulerService.java:1534)
07-07 10:51:51.801  1534  1534 W ActivityManager: 	at com.android.server.job.JobSchedulerService.-wrap3(JobSchedulerService.java)
07-07 10:51:51.801  1534  1534 W ActivityManager: 	at com.android.server.job.JobSchedulerService$JobHandler.maybeRunPendingJobsH(JobSchedulerService.java:1372)
07-07 10:51:51.801  1534  1534 W ActivityManager: 	at com.android.server.job.JobSchedulerService$JobHandler.handleMessage(JobSchedulerService.java:1144)
07-07 10:51:51.801  1534  1534 W ActivityManager: 	at android.os.Handler.dispatchMessage(Handler.java:102)
07-07 10:51:51.801  1534  1534 W ActivityManager: 	at android.os.Looper.loop(Looper.java:154)
