07-06 16:00:04.250 20255 23452 I PackageParser: com.tencent.tbs.ug.component: compat added android.permission.WRITE_EXTERNAL_STORAGE android.permission.READ_PHONE_STATE
07-06 16:00:04.561 20255 23531 W FileUtils: Failed to chmod(/data/user/0/com.tencent.mtt/app_tbs): android.system.ErrnoException: chmod failed: EACCES (Permission denied)
07-06 16:00:04.561 20255 23531 W FileUtils: Failed to chmod(/data/user/0/com.tencent.mtt/app_tbs_common_share): android.system.ErrnoException: chmod failed: EACCES (Permission denied)
07-06 16:00:04.598 20255 23531 W FileUtils: Failed to chmod(/data/user/0/com.tencent.mm/app_tbs): android.system.ErrnoException: chmod failed: EACCES (Permission denied)
07-06 16:00:04.598 20255 23531 W FileUtils: Failed to chmod(/data/user/0/com.tencent.mm/app_tbs_common_share): android.system.ErrnoException: chmod failed: EACCES (Permission denied)
07-06 16:00:04.620 20255 23531 W FileUtils: Failed to chmod(/data/user/0/com.tencent.mobileqq/app_tbs): android.system.ErrnoException: chmod failed: EACCES (Permission denied)
07-06 16:00:04.620 20255 23531 W FileUtils: Failed to chmod(/data/user/0/com.tencent.mobileqq/app_tbs_common_share): android.system.ErrnoException: chmod failed: EACCES (Permission denied)
07-06 16:00:04.797 23378 23577 I PackageParser: com.tencent.tbs.ug.component: compat added android.permission.WRITE_EXTERNAL_STORAGE android.permission.READ_PHONE_STATE
07-06 16:00:04.941 23378 23665 W FileUtils: Failed to chmod(/data/user/0/com.tencent.mtt/app_tbs): android.system.ErrnoException: chmod failed: EACCES (Permission denied)
07-06 16:00:04.941 23378 23665 W FileUtils: Failed to chmod(/data/user/0/com.tencent.mtt/app_tbs_common_share): android.system.ErrnoException: chmod failed: EACCES (Permission denied)
07-06 16:00:04.953 23378 23665 W FileUtils: Failed to chmod(/data/user/0/com.tencent.mm/app_tbs): android.system.ErrnoException: chmod failed: EACCES (Permission denied)
07-06 16:00:04.953 23378 23665 W FileUtils: Failed to chmod(/data/user/0/com.tencent.mm/app_tbs_common_share): android.system.ErrnoException: chmod failed: EACCES (Permission denied)
07-06 16:00:04.968 23378 23665 W FileUtils: Failed to chmod(/data/user/0/com.tencent.mobileqq/app_tbs): android.system.ErrnoException: chmod failed: EACCES (Permission denied)
07-06 16:00:04.969 23378 23665 W FileUtils: Failed to chmod(/data/user/0/com.tencent.mobileqq/app_tbs_common_share): android.system.ErrnoException: chmod failed: EACCES (Permission denied)
07-06 16:00:05.041 23414 23706 I PackageParser: com.tencent.tbs.ug.component: compat added android.permission.WRITE_EXTERNAL_STORAGE android.permission.READ_PHONE_STATE
07-06 16:00:05.174 23414 23751 W FileUtils: Failed to chmod(/data/user/0/com.tencent.mtt/app_tbs): android.system.ErrnoException: chmod failed: EACCES (Permission denied)
07-06 16:00:05.174 23414 23751 W FileUtils: Failed to chmod(/data/user/0/com.tencent.mtt/app_tbs_common_share): android.system.ErrnoException: chmod failed: EACCES (Permission denied)
07-06 16:00:05.184 23414 23751 W FileUtils: Failed to chmod(/data/user/0/com.tencent.mm/app_tbs): android.system.ErrnoException: chmod failed: EACCES (Permission denied)
07-06 16:00:05.184 23414 23751 W FileUtils: Failed to chmod(/data/user/0/com.tencent.mm/app_tbs_common_share): android.system.ErrnoException: chmod failed: EACCES (Permission denied)
07-06 16:00:05.222 23414 23751 W FileUtils: Failed to chmod(/data/user/0/com.tencent.mobileqq/app_tbs): android.system.ErrnoException: chmod failed: EACCES (Permission denied)
07-06 16:00:05.222 23414 23751 W FileUtils: Failed to chmod(/data/user/0/com.tencent.mobileqq/app_tbs_common_share): android.system.ErrnoException: chmod failed: EACCES (Permission denied)
07-06 16:00:09.190  2207  2207 V DeadZone: consuming errant click: (387.0,15.0)
07-06 16:00:10.173  1534  2479 I chatty  : uid=1000(system) Binder:1534_7 expire 3 lines
07-06 16:00:17.478 20255 23998 W FileUtils: Failed to chmod(/data/user/0/com.tencent.mtt/app_tbs): android.system.ErrnoException: chmod failed: EACCES (Permission denied)
07-06 16:00:17.478 20255 23998 W FileUtils: Failed to chmod(/data/user/0/com.tencent.mtt/app_tbs_common_share): android.system.ErrnoException: chmod failed: EACCES (Permission denied)
07-06 16:00:17.719  1534  1636 I chatty  : uid=1000(system) android.fg expire 30 lines
07-06 16:00:17.720  1534  2050 I chatty  : uid=1000(system) NetworkStats expire 89 lines
07-06 16:00:17.774 20255 23998 W FileUtils: Failed to chmod(/data/user/0/com.tencent.mm/app_tbs): android.system.ErrnoException: chmod failed: EACCES (Permission denied)
07-06 16:00:17.775 20255 23998 W FileUtils: Failed to chmod(/data/user/0/com.tencent.mm/app_tbs_common_share): android.system.ErrnoException: chmod failed: EACCES (Permission denied)
07-06 16:00:17.883 20255 23998 W FileUtils: Failed to chmod(/data/user/0/com.tencent.mobileqq/app_tbs): android.system.ErrnoException: chmod failed: EACCES (Permission denied)
07-06 16:00:17.884 20255 23998 W FileUtils: Failed to chmod(/data/user/0/com.tencent.mobileqq/app_tbs_common_share): android.system.ErrnoException: chmod failed: EACCES (Permission denied)
07-06 16:00:19.837  1534  1638 I chatty  : uid=1000(system) android.io expire 2 lines
07-06 16:00:19.845  1534  1545 I chatty  : uid=1000(system) Binder:1534_2 expire 1 line
07-06 16:00:21.186  1534  2072 I chatty  : uid=1000(system) Binder:1534_3 expire 1 line
07-06 16:00:21.996  1534  3145 I chatty  : uid=1000(system) Binder:1534_E expire 2 lines
07-06 16:00:22.143 24250 24421 I PackageParser: com.tencent.tbs.ug.component: compat added android.permission.WRITE_EXTERNAL_STORAGE android.permission.READ_PHONE_STATE
07-06 16:00:22.267 24250 24454 W FileUtils: Failed to chmod(/data/user/0/com.tencent.mtt/app_tbs): android.system.ErrnoException: chmod failed: EACCES (Permission denied)
07-06 16:00:22.267 24250 24454 W FileUtils: Failed to chmod(/data/user/0/com.tencent.mtt/app_tbs_common_share): android.system.ErrnoException: chmod failed: EACCES (Permission denied)
07-06 16:00:22.272 24250 24454 W FileUtils: Failed to chmod(/data/user/0/com.tencent.mm/app_tbs): android.system.ErrnoException: chmod failed: EACCES (Permission denied)
07-06 16:00:22.272 24250 24454 W FileUtils: Failed to chmod(/data/user/0/com.tencent.mm/app_tbs_common_share): android.system.ErrnoException: chmod failed: EACCES (Permission denied)
07-06 16:00:22.285 24250 24454 W FileUtils: Failed to chmod(/data/user/0/com.tencent.mobileqq/app_tbs): android.system.ErrnoException: chmod failed: EACCES (Permission denied)
07-06 16:00:22.285 24250 24454 W FileUtils: Failed to chmod(/data/user/0/com.tencent.mobileqq/app_tbs_common_share): android.system.ErrnoException: chmod failed: EACCES (Permission denied)
07-06 16:00:22.390 24223 24416 I PackageParser: com.tencent.tbs.ug.component: compat added android.permission.WRITE_EXTERNAL_STORAGE android.permission.READ_PHONE_STATE
07-06 16:00:22.569 24223 24482 W FileUtils: Failed to chmod(/data/user/0/com.tencent.mtt/app_tbs): android.system.ErrnoException: chmod failed: EACCES (Permission denied)
07-06 16:00:22.569 24223 24482 W FileUtils: Failed to chmod(/data/user/0/com.tencent.mtt/app_tbs_common_share): android.system.ErrnoException: chmod failed: EACCES (Permission denied)
07-06 16:00:22.580 24223 24482 W FileUtils: Failed to chmod(/data/user/0/com.tencent.mm/app_tbs): android.system.ErrnoException: chmod failed: EACCES (Permission denied)
07-06 16:00:22.580 24223 24482 W FileUtils: Failed to chmod(/data/user/0/com.tencent.mm/app_tbs_common_share): android.system.ErrnoException: chmod failed: EACCES (Permission denied)
07-06 16:00:22.615 24223 24482 W FileUtils: Failed to chmod(/data/user/0/com.tencent.mobileqq/app_tbs): android.system.ErrnoException: chmod failed: EACCES (Permission denied)
07-06 16:00:22.615 24223 24482 W FileUtils: Failed to chmod(/data/user/0/com.tencent.mobileqq/app_tbs_common_share): android.system.ErrnoException: chmod failed: EACCES (Permission denied)
07-06 16:00:26.302  1534  3128 I chatty  : uid=1000(system) Binder:1534_B expire 1 line
07-06 16:00:32.395  1534  2050 I chatty  : uid=1000(system) NetworkStats expire 175 lines
07-06 16:00:32.745  1534  1636 I chatty  : uid=1000(system) android.fg expire 58 lines
07-06 16:00:32.968  1534  1534 I chatty  : uid=1000 system_server expire 8 lines
07-06 16:00:34.192  1534  1596 I chatty  : uid=1000(system) android.bg expire 8 lines
07-06 16:00:36.431  1534  2038 I chatty  : uid=1000(system) AlarmManager expire 3 lines
07-06 16:00:36.448  1534  1599 I chatty  : uid=1000(system) ActivityManager expire 17 lines
07-06 16:00:52.584  1534  1636 I chatty  : uid=1000(system) android.fg expire 49 lines
07-06 16:00:52.584  1534  2050 I chatty  : uid=1000(system) NetworkStats expire 147 lines
07-06 16:00:57.817  1534  3130 I chatty  : uid=1000(system) Binder:1534_C expire 1 line
07-06 16:00:58.816  1534  2358 I chatty  : uid=1000(system) Binder:1534_5 expire 1 line
07-06 16:01:00.000  1534  2038 I chatty  : uid=1000(system) AlarmManager expire 10 lines
07-06 16:01:02.827  1534  1534 I chatty  : uid=1000 system_server expire 18 lines
07-06 16:01:05.410  1534  3142 I chatty  : uid=1000(system) Binder:1534_D expire 1 line
07-06 16:01:05.569  1534 11344 I chatty  : uid=1000(system) Binder:1534_12 expire 3 lines
07-06 16:01:07.952  1534  1544 I chatty  : uid=1000(system) Binder:1534_1 expire 1 line
07-06 16:01:08.835  1534 22730 I chatty  : uid=1000(system) Binder:1534_16 expire 1 line
07-06 16:01:08.871  1534 24228 I chatty  : uid=1000(system) Binder:1534_14 expire 1 line
07-06 16:01:36.255  1534  1596 I chatty  : uid=1000(system) android.bg expire 18 lines
07-06 16:03:00.001  1534  2038 I chatty  : uid=1000(system) AlarmManager expire 11 lines
07-06 16:03:08.828  1534  1534 I chatty  : uid=1000 system_server expire 13 lines
07-06 16:03:11.575  1534  2039 I chatty  : uid=1000(system) UEventObserver expire 1 line
07-06 16:03:11.627  1534  1612 I chatty  : uid=1000(system) batterystats-sy expire 2 lines
07-06 16:03:11.750  1534  1599 I chatty  : uid=1000(system) ActivityManager expire 12 lines
07-06 16:03:12.481  1534 32029 I chatty  : uid=1000(system) Binder:1534_13 expire 1 line
07-06 16:03:12.577  1534  1636 I chatty  : uid=1000(system) android.fg expire 3 lines
07-06 16:03:12.728  1534 19175 I chatty  : uid=1000(system) Binder:1534_15 expire 2 lines
07-06 16:04:19.630  1534  3150 I chatty  : uid=1000(system) Binder:1534_10 expire 1 line
07-06 16:04:19.717  1534  2130 I chatty  : uid=1000(system) Binder:1534_4 expire 1 line
07-06 16:04:36.486  1534  2050 I chatty  : uid=1000(system) NetworkStats expire 1 line
07-06 16:04:52.524  1534  3094 I chatty  : uid=1000(system) Binder:1534_A expire 3 lines
07-06 16:05:18.724  2207  2207 V DeadZone: consuming errant click: (725.0,16.0)
07-06 16:05:18.842  1534  3087 I chatty  : uid=1000(system) Binder:1534_9 expire 1 line
07-06 16:05:36.450  1534  2038 I chatty  : uid=1000(system) AlarmManager expire 4 lines
07-06 16:05:46.508  1534  1596 I chatty  : uid=1000(system) android.bg expire 4 lines
07-06 16:05:46.710  1534  1641 I chatty  : uid=1000(system) PowerManagerSer expire 163 lines
07-06 16:05:51.867  1534  2044 I chatty  : uid=1000(system) InputReader expire 2 lines
07-06 16:05:51.867  1534  2075 I chatty  : uid=1000(system) ColorBalanceThr expire 3 lines
07-06 16:05:51.960  1534 24228 I chatty  : uid=1000(system) Binder:1534_14 expire 1 line
07-06 16:05:51.962  1534  1545 I chatty  : uid=1000(system) Binder:1534_2 expire 1 line
07-06 16:05:51.964  1534  2077 I chatty  : uid=1000(system) FingerPrintThre expire 7 lines
07-06 16:05:52.188  1534  1639 I chatty  : uid=1000(system) android.display expire 1 line
07-06 16:05:52.206  1042  1276 D QMI_FW  : chen-screen off: is_screen_off = 1 
07-06 16:05:52.206  1534  1544 I chatty  : uid=1000(system) Binder:1534_1 expire 1 line
07-06 16:05:52.207   844  1277 D QMI_FW  : chen-screen off: is_screen_off = 1 
07-06 16:05:52.217  1534  2072 I chatty  : uid=1000(system) Binder:1534_3 expire 1 line
07-06 16:05:52.421  1534  1534 I chatty  : uid=1000 system_server expire 2 lines
07-06 16:05:52.488  1534  3130 I chatty  : uid=1000(system) Binder:1534_C expire 1 line
07-06 16:05:52.549  1534  3128 I chatty  : uid=1000(system) Binder:1534_B expire 1 line
07-06 16:05:52.551  1534  2358 I chatty  : uid=1000(system) Binder:1534_5 expire 5 lines
07-06 16:05:52.572  1534 11343 I chatty  : uid=1000(system) Binder:1534_11 expire 3 lines
07-06 16:05:52.579  1534  2077 I chatty  : uid=1000(system) FingerPrintThre expire 13 lines
07-06 16:05:52.714  1534  1545 I chatty  : uid=1000(system) Binder:1534_2 expire 8 lines
07-06 16:05:53.139  1534  1636 I chatty  : uid=1000(system) android.fg expire 6 lines
07-06 16:05:53.139  1534  2050 I chatty  : uid=1000(system) NetworkStats expire 15 lines
07-06 16:05:57.268  1534 25288 I chatty  : uid=1000 system_server expire 3 lines
07-06 16:06:00.001  1534  2038 I chatty  : uid=1000(system) AlarmManager expire 18 lines
07-06 16:06:03.891  1534 25291 I chatty  : uid=1000 system_server expire 2 lines
07-06 16:06:10.987  1534  3142 I chatty  : uid=1000(system) Binder:1534_D expire 7 lines
07-06 16:06:11.027  1534  1544 I chatty  : uid=1000(system) Binder:1534_1 expire 5 lines
07-06 16:06:11.029  1534  3130 I chatty  : uid=1000(system) Binder:1534_C expire 4 lines
07-06 16:06:11.926  1534  3128 I chatty  : uid=1000(system) Binder:1534_B expire 2 lines
07-06 16:06:11.927  1534  2130 I chatty  : uid=1000(system) Binder:1534_4 expire 1 line
07-06 16:06:11.930  1534  1641 I chatty  : uid=1000(system) PowerManagerSer expire 23 lines
07-06 16:06:11.930  1534  1534 I chatty  : uid=1000 system_server expire 13 lines
07-06 16:06:11.932  1534  2075 I chatty  : uid=1000(system) ColorBalanceThr expire 7 lines
07-06 16:06:11.951  1534  1639 I chatty  : uid=1000(system) android.display expire 7 lines
07-06 16:06:12.006  1534  2459 I chatty  : uid=1000(system) Binder:1534_6 expire 4 lines
07-06 16:06:12.006  1534  1601 I chatty  : uid=1000(system) android.ui expire 7 lines
07-06 16:06:12.100  1534 24228 I chatty  : uid=1000(system) Binder:1534_14 expire 4 lines
07-06 16:06:12.111   844  1277 D QMI_FW  : chen-screen on: is_screen_off = 0 
07-06 16:06:12.123  1042  1276 D QMI_FW  : chen-screen on: is_screen_off = 0 
07-06 16:06:12.158  1534  3087 I chatty  : uid=1000(system) Binder:1534_9 expire 2 lines
07-06 16:06:12.193  1042  1276 D QMI_FW  : chen-screen off: is_screen_off = 1 
07-06 16:06:12.195   844  1277 D QMI_FW  : chen-screen off: is_screen_off = 1 
07-06 16:06:12.669  1534  3145 I chatty  : uid=1000(system) Binder:1534_E expire 1 line
07-06 16:06:12.678  1534  2077 I chatty  : uid=1000(system) FingerPrintThre expire 11 lines
07-06 16:06:12.933  1534  1596 I chatty  : uid=1000(system) android.bg expire 18 lines
07-06 16:06:13.044  1534  3076 I chatty  : uid=1000(system) Binder:1534_8 expire 4 lines
07-06 16:06:17.225  1534 25321 I chatty  : uid=1000 system_server expire 2 lines
07-06 16:06:23.684  1534 25325 I chatty  : uid=1000 system_server expire 2 lines
07-06 16:06:32.298  1534  1599 I chatty  : uid=1000(system) ActivityManager expire 12 lines
07-06 16:06:37.308  1534 25331 I chatty  : uid=1000 system_server expire 2 lines
07-06 16:06:40.608  1534  2126 I chatty  : uid=1000(system) OneplusProcessT expire 2 lines
07-06 16:06:40.849  1534  3094 I chatty  : uid=1000(system) Binder:1534_A expire 3 lines
07-06 16:06:46.744  1534 25361 I chatty  : uid=1000 system_server expire 2 lines
07-06 16:07:17.540  1534 25370 I chatty  : uid=1000 system_server expire 1 line
07-06 16:07:46.826  1534 25385 I chatty  : uid=1000 system_server expire 1 line
07-06 16:08:16.937  1534 25392 I chatty  : uid=1000 system_server expire 1 line
07-06 16:08:46.969  1534 25403 I chatty  : uid=1000 system_server expire 1 line
07-06 16:08:58.126  1534  1640 I chatty  : uid=1000(system) CpuTracker expire 1 line
07-06 16:08:58.144  1534  1612 I chatty  : uid=1000(system) batterystats-sy expire 2 lines
07-06 16:09:00.686  1534  2050 I chatty  : uid=1000(system) NetworkStats expire 3 lines
07-06 16:09:03.233  1534 25407 I chatty  : uid=1000 system_server expire 1 line
07-06 16:09:42.943  1534 11344 I chatty  : uid=1000(system) Binder:1534_12 expire 1 line
07-06 16:09:42.943  1534  2060 I chatty  : uid=1000(system) ConnectivitySer expire 1 line
07-06 16:10:34.705  1534 25483 I chatty  : uid=1000 system_server expire 1 line
07-06 16:12:38.973  1534  2072 I chatty  : uid=1000(system) Binder:1534_3 expire 1 line
07-06 16:12:38.983  1534  3149 I chatty  : uid=1000(system) Binder:1534_F expire 1 line
07-06 16:12:39.020  1042  1276 D QMI_FW  : chen-screen on: is_screen_off = 0 
07-06 16:12:39.039   844  1277 D QMI_FW  : chen-screen on: is_screen_off = 0 
07-06 16:12:39.057  1534  1641 I chatty  : uid=1000(system) PowerManagerSer expire 1 line
07-06 16:12:39.057  1534  1534 I chatty  : uid=1000 system_server expire 9 lines
07-06 16:12:39.062  1534  2077 I chatty  : uid=1000(system) FingerPrintThre expire 4 lines
07-06 16:12:39.066  1534  1596 I chatty  : uid=1000(system) android.bg expire 5 lines
07-06 16:12:39.108  1534  1601 I chatty  : uid=1000(system) android.ui expire 3 lines
07-06 16:12:39.108  1534  1641 I chatty  : uid=1000(system) PowerManagerSer expire 82 lines
07-06 16:12:39.110  1534  1534 I chatty  : uid=1000 system_server expire 10 lines
07-06 16:12:39.122  1534  2358 I chatty  : uid=1000(system) Binder:1534_5 expire 3 lines
07-06 16:12:39.147  1534 11343 I chatty  : uid=1000(system) Binder:1534_11 expire 28 lines
07-06 16:12:39.208  1534  2130 I chatty  : uid=1000(system) Binder:1534_4 expire 1 line
07-06 16:12:39.246  1534  3149 I chatty  : uid=1000(system) Binder:1534_F expire 2 lines
07-06 16:12:39.274  1534 11344 I chatty  : uid=1000(system) Binder:1534_12 expire 2 lines
07-06 16:12:40.202  1534  3128 I chatty  : uid=1000(system) Binder:1534_B expire 11 lines
07-06 16:12:40.336  1534 24228 I chatty  : uid=1000(system) Binder:1534_14 expire 4 lines
07-06 16:12:41.221  1534  1599 I chatty  : uid=1000(system) ActivityManager expire 5 lines
07-06 16:12:42.606  1534  3087 I chatty  : uid=1000(system) Binder:1534_9 expire 5 lines
07-06 16:12:48.994  1534  3130 I chatty  : uid=1000(system) Binder:1534_C expire 2 lines
07-06 16:12:51.647  1534  2072 I chatty  : uid=1000(system) Binder:1534_3 expire 1 line
07-06 16:12:54.950  1534  1545 I chatty  : uid=1000(system) Binder:1534_2 expire 1 line
07-06 16:12:59.490  1534  1544 I chatty  : uid=1000(system) Binder:1534_1 expire 8 lines
07-06 16:13:00.000  1534  2038 I chatty  : uid=1000(system) AlarmManager expire 3 lines
07-06 16:13:00.310  1534  1603 I chatty  : uid=1000(system) ActivityManager expire 12 lines
07-06 16:13:00.334  1534  3076 I chatty  : uid=1000(system) Binder:1534_8 expire 5 lines
07-06 16:13:00.353  1534  3145 I chatty  : uid=1000(system) Binder:1534_E expire 1 line
07-06 16:13:00.404  1534 22730 I chatty  : uid=1000(system) Binder:1534_16 expire 1 line
07-06 16:13:00.437  1534  3150 I chatty  : uid=1000(system) Binder:1534_10 expire 2 lines
07-06 16:13:00.437  1534  2060 I chatty  : uid=1000(system) ConnectivitySer expire 4 lines
07-06 16:13:00.443  1534  3142 I chatty  : uid=1000(system) Binder:1534_D expire 2 lines
07-06 16:13:00.461  1534  3094 I chatty  : uid=1000(system) Binder:1534_A expire 1 line
07-06 16:13:00.524  1534  1639 I chatty  : uid=1000(system) android.display expire 24 lines
07-06 16:13:00.558  1534  2459 I chatty  : uid=1000(system) Binder:1534_6 expire 2 lines
07-06 16:13:00.559  1534  2479 I chatty  : uid=1000(system) Binder:1534_7 expire 2 lines
07-06 16:13:01.208  1534  2044 I chatty  : uid=1000(system) InputReader expire 2 lines
07-06 16:13:01.209  1534  2075 I chatty  : uid=1000(system) ColorBalanceThr expire 3 lines
07-06 16:13:01.292  1534  2077 I chatty  : uid=1000(system) FingerPrintThre expire 22 lines
07-06 16:13:01.489  1534  1641 I chatty  : uid=1000(system) PowerManagerSer expire 10 lines
07-06 16:13:01.501  1534  3128 I chatty  : uid=1000(system) Binder:1534_B expire 3 lines
07-06 16:13:01.501  1534  1639 I chatty  : uid=1000(system) android.display expire 4 lines
07-06 16:13:01.502  1534  1534 I chatty  : uid=1000 system_server expire 10 lines
07-06 16:13:01.514   844  1277 D QMI_FW  : chen-screen off: is_screen_off = 1 
07-06 16:13:01.514  1042  1276 D QMI_FW  : chen-screen off: is_screen_off = 1 
07-06 16:13:01.583  1534 11343 I chatty  : uid=1000(system) Binder:1534_11 expire 5 lines
07-06 16:13:01.742  1534 24228 I chatty  : uid=1000(system) Binder:1534_14 expire 12 lines
07-06 16:13:01.751  1534  2130 I chatty  : uid=1000(system) Binder:1534_4 expire 6 lines
07-06 16:13:01.780  1534  3087 I chatty  : uid=1000(system) Binder:1534_9 expire 5 lines
07-06 16:13:01.903  1534 22730 I chatty  : uid=1000(system) Binder:1534_16 expire 3 lines
07-06 16:13:01.909  1534 32029 I chatty  : uid=1000(system) Binder:1534_13 expire 2 lines
07-06 16:13:01.924  1534  3094 I chatty  : uid=1000(system) Binder:1534_A expire 4 lines
07-06 16:13:03.357  1534  1598 I chatty  : uid=1000(system) EmbryoManager expire 1 line
07-06 16:13:05.033  1534  1545 I chatty  : uid=1000(system) Binder:1534_2 expire 2 lines
07-06 16:13:05.069  1534  2072 I chatty  : uid=1000(system) Binder:1534_3 expire 3 lines
07-06 16:13:06.591  1534 25861 I chatty  : uid=1000 system_server expire 1 line
07-06 16:13:07.485  1534  1599 I chatty  : uid=1000(system) ActivityManager expire 48 lines
07-06 16:13:11.170  1534  2038 I chatty  : uid=1000(system) AlarmManager expire 10 lines
07-06 16:13:35.380  1534  3150 I chatty  : uid=1000(system) Binder:1534_10 expire 5 lines
07-06 16:13:45.307  1534  1596 I chatty  : uid=1000(system) android.bg expire 13 lines
07-06 16:16:32.214  1534  3145 I chatty  : uid=1000(system) Binder:1534_E expire 4 lines
07-06 16:16:41.505  1534  3076 I chatty  : uid=1000(system) Binder:1534_8 expire 4 lines
07-06 16:16:41.514  1534  3142 I chatty  : uid=1000(system) Binder:1534_D expire 3 lines
07-06 16:16:41.519  1534  2075 I chatty  : uid=1000(system) ColorBalanceThr expire 2 lines
07-06 16:16:41.605  1042  1276 D QMI_FW  : chen-screen on: is_screen_off = 0 
07-06 16:16:41.606   844  1277 D QMI_FW  : chen-screen on: is_screen_off = 0 
07-06 16:16:41.606  1534  1544 I chatty  : uid=1000(system) Binder:1534_1 expire 8 lines
07-06 16:16:41.613  1534  1601 I chatty  : uid=1000(system) android.ui expire 6 lines
07-06 16:16:41.632  1534  1641 I chatty  : uid=1000(system) PowerManagerSer expire 5 lines
07-06 16:16:41.720  1534  2358 I chatty  : uid=1000(system) Binder:1534_5 expire 4 lines
07-06 16:16:47.923 25989 26168 W FileUtils: Failed to chmod(/data/user/0/com.tencent.mtt/app_tbs): android.system.ErrnoException: chmod failed: EACCES (Permission denied)
07-06 16:16:47.924 25989 26168 W FileUtils: Failed to chmod(/data/user/0/com.tencent.mtt/app_tbs_common_share): android.system.ErrnoException: chmod failed: EACCES (Permission denied)
07-06 16:16:47.929 25989 26168 W FileUtils: Failed to chmod(/data/user/0/com.tencent.mm/app_tbs): android.system.ErrnoException: chmod failed: EACCES (Permission denied)
07-06 16:16:47.929 25989 26168 W FileUtils: Failed to chmod(/data/user/0/com.tencent.mm/app_tbs_common_share): android.system.ErrnoException: chmod failed: EACCES (Permission denied)
07-06 16:16:47.951 25989 26168 W FileUtils: Failed to chmod(/data/user/0/com.tencent.mobileqq/app_tbs): android.system.ErrnoException: chmod failed: EACCES (Permission denied)
07-06 16:16:47.951 25989 26168 W FileUtils: Failed to chmod(/data/user/0/com.tencent.mobileqq/app_tbs_common_share): android.system.ErrnoException: chmod failed: EACCES (Permission denied)
07-06 16:16:48.145 25989 26226 I PackageParser: com.tencent.tbs.ug.component: compat added android.permission.WRITE_EXTERNAL_STORAGE android.permission.READ_PHONE_STATE
07-06 16:16:48.302 25989 26281 W FileUtils: Failed to chmod(/data/user/0/com.tencent.mtt/app_tbs): android.system.ErrnoException: chmod failed: EACCES (Permission denied)
07-06 16:16:48.303 25989 26281 W FileUtils: Failed to chmod(/data/user/0/com.tencent.mtt/app_tbs_common_share): android.system.ErrnoException: chmod failed: EACCES (Permission denied)
07-06 16:16:48.308 25989 26281 W FileUtils: Failed to chmod(/data/user/0/com.tencent.mm/app_tbs): android.system.ErrnoException: chmod failed: EACCES (Permission denied)
07-06 16:16:48.308 25989 26281 W FileUtils: Failed to chmod(/data/user/0/com.tencent.mm/app_tbs_common_share): android.system.ErrnoException: chmod failed: EACCES (Permission denied)
07-06 16:16:48.326 25989 26281 W FileUtils: Failed to chmod(/data/user/0/com.tencent.mobileqq/app_tbs): android.system.ErrnoException: chmod failed: EACCES (Permission denied)
07-06 16:16:48.326 25989 26281 W FileUtils: Failed to chmod(/data/user/0/com.tencent.mobileqq/app_tbs_common_share): android.system.ErrnoException: chmod failed: EACCES (Permission denied)
07-06 16:16:51.028  1534 11344 I chatty  : uid=1000(system) Binder:1534_12 expire 4 lines
07-06 16:16:51.173  1534  1636 I chatty  : uid=1000(system) android.fg expire 2 lines
07-06 16:16:51.174  1534  2050 I chatty  : uid=1000(system) NetworkStats expire 6 lines
07-06 16:16:53.897  1534  1534 I chatty  : uid=1000 system_server expire 3 lines
07-06 16:16:55.455  1534  2038 I chatty  : uid=1000(system) AlarmManager expire 21 lines
07-06 16:17:26.737  1534  2479 I chatty  : uid=1000(system) Binder:1534_7 expire 4 lines
07-06 16:17:52.463  1534  3130 I chatty  : uid=1000(system) Binder:1534_C expire 3 lines
07-06 16:17:54.954  1534  2459 I chatty  : uid=1000(system) Binder:1534_6 expire 1 line
07-06 16:17:56.390  1534 26767 I chatty  : uid=1000(system) Binder:1534_18 expire 1 line
07-06 16:18:21.784  1534 19175 I chatty  : uid=1000(system) Binder:1534_15 expire 1 line
07-06 16:18:26.463  1534  1612 I chatty  : uid=1000(system) batterystats-sy expire 1 line
07-06 16:18:26.498  1534 26839 I chatty  : uid=1000 system_server expire 1 line
07-06 16:19:11.867  1534  2072 I chatty  : uid=1000(system) Binder:1534_3 expire 1 line
07-06 16:19:11.881  1534  1599 I chatty  : uid=1000(system) ActivityManager expire 79 lines
07-06 16:19:14.729  1534 22730 I chatty  : uid=1000(system) Binder:1534_16 expire 6 lines
07-06 16:19:20.428  1534  2038 I chatty  : uid=1000(system) AlarmManager expire 32 lines
07-06 16:19:45.468  1534  1641 I chatty  : uid=1000(system) PowerManagerSer expire 1 line
07-06 16:20:30.689  1534  1534 I chatty  : uid=1000 system_server expire 10 lines
07-06 16:20:41.750  1534 24228 I chatty  : uid=1000(system) Binder:1534_14 expire 2 lines
07-06 16:20:59.017  1534 19175 I chatty  : uid=1000(system) Binder:1534_15 expire 3 lines
07-06 16:21:28.839  1534  3145 I chatty  : uid=1000(system) Binder:1534_E expire 3 lines
07-06 16:21:46.273  1534  2358 I chatty  : uid=1000(system) Binder:1534_5 expire 1 line
07-06 16:21:50.362  1534 26767 I chatty  : uid=1000(system) Binder:1534_18 expire 4 lines
07-06 16:21:50.367  1534  1596 I chatty  : uid=1000(system) android.bg expire 11 lines
07-06 16:21:50.402  1534  2459 I chatty  : uid=1000(system) Binder:1534_6 expire 6 lines
07-06 16:21:50.405  1534  2060 I chatty  : uid=1000(system) ConnectivitySer expire 1 line
07-06 16:22:11.923  1534 32029 I chatty  : uid=1000(system) Binder:1534_13 expire 1 line
07-06 16:22:18.313  1534  3094 I chatty  : uid=1000(system) Binder:1534_A expire 2 lines
07-06 16:22:19.281  1534  3150 I chatty  : uid=1000(system) Binder:1534_10 expire 4 lines
07-06 16:22:22.231  1534 11343 I chatty  : uid=1000(system) Binder:1534_11 expire 2 lines
07-06 16:22:23.277  1534  3076 I chatty  : uid=1000(system) Binder:1534_8 expire 4 lines
07-06 16:22:24.230  1534  1545 I chatty  : uid=1000(system) Binder:1534_2 expire 3 lines
07-06 16:22:25.273  1534  2130 I chatty  : uid=1000(system) Binder:1534_4 expire 2 lines
07-06 16:22:26.420  1534  2479 I chatty  : uid=1000(system) Binder:1534_7 expire 4 lines
07-06 16:23:15.389  1534  1612 I chatty  : uid=1000(system) batterystats-sy expire 2 lines
07-06 16:23:15.430  1534 27038 I chatty  : uid=1000 system_server expire 1 line
07-06 16:24:51.262  1534  1544 I chatty  : uid=1000(system) Binder:1534_1 expire 6 lines
07-06 16:27:38.550  1534 11344 I chatty  : uid=1000(system) Binder:1534_12 expire 3 lines
07-06 16:27:40.531  2207  2207 V DeadZone: consuming errant click: (807.0,43.0)
07-06 16:27:40.632  1534  1599 I chatty  : uid=1000(system) ActivityManager expire 15 lines
07-06 16:27:42.144  1534 26766 I chatty  : uid=1000(system) Binder:1534_17 expire 2 lines
07-06 16:27:43.837  1534  2038 I chatty  : uid=1000(system) AlarmManager expire 11 lines
07-06 16:27:43.955  2207  2207 V DeadZone: consuming errant click: (808.0,46.0)
07-06 16:28:16.454  1534 27352 I chatty  : uid=1000 system_server expire 2 lines
07-06 16:28:37.555  1534  1596 I chatty  : uid=1000(system) android.bg expire 4 lines
07-06 16:28:38.297  1534  3087 I chatty  : uid=1000(system) Binder:1534_9 expire 2 lines
07-06 16:28:38.667  1534  3128 I chatty  : uid=1000(system) Binder:1534_B expire 2 lines
07-06 16:28:47.368  1534  1636 I chatty  : uid=1000(system) android.fg expire 1 line
07-06 16:28:47.370  1534  2050 I chatty  : uid=1000(system) NetworkStats expire 3 lines
07-06 16:29:58.896  1534  3130 I chatty  : uid=1000(system) Binder:1534_C expire 2 lines
07-06 16:31:57.465  1534  3149 I chatty  : uid=1000(system) Binder:1534_F expire 5 lines
07-06 16:32:00.000  1534  2038 I chatty  : uid=1000(system) AlarmManager expire 10 lines
07-06 16:32:00.390  1534  3130 I chatty  : uid=1000(system) Binder:1534_C expire 6 lines
07-06 16:32:00.487  1534  1599 I chatty  : uid=1000(system) ActivityManager expire 16 lines
07-06 16:32:01.376  1534  3094 I chatty  : uid=1000(system) Binder:1534_A expire 3 lines
07-06 16:32:05.155  1534  1612 I chatty  : uid=1000(system) batterystats-sy expire 3 lines
07-06 16:32:05.156  1534  1534 I chatty  : uid=1000 system_server expire 10 lines
07-06 16:32:05.190  1534 28506 I chatty  : uid=1000 system_server expire 1 line
07-06 16:33:14.786  1534  3087 I chatty  : uid=1000(system) Binder:1534_9 expire 5 lines
07-06 16:33:38.494  1534  2479 I chatty  : uid=1000(system) Binder:1534_7 expire 5 lines
07-06 16:33:48.786  1534  1596 I chatty  : uid=1000(system) android.bg expire 14 lines
07-06 16:33:53.731  1534  3128 I chatty  : uid=1000(system) Binder:1534_B expire 5 lines
07-06 16:33:55.265  1534  3150 I chatty  : uid=1000(system) Binder:1534_10 expire 3 lines
07-06 16:33:56.566  1534 22730 I chatty  : uid=1000(system) Binder:1534_16 expire 3 lines
07-06 16:33:57.324  1534  1636 I chatty  : uid=1000(system) android.fg expire 1 line
07-06 16:33:57.324  1534  2050 I chatty  : uid=1000(system) NetworkStats expire 4 lines
07-06 16:34:15.576  1534  1544 I chatty  : uid=1000(system) Binder:1534_1 expire 2 lines
07-06 16:34:20.580  1534  2056 I chatty  : uid=1000(system) IpManager.wlan0 expire 1 line
07-06 16:34:20.595  1534  2060 I chatty  : uid=1000(system) ConnectivitySer expire 1 line
07-06 16:34:25.089  1534  3076 I chatty  : uid=1000(system) Binder:1534_8 expire 2 lines
07-06 16:34:28.428  1534 11344 I chatty  : uid=1000(system) Binder:1534_12 expire 3 lines
07-06 16:34:31.480  1534  2130 I chatty  : uid=1000(system) Binder:1534_4 expire 2 lines
07-06 16:34:33.012  1534  3145 I chatty  : uid=1000(system) Binder:1534_E expire 3 lines
07-06 16:34:34.063  2207  2207 V DeadZone: consuming errant click: (774.0,22.0)
07-06 16:34:34.183  1534  1599 I chatty  : uid=1000(system) ActivityManager expire 15 lines
07-06 16:34:39.542  2207  2207 V DeadZone: consuming errant click: (847.0,25.0)
07-06 16:34:47.650  1534 32029 I chatty  : uid=1000(system) Binder:1534_13 expire 6 lines
07-06 16:35:00.001  1534  2038 I chatty  : uid=1000(system) AlarmManager expire 14 lines
07-06 16:35:07.622  2207  2207 V DeadZone: consuming errant click: (750.0,30.0)
07-06 16:35:07.663  1534  1599 I chatty  : uid=1000(system) ActivityManager expire 11 lines
07-06 16:35:59.999  2113  2113 W ContextImpl: Calling a method in the system process without a qualified user: android.app.ContextImpl.startService:1374 android.content.ContextWrapper.startService:614 com.oneplus.config.ConfigJobService.onStartJob:24 android.app.job.JobService$JobHandler.handleMessage:143 android.os.Handler.dispatchMessage:102 
07-06 16:36:00.000  1534  2038 I chatty  : uid=1000(system) AlarmManager expire 12 lines
07-06 16:36:00.094 30107 30107 W ContextImpl: Calling a method in the system process without a qualified user: android.app.ContextImpl.startService:1374 android.content.ContextWrapper.startService:614 android.content.ContextWrapper.startService:614 com.oneplus.appupgrader.receiver.CheckAlarmReceiver.onReceive:16 android.app.ActivityThread.handleReceiver:3230 
07-06 16:36:02.391 30107 30107 W ContextImpl: Calling a method in the system process without a qualified user: android.app.ContextImpl.sendBroadcast:894 android.content.ContextWrapper.sendBroadcast:422 com.oneplus.appupgrader.wrapper.sdk.UpgradeManager$1.onCheckError:123 com.oneplus.appupgrader.wrapper.sdk.task.CheckUpgradeTask.onPostExecute:271 com.oneplus.appupgrader.wrapper.sdk.task.CheckUpgradeTask.onPostExecute:260 
07-06 16:37:21.979  1534  1545 I chatty  : uid=1000(system) Binder:1534_2 expire 2 lines
07-06 16:38:48.714  2335  2335 W ContextImpl: Calling a method in the system process without a qualified user: android.app.ContextImpl.bindService:1438 android.content.ContextWrapper.bindService:637 com.loc.aB.pS:-1 com.loc.aB.<init>:-1 java.lang.reflect.Constructor.newInstance0:-2 
07-06 16:38:51.005  1534  1599 I chatty  : uid=1000(system) ActivityManager expire 34 lines
07-06 16:38:51.767  1534  2072 I chatty  : uid=1000(system) Binder:1534_3 expire 3 lines
07-06 16:38:54.662  1534  2358 I chatty  : uid=1000(system) Binder:1534_5 expire 2 lines
07-06 16:39:00.001  1534  2038 I chatty  : uid=1000(system) AlarmManager expire 7 lines
07-06 16:39:03.362  1534 24228 I chatty  : uid=1000(system) Binder:1534_14 expire 2 lines
07-06 16:39:07.231  1534  1534 I chatty  : uid=1000 system_server expire 12 lines
07-06 16:40:18.559  1534 26767 I chatty  : uid=1000(system) Binder:1534_18 expire 3 lines
07-06 16:40:21.259  1534  2459 I chatty  : uid=1000(system) Binder:1534_6 expire 2 lines
07-06 16:40:28.085  1534  1639 I chatty  : uid=1000(system) android.display expire 1 line
07-06 16:40:44.643  1534 26766 I chatty  : uid=1000(system) Binder:1534_17 expire 5 lines
07-06 16:40:59.239  1534  1596 I chatty  : uid=1000(system) android.bg expire 11 lines
07-06 16:41:00.001  1534  2038 I chatty  : uid=1000(system) AlarmManager expire 9 lines
07-06 16:41:23.849  1534 24228 I chatty  : uid=1000(system) Binder:1534_14 expire 3 lines
07-06 16:41:23.915  1534  1599 I chatty  : uid=1000(system) ActivityManager expire 12 lines
07-06 16:41:24.451  1534  3149 I chatty  : uid=1000(system) Binder:1534_F expire 2 lines
07-06 16:41:25.376  1534  2459 I chatty  : uid=1000(system) Binder:1534_6 expire 2 lines
07-06 16:41:29.229  1534  2479 I chatty  : uid=1000(system) Binder:1534_7 expire 5 lines
07-06 16:41:29.937  1534 11344 I chatty  : uid=1000(system) Binder:1534_12 expire 3 lines
07-06 16:41:30.719  1534  3076 I chatty  : uid=1000(system) Binder:1534_8 expire 18 lines
07-06 16:41:32.060  1534  2072 I chatty  : uid=1000(system) Binder:1534_3 expire 9 lines
07-06 16:41:32.858  1534  1636 I chatty  : uid=1000(system) android.fg expire 2 lines
07-06 16:41:32.859  1534  2050 I chatty  : uid=1000(system) NetworkStats expire 6 lines
07-06 16:41:42.825  1534  1640 I chatty  : uid=1000(system) CpuTracker expire 2 lines
07-06 16:41:42.840  1534  1612 I chatty  : uid=1000(system) batterystats-sy expire 2 lines
07-06 16:42:20.541  1534  3150 I chatty  : uid=1000(system) Binder:1534_10 expire 4 lines
07-06 16:42:20.583  1534  3145 I chatty  : uid=1000(system) Binder:1534_E expire 8 lines
07-06 16:42:20.606  1534  3128 I chatty  : uid=1000(system) Binder:1534_B expire 3 lines
07-06 16:42:21.458  1534 19175 I chatty  : uid=1000(system) Binder:1534_15 expire 4 lines
07-06 16:42:21.495  1534  3087 I chatty  : uid=1000(system) Binder:1534_9 expire 1 line
07-06 16:42:21.501  1534  1545 I chatty  : uid=1000(system) Binder:1534_2 expire 7 lines
07-06 16:42:21.509  1534  2130 I chatty  : uid=1000(system) Binder:1534_4 expire 4 lines
07-06 16:42:21.529  1534 32029 I chatty  : uid=1000(system) Binder:1534_13 expire 2 lines
07-06 16:42:21.542  1534  1544 I chatty  : uid=1000(system) Binder:1534_1 expire 2 lines
07-06 16:42:21.542  1534  2060 I chatty  : uid=1000(system) ConnectivitySer expire 5 lines
07-06 16:42:21.563  1534 26767 I chatty  : uid=1000(system) Binder:1534_18 expire 5 lines
07-06 16:42:21.574  1534 22730 I chatty  : uid=1000(system) Binder:1534_16 expire 4 lines
07-06 16:42:21.610  1534 11343 I chatty  : uid=1000(system) Binder:1534_11 expire 4 lines
07-06 16:42:21.641  1534  1639 I chatty  : uid=1000(system) android.display expire 30 lines
07-06 16:42:21.677  1534  3130 I chatty  : uid=1000(system) Binder:1534_C expire 4 lines
07-06 16:42:23.735  1534  3142 I chatty  : uid=1000(system) Binder:1534_D expire 5 lines
07-06 16:42:24.090 30044 30152 I PackageParser: com.tencent.tbs.ug.component: compat added android.permission.WRITE_EXTERNAL_STORAGE android.permission.READ_PHONE_STATE
07-06 16:42:24.223 30044 30207 W FileUtils: Failed to chmod(/data/user/0/com.tencent.mtt/app_tbs): android.system.ErrnoException: chmod failed: EACCES (Permission denied)
07-06 16:42:24.224 30044 30207 W FileUtils: Failed to chmod(/data/user/0/com.tencent.mtt/app_tbs_common_share): android.system.ErrnoException: chmod failed: EACCES (Permission denied)
07-06 16:42:24.339 30044 30207 W FileUtils: Failed to chmod(/data/user/0/com.tencent.mm/app_tbs): android.system.ErrnoException: chmod failed: EACCES (Permission denied)
07-06 16:42:24.339 30044 30207 W FileUtils: Failed to chmod(/data/user/0/com.tencent.mm/app_tbs_common_share): android.system.ErrnoException: chmod failed: EACCES (Permission denied)
07-06 16:42:24.377 25845 30214 I PackageParser: com.tencent.tbs.ug.component: compat added android.permission.WRITE_EXTERNAL_STORAGE android.permission.READ_PHONE_STATE
07-06 16:42:24.413 30044 30207 W FileUtils: Failed to chmod(/data/user/0/com.tencent.mobileqq/app_tbs): android.system.ErrnoException: chmod failed: EACCES (Permission denied)
07-06 16:42:24.413 30044 30207 W FileUtils: Failed to chmod(/data/user/0/com.tencent.mobileqq/app_tbs_common_share): android.system.ErrnoException: chmod failed: EACCES (Permission denied)
07-06 16:42:24.531 25845 30277 W FileUtils: Failed to chmod(/data/user/0/com.tencent.mtt/app_tbs): android.system.ErrnoException: chmod failed: EACCES (Permission denied)
07-06 16:42:24.531 25845 30277 W FileUtils: Failed to chmod(/data/user/0/com.tencent.mtt/app_tbs_common_share): android.system.ErrnoException: chmod failed: EACCES (Permission denied)
07-06 16:42:24.536 25845 30277 W FileUtils: Failed to chmod(/data/user/0/com.tencent.mm/app_tbs): android.system.ErrnoException: chmod failed: EACCES (Permission denied)
07-06 16:42:24.537 25845 30277 W FileUtils: Failed to chmod(/data/user/0/com.tencent.mm/app_tbs_common_share): android.system.ErrnoException: chmod failed: EACCES (Permission denied)
07-06 16:42:24.551 25845 30277 W FileUtils: Failed to chmod(/data/user/0/com.tencent.mobileqq/app_tbs): android.system.ErrnoException: chmod failed: EACCES (Permission denied)
07-06 16:42:24.551 25845 30277 W FileUtils: Failed to chmod(/data/user/0/com.tencent.mobileqq/app_tbs_common_share): android.system.ErrnoException: chmod failed: EACCES (Permission denied)
07-06 16:42:24.570  1534  1599 I chatty  : uid=1000(system) ActivityManager expire 22 lines
07-06 16:42:24.788 30126 30380 I PackageParser: com.tencent.tbs.ug.component: compat added android.permission.WRITE_EXTERNAL_STORAGE android.permission.READ_PHONE_STATE
07-06 16:42:24.916 30126 30409 W FileUtils: Failed to chmod(/data/user/0/com.tencent.mtt/app_tbs): android.system.ErrnoException: chmod failed: EACCES (Permission denied)
07-06 16:42:24.916 30126 30409 W FileUtils: Failed to chmod(/data/user/0/com.tencent.mtt/app_tbs_common_share): android.system.ErrnoException: chmod failed: EACCES (Permission denied)
07-06 16:42:24.936 30126 30409 W FileUtils: Failed to chmod(/data/user/0/com.tencent.mm/app_tbs): android.system.ErrnoException: chmod failed: EACCES (Permission denied)
07-06 16:42:24.936 30126 30409 W FileUtils: Failed to chmod(/data/user/0/com.tencent.mm/app_tbs_common_share): android.system.ErrnoException: chmod failed: EACCES (Permission denied)
07-06 16:42:24.947 30126 30409 W FileUtils: Failed to chmod(/data/user/0/com.tencent.mobileqq/app_tbs): android.system.ErrnoException: chmod failed: EACCES (Permission denied)
07-06 16:42:24.947 30126 30409 W FileUtils: Failed to chmod(/data/user/0/com.tencent.mobileqq/app_tbs_common_share): android.system.ErrnoException: chmod failed: EACCES (Permission denied)
07-06 16:42:26.164 25845 30516 W FileUtils: Failed to chmod(/data/user/0/com.tencent.mtt/app_tbs): android.system.ErrnoException: chmod failed: EACCES (Permission denied)
07-06 16:42:26.164 25845 30516 W FileUtils: Failed to chmod(/data/user/0/com.tencent.mtt/app_tbs_common_share): android.system.ErrnoException: chmod failed: EACCES (Permission denied)
07-06 16:42:26.183 25845 30516 W FileUtils: Failed to chmod(/data/user/0/com.tencent.mm/app_tbs): android.system.ErrnoException: chmod failed: EACCES (Permission denied)
07-06 16:42:26.183 25845 30516 W FileUtils: Failed to chmod(/data/user/0/com.tencent.mm/app_tbs_common_share): android.system.ErrnoException: chmod failed: EACCES (Permission denied)
07-06 16:42:26.487 25845 30516 W FileUtils: Failed to chmod(/data/user/0/com.tencent.mobileqq/app_tbs): android.system.ErrnoException: chmod failed: EACCES (Permission denied)
07-06 16:42:26.487 25845 30516 W FileUtils: Failed to chmod(/data/user/0/com.tencent.mobileqq/app_tbs_common_share): android.system.ErrnoException: chmod failed: EACCES (Permission denied)
07-06 16:42:27.067  1534  3076 I chatty  : uid=1000(system) Binder:1534_8 expire 2 lines
07-06 16:42:27.340  1534  2358 I chatty  : uid=1000(system) Binder:1534_5 expire 2 lines
07-06 16:42:28.933 25845 30484 E AndroidRuntime: FATAL EXCEPTION: other_task7
07-06 16:42:28.933 25845 30484 E AndroidRuntime: Process: com.internalkye.im, PID: 25845
07-06 16:42:28.933 25845 30484 E AndroidRuntime: java.util.ConcurrentModificationException
07-06 16:42:28.933 25845 30484 E AndroidRuntime: 	at java.util.ArrayList$Itr.next(ArrayList.java:831)
07-06 16:42:28.933 25845 30484 E AndroidRuntime: 	at java.util.AbstractCollection.toString(AbstractCollection.java:457)
07-06 16:42:28.933 25845 30484 E AndroidRuntime: 	at java.lang.String.valueOf(String.java:2683)
07-06 16:42:28.933 25845 30484 E AndroidRuntime: 	at java.lang.StringBuilder.append(StringBuilder.java:129)
07-06 16:42:28.933 25845 30484 E AndroidRuntime: 	at com.internalkye.base.manger.DetectBlackListAppManager.checkBlackAppList(DetectBlackListAppManager.java:292)
07-06 16:42:28.933 25845 30484 E AndroidRuntime: 	at com.internalkye.base.manger.DetectBlackListAppManager.lambda$checkAppListPermission$2$DetectBlackListAppManager(DetectBlackListAppManager.java:243)
07-06 16:42:28.933 25845 30484 E AndroidRuntime: 	at com.internalkye.base.manger.-$$Lambda$DetectBlackListAppManager$-WdaH2zcLpUsOJYGnh-FyrC4xfQ.run(lambda)
07-06 16:42:28.933 25845 30484 E AndroidRuntime: 	at java.util.concurrent.ThreadPoolExecutor.runWorker(ThreadPoolExecutor.java:1133)
07-06 16:42:28.933 25845 30484 E AndroidRuntime: 	at java.util.concurrent.ThreadPoolExecutor$Worker.run(ThreadPoolExecutor.java:607)
07-06 16:42:28.933 25845 30484 E AndroidRuntime: 	at java.lang.Thread.run(Thread.java:761)
07-06 16:42:28.946  1534 30635 I chatty  : uid=1000 system_server expire 1 line
07-06 16:42:29.162  1534  1534 I chatty  : uid=1000 system_server expire 5 lines
07-06 16:42:29.191  1534  1603 I chatty  : uid=1000(system) ActivityManager expire 3 lines
07-06 16:42:30.717  1534  3094 I chatty  : uid=1000(system) Binder:1534_A expire 2 lines
07-06 16:42:31.270  1534 30690 I chatty  : uid=1000 system_server expire 2 lines
07-06 16:42:32.181 30649 30752 I PackageParser: com.tencent.tbs.ug.component: compat added android.permission.WRITE_EXTERNAL_STORAGE android.permission.READ_PHONE_STATE
07-06 16:42:32.267 30649 30771 W FileUtils: Failed to chmod(/data/user/0/com.tencent.mtt/app_tbs): android.system.ErrnoException: chmod failed: EACCES (Permission denied)
07-06 16:42:32.268 30649 30771 W FileUtils: Failed to chmod(/data/user/0/com.tencent.mtt/app_tbs_common_share): android.system.ErrnoException: chmod failed: EACCES (Permission denied)
07-06 16:42:32.275 30649 30771 W FileUtils: Failed to chmod(/data/user/0/com.tencent.mm/app_tbs): android.system.ErrnoException: chmod failed: EACCES (Permission denied)
07-06 16:42:32.275 30649 30771 W FileUtils: Failed to chmod(/data/user/0/com.tencent.mm/app_tbs_common_share): android.system.ErrnoException: chmod failed: EACCES (Permission denied)
07-06 16:42:32.290 30649 30771 W FileUtils: Failed to chmod(/data/user/0/com.tencent.mobileqq/app_tbs): android.system.ErrnoException: chmod failed: EACCES (Permission denied)
07-06 16:42:32.290 30649 30771 W FileUtils: Failed to chmod(/data/user/0/com.tencent.mobileqq/app_tbs_common_share): android.system.ErrnoException: chmod failed: EACCES (Permission denied)
07-06 16:42:33.268 30649 30888 W FileUtils: Failed to chmod(/data/user/0/com.tencent.mtt/app_tbs): android.system.ErrnoException: chmod failed: EACCES (Permission denied)
07-06 16:42:33.268 30649 30888 W FileUtils: Failed to chmod(/data/user/0/com.tencent.mtt/app_tbs_common_share): android.system.ErrnoException: chmod failed: EACCES (Permission denied)
07-06 16:42:33.308 30649 30888 W FileUtils: Failed to chmod(/data/user/0/com.tencent.mm/app_tbs): android.system.ErrnoException: chmod failed: EACCES (Permission denied)
07-06 16:42:33.308 30649 30888 W FileUtils: Failed to chmod(/data/user/0/com.tencent.mm/app_tbs_common_share): android.system.ErrnoException: chmod failed: EACCES (Permission denied)
07-06 16:42:33.383 30649 30888 W FileUtils: Failed to chmod(/data/user/0/com.tencent.mobileqq/app_tbs): android.system.ErrnoException: chmod failed: EACCES (Permission denied)
07-06 16:42:33.383 30649 30888 W FileUtils: Failed to chmod(/data/user/0/com.tencent.mobileqq/app_tbs_common_share): android.system.ErrnoException: chmod failed: EACCES (Permission denied)
07-06 16:42:38.821  1534  1639 I chatty  : uid=1000(system) android.display expire 1 line
07-06 16:42:44.720 31197 31197 W ContextImpl: Calling a method in the system process without a qualified user: android.app.ContextImpl.startService:1374 android.content.ContextWrapper.startService:614 com.qualcomm.qcrilhook.QcRilHook.<init>:142 cn.oneplus.nvbackup.OemHookManager.onCreate:39 android.app.Instrumentation.callApplicationOnCreate:1036 
07-06 16:42:44.722 31197 31197 W ContextImpl: Calling a method in the system process without a qualified user: android.app.ContextImpl.bindService:1438 android.content.ContextWrapper.bindService:637 com.qualcomm.qcrilhook.QcRilHook.<init>:144 cn.oneplus.nvbackup.OemHookManager.onCreate:39 android.app.Instrumentation.callApplicationOnCreate:1036 
07-06 16:42:44.763  1534  1599 I chatty  : uid=1000(system) ActivityManager expire 57 lines
07-06 16:42:57.029  1534  2060 I chatty  : uid=1000(system) ConnectivitySer expire 1 line
07-06 16:43:00.000  1534  2038 I chatty  : uid=1000(system) AlarmManager expire 45 lines
07-06 16:43:01.734  1534 22730 I chatty  : uid=1000(system) Binder:1534_16 expire 3 lines
07-06 16:43:03.422  1534  3094 I chatty  : uid=1000(system) Binder:1534_A expire 1 line
07-06 16:43:03.425  1534 30640 I chatty  : uid=1000(system) Binder:1534_19 expire 1 line
07-06 16:43:03.533  1534  1596 I chatty  : uid=1000(system) android.bg expire 45 lines
07-06 16:43:19.914  1534  3130 I chatty  : uid=1000(system) Binder:1534_C expire 3 lines
07-06 16:43:36.637  1534  1534 I chatty  : uid=1000 system_server expire 8 lines
07-06 16:45:31.889  1534  1612 I chatty  : uid=1000(system) batterystats-sy expire 2 lines
07-06 16:45:31.923  1534 31356 I chatty  : uid=1000 system_server expire 3 lines
07-06 16:45:59.960  1534 11343 I chatty  : uid=1000(system) Binder:1534_11 expire 3 lines
07-06 16:46:21.867  1534 24228 I chatty  : uid=1000(system) Binder:1534_14 expire 2 lines
07-06 16:47:26.718  1534  3150 I chatty  : uid=1000(system) Binder:1534_10 expire 2 lines
07-06 16:47:26.759  1534 11344 I chatty  : uid=1000(system) Binder:1534_12 expire 1 line
07-06 16:47:26.966  1534  2130 I chatty  : uid=1000(system) Binder:1534_4 expire 1 line
07-06 16:47:26.983  1534 26766 I chatty  : uid=1000(system) Binder:1534_17 expire 1 line
07-06 16:47:51.208  1534  1545 I chatty  : uid=1000(system) Binder:1534_2 expire 1 line
07-06 16:49:25.505  1534 26767 I chatty  : uid=1000(system) Binder:1534_18 expire 60 lines
07-06 16:49:26.723  1534 31504 I chatty  : uid=1000 system_server expire 3 lines
07-06 16:51:10.037  1534  1596 I chatty  : uid=1000(system) android.bg expire 47 lines
07-06 16:51:24.006  1534  1534 I chatty  : uid=1000 system_server expire 11 lines
07-06 16:51:25.155  1534  2479 I chatty  : uid=1000(system) Binder:1534_7 expire 1 line
07-06 16:51:32.754  1534  2038 I chatty  : uid=1000(system) AlarmManager expire 52 lines
07-06 16:51:52.736  1534  1599 I chatty  : uid=1000(system) ActivityManager expire 66 lines
07-06 16:52:47.853  1534  3150 I chatty  : uid=1000(system) Binder:1534_10 expire 2 lines
07-06 16:53:27.503  1534  1612 I chatty  : uid=1000(system) batterystats-sy expire 3 lines
07-06 16:53:27.530  1534 31636 I chatty  : uid=1000 system_server expire 3 lines
07-06 16:55:14.362  1534 11343 I chatty  : uid=1000(system) Binder:1534_11 expire 2 lines
07-06 16:56:01.739  1534 24228 I chatty  : uid=1000(system) Binder:1534_14 expire 1 line
07-06 16:56:10.328  1534  3130 I chatty  : uid=1000(system) Binder:1534_C expire 1 line
