07-06 17:57:18.560  1534 24228 I chatty  : uid=1000(system) Binder:1534_14 expire 3 lines
07-06 17:57:18.638  1534  3128 I chatty  : uid=1000(system) Binder:1534_B expire 2 lines
07-06 17:57:18.747  1534  3130 I chatty  : uid=1000(system) Binder:1534_C expire 2 lines
07-06 17:57:19.563  1534  1596 I chatty  : uid=1000(system) android.bg expire 8 lines
07-06 17:57:19.631  1534  1638 I chatty  : uid=1000(system) android.io expire 2 lines
07-06 17:57:19.632  1534  4618 I chatty  : uid=1000(system) Binder:1534_1A expire 1 line
07-06 17:57:19.632  1534 11343 I chatty  : uid=1000(system) Binder:1534_11 expire 1 line
07-06 17:57:19.633  1534  3076 I chatty  : uid=1000(system) Binder:1534_8 expire 2 lines
07-06 17:57:20.291  1534  2038 I chatty  : uid=1000(system) AlarmManager expire 6 lines
07-06 17:57:20.913  1534  3145 I chatty  : uid=1000(system) Binder:1534_E expire 1 line
07-06 17:57:21.811 13534 13623 I PackageParser: com.tencent.tbs.ug.component: compat added android.permission.WRITE_EXTERNAL_STORAGE android.permission.READ_PHONE_STATE
07-06 17:57:21.987 13534 13649 W FileUtils: Failed to chmod(/data/user/0/com.tencent.mtt/app_tbs): android.system.ErrnoException: chmod failed: EACCES (Permission denied)
07-06 17:57:21.988 13534 13649 W FileUtils: Failed to chmod(/data/user/0/com.tencent.mtt/app_tbs_common_share): android.system.ErrnoException: chmod failed: EACCES (Permission denied)
07-06 17:57:21.999 13534 13649 W FileUtils: Failed to chmod(/data/user/0/com.tencent.mm/app_tbs): android.system.ErrnoException: chmod failed: EACCES (Permission denied)
07-06 17:57:21.999 13534 13649 W FileUtils: Failed to chmod(/data/user/0/com.tencent.mm/app_tbs_common_share): android.system.ErrnoException: chmod failed: EACCES (Permission denied)
07-06 17:57:22.045 13534 13649 W FileUtils: Failed to chmod(/data/user/0/com.tencent.mobileqq/app_tbs): android.system.ErrnoException: chmod failed: EACCES (Permission denied)
07-06 17:57:22.045 13534 13649 W FileUtils: Failed to chmod(/data/user/0/com.tencent.mobileqq/app_tbs_common_share): android.system.ErrnoException: chmod failed: EACCES (Permission denied)
07-06 17:57:24.131  1534 30640 I chatty  : uid=1000(system) Binder:1534_19 expire 1 line
07-06 17:57:25.502 13738 13785 I PackageParser: com.tencent.tbs.ug.component: compat added android.permission.WRITE_EXTERNAL_STORAGE android.permission.READ_PHONE_STATE
07-06 17:57:25.651 13738 13813 W FileUtils: Failed to chmod(/data/user/0/com.tencent.mtt/app_tbs): android.system.ErrnoException: chmod failed: EACCES (Permission denied)
07-06 17:57:25.651 13738 13813 W FileUtils: Failed to chmod(/data/user/0/com.tencent.mtt/app_tbs_common_share): android.system.ErrnoException: chmod failed: EACCES (Permission denied)
07-06 17:57:25.659 13738 13813 W FileUtils: Failed to chmod(/data/user/0/com.tencent.mm/app_tbs): android.system.ErrnoException: chmod failed: EACCES (Permission denied)
07-06 17:57:25.659 13738 13813 W FileUtils: Failed to chmod(/data/user/0/com.tencent.mm/app_tbs_common_share): android.system.ErrnoException: chmod failed: EACCES (Permission denied)
07-06 17:57:25.683 13738 13813 W FileUtils: Failed to chmod(/data/user/0/com.tencent.mobileqq/app_tbs): android.system.ErrnoException: chmod failed: EACCES (Permission denied)
07-06 17:57:25.683 13738 13813 W FileUtils: Failed to chmod(/data/user/0/com.tencent.mobileqq/app_tbs_common_share): android.system.ErrnoException: chmod failed: EACCES (Permission denied)
07-06 17:57:25.781  1534  1636 I chatty  : uid=1000(system) android.fg expire 23 lines
07-06 17:57:25.782  1534  2050 I chatty  : uid=1000(system) NetworkStats expire 69 lines
07-06 17:57:35.064  1534  1599 I chatty  : uid=1000(system) ActivityManager expire 1 line
07-06 17:57:37.930 12385 13923 W FileUtils: Failed to chmod(/data/user/0/com.tencent.mtt/app_tbs): android.system.ErrnoException: chmod failed: EACCES (Permission denied)
07-06 17:57:37.931 12385 13923 W FileUtils: Failed to chmod(/data/user/0/com.tencent.mtt/app_tbs_common_share): android.system.ErrnoException: chmod failed: EACCES (Permission denied)
07-06 17:57:37.945 12385 13923 W FileUtils: Failed to chmod(/data/user/0/com.tencent.mm/app_tbs): android.system.ErrnoException: chmod failed: EACCES (Permission denied)
07-06 17:57:37.945 12385 13923 W FileUtils: Failed to chmod(/data/user/0/com.tencent.mm/app_tbs_common_share): android.system.ErrnoException: chmod failed: EACCES (Permission denied)
07-06 17:57:37.992 12385 13923 W FileUtils: Failed to chmod(/data/user/0/com.tencent.mobileqq/app_tbs): android.system.ErrnoException: chmod failed: EACCES (Permission denied)
07-06 17:57:37.993 12385 13923 W FileUtils: Failed to chmod(/data/user/0/com.tencent.mobileqq/app_tbs_common_share): android.system.ErrnoException: chmod failed: EACCES (Permission denied)
07-06 17:57:38.016  1534  1534 I chatty  : uid=1000 system_server expire 6 lines
07-06 17:57:40.610 13980 14028 I PackageParser: com.tencent.tbs.ug.component: compat added android.permission.WRITE_EXTERNAL_STORAGE android.permission.READ_PHONE_STATE
07-06 17:57:40.787 13980 14064 W FileUtils: Failed to chmod(/data/user/0/com.tencent.mtt/app_tbs): android.system.ErrnoException: chmod failed: EACCES (Permission denied)
07-06 17:57:40.787 13980 14064 W FileUtils: Failed to chmod(/data/user/0/com.tencent.mtt/app_tbs_common_share): android.system.ErrnoException: chmod failed: EACCES (Permission denied)
07-06 17:57:40.795 13980 14064 W FileUtils: Failed to chmod(/data/user/0/com.tencent.mm/app_tbs): android.system.ErrnoException: chmod failed: EACCES (Permission denied)
07-06 17:57:40.795 13980 14064 W FileUtils: Failed to chmod(/data/user/0/com.tencent.mm/app_tbs_common_share): android.system.ErrnoException: chmod failed: EACCES (Permission denied)
07-06 17:57:40.814 13980 14064 W FileUtils: Failed to chmod(/data/user/0/com.tencent.mobileqq/app_tbs): android.system.ErrnoException: chmod failed: EACCES (Permission denied)
07-06 17:57:40.814 13980 14064 W FileUtils: Failed to chmod(/data/user/0/com.tencent.mobileqq/app_tbs_common_share): android.system.ErrnoException: chmod failed: EACCES (Permission denied)
07-06 17:57:42.273  1534  2130 I chatty  : uid=1000(system) Binder:1534_4 expire 1 line
07-06 17:57:43.674  1534  2072 I chatty  : uid=1000(system) Binder:1534_3 expire 10 lines
07-06 17:57:50.324  1534  2038 I chatty  : uid=1000(system) AlarmManager expire 14 lines
07-06 17:57:50.325  1534  1599 I chatty  : uid=1000(system) ActivityManager expire 18 lines
07-06 17:57:51.523  1534  1636 I chatty  : uid=1000(system) android.fg expire 6 lines
07-06 17:57:51.525  1534  2050 I chatty  : uid=1000(system) NetworkStats expire 9 lines
07-06 17:57:51.645  1534  3142 I chatty  : uid=1000(system) Binder:1534_D expire 4 lines
07-06 17:57:52.455  1534 30640 I chatty  : uid=1000(system) Binder:1534_19 expire 4 lines
07-06 17:57:52.470  1534  3150 I chatty  : uid=1000(system) Binder:1534_10 expire 9 lines
07-06 17:57:52.893  1534  3145 I chatty  : uid=1000(system) Binder:1534_E expire 3 lines
07-06 17:57:56.065  1534  1534 I chatty  : uid=1000 system_server expire 39 lines
07-06 17:57:57.009  1534  1544 I chatty  : uid=1000(system) Binder:1534_1 expire 6 lines
07-06 17:57:57.066  1534  4618 I chatty  : uid=1000(system) Binder:1534_1A expire 4 lines
07-06 17:57:59.684  1534  1596 I chatty  : uid=1000(system) android.bg expire 13 lines
07-06 17:57:59.712  1534 26767 I chatty  : uid=1000(system) Binder:1534_18 expire 3 lines
07-06 17:58:02.115  1534  1612 I chatty  : uid=1000(system) batterystats-sy expire 4 lines
07-06 17:58:14.753  1534  3087 I chatty  : uid=1000(system) Binder:1534_9 expire 1 line
07-06 17:58:15.382  1534  2358 I chatty  : uid=1000(system) Binder:1534_5 expire 3 lines
07-06 17:58:15.584  1534 11344 I chatty  : uid=1000(system) Binder:1534_12 expire 9 lines
07-06 17:58:19.135  1534  3130 I chatty  : uid=1000(system) Binder:1534_C expire 1 line
07-06 17:58:34.526  1534  3076 I chatty  : uid=1000(system) Binder:1534_8 expire 5 lines
07-06 17:58:37.233  1534 22730 I chatty  : uid=1000(system) Binder:1534_16 expire 10 lines
07-06 17:58:37.294  1534  2130 I chatty  : uid=1000(system) Binder:1534_4 expire 9 lines
07-06 17:58:37.308  1534 26766 I chatty  : uid=1000(system) Binder:1534_17 expire 3 lines
07-06 17:58:37.860  1534  1545 I chatty  : uid=1000(system) Binder:1534_2 expire 1 line
07-06 17:58:41.840  1534  2127 I chatty  : uid=1000(system) SuspenPorcessTh expire 1 line
07-06 17:58:42.418  1534  3094 I chatty  : uid=1000(system) Binder:1534_A expire 8 lines
07-06 17:58:42.428  1534  3149 I chatty  : uid=1000(system) Binder:1534_F expire 2 lines
07-06 17:58:44.930  1534  3128 I chatty  : uid=1000(system) Binder:1534_B expire 9 lines
07-06 17:58:45.240  1534  2479 I chatty  : uid=1000(system) Binder:1534_7 expire 3 lines
07-06 17:58:54.421  1534  2039 I chatty  : uid=1000(system) UEventObserver expire 1 line
07-06 17:58:54.634  1534 19175 I chatty  : uid=1000(system) Binder:1534_15 expire 3 lines
07-06 17:59:16.926  1534 14503 I chatty  : uid=1000 system_server expire 1 line
07-06 17:59:16.942  1534 14504 I chatty  : uid=1000(system) GlobalDispatchi expire 1 line
07-06 17:59:41.434  1534 24228 I chatty  : uid=1000(system) Binder:1534_14 expire 4 lines
07-06 17:59:44.612  2207  2207 V DeadZone: consuming errant click: (287.0,28.0)
07-06 17:59:45.244  1534  1599 I chatty  : uid=1000(system) ActivityManager expire 12 lines
07-06 17:59:45.422  1534  1596 I chatty  : uid=1000(system) android.bg expire 8 lines
07-06 17:59:50.049  1534 11343 I chatty  : uid=1000(system) Binder:1534_11 expire 7 lines
07-06 17:59:53.482  1534 32029 I chatty  : uid=1000(system) Binder:1534_13 expire 2 lines
07-06 17:59:54.769  2207  2207 V DeadZone: consuming errant click: (741.0,20.0)
07-06 17:59:54.773  1534  2459 I chatty  : uid=1000(system) Binder:1534_6 expire 1 line
07-06 17:59:58.786  1534  1534 I chatty  : uid=1000 system_server expire 1 line
07-06 17:59:58.817  1534 14625 I chatty  : uid=1000 system_server expire 4 lines
07-06 18:00:45.122  1534  3094 I chatty  : uid=1000(system) Binder:1534_A expire 11 lines
07-06 18:00:45.181  1534 24228 I chatty  : uid=1000(system) Binder:1534_14 expire 9 lines
07-06 18:00:45.201  1534  3076 I chatty  : uid=1000(system) Binder:1534_8 expire 5 lines
07-06 18:00:45.383  1534  1596 I chatty  : uid=1000(system) android.bg expire 10 lines
07-06 18:00:46.214  1534  3149 I chatty  : uid=1000(system) Binder:1534_F expire 3 lines
07-06 18:00:46.214  1534  1599 I chatty  : uid=1000(system) ActivityManager expire 20 lines
07-06 18:00:47.813  1534 26767 I chatty  : uid=1000(system) Binder:1534_18 expire 2 lines
07-06 18:00:47.891  1534  3142 I chatty  : uid=1000(system) Binder:1534_D expire 9 lines
07-06 18:00:48.273  1534  1545 I chatty  : uid=1000(system) Binder:1534_2 expire 2 lines
07-06 18:00:49.196  1534  1544 I chatty  : uid=1000(system) Binder:1534_1 expire 10 lines
07-06 18:00:50.219  1534 11344 I chatty  : uid=1000(system) Binder:1534_12 expire 11 lines
07-06 18:00:50.287  1534 30640 I chatty  : uid=1000(system) Binder:1534_19 expire 16 lines
07-06 18:00:50.299  1534  3128 I chatty  : uid=1000(system) Binder:1534_B expire 4 lines
07-06 18:00:50.744  1534  3087 I chatty  : uid=1000(system) Binder:1534_9 expire 5 lines
07-06 18:01:00.001  1534  2038 I chatty  : uid=1000(system) AlarmManager expire 16 lines
07-06 18:01:10.699  1534 32029 I chatty  : uid=1000(system) Binder:1534_13 expire 11 lines
07-06 18:01:11.575  1534  3145 I chatty  : uid=1000(system) Binder:1534_E expire 3 lines
07-06 18:01:15.398  1534  2358 I chatty  : uid=1000(system) Binder:1534_5 expire 10 lines
07-06 18:01:19.096  1534  3150 I chatty  : uid=1000(system) Binder:1534_10 expire 4 lines
07-06 18:01:19.220  1534  2072 I chatty  : uid=1000(system) Binder:1534_3 expire 9 lines
07-06 18:01:30.515  1534 19175 I chatty  : uid=1000(system) Binder:1534_15 expire 4 lines
07-06 18:01:37.238  1534 11343 I chatty  : uid=1000(system) Binder:1534_11 expire 3 lines
07-06 18:01:41.151  1534  1534 I chatty  : uid=1000 system_server expire 2 lines
07-06 18:01:41.156  1534  1612 I chatty  : uid=1000(system) batterystats-sy expire 1 line
07-06 18:01:41.195  1534 14810 I chatty  : uid=1000 system_server expire 3 lines
07-06 18:01:42.303  2207  2207 V DeadZone: consuming errant click: (294.0,30.0)
07-06 18:01:42.421  1534  2479 I chatty  : uid=1000(system) Binder:1534_7 expire 9 lines
07-06 18:01:42.801  1534  1636 I chatty  : uid=1000(system) android.fg expire 1 line
07-06 18:01:42.802  1534  2050 I chatty  : uid=1000(system) NetworkStats expire 3 lines
07-06 18:01:43.172  1534  1599 I chatty  : uid=1000(system) ActivityManager expire 17 lines
07-06 18:01:44.669  1534  2459 I chatty  : uid=1000(system) Binder:1534_6 expire 8 lines
07-06 18:01:45.401  1534  1596 I chatty  : uid=1000(system) android.bg expire 13 lines
07-06 18:02:14.598  1534  2130 I chatty  : uid=1000(system) Binder:1534_4 expire 3 lines
07-06 18:02:42.088  1534  3130 I chatty  : uid=1000(system) Binder:1534_C expire 8 lines
07-06 18:03:02.488  1534  4618 I chatty  : uid=1000(system) Binder:1534_1A expire 2 lines
07-06 18:03:06.780  2207  2207 V DeadZone: consuming errant click: (258.0,20.0)
07-06 18:03:06.888  1534  1544 I chatty  : uid=1000(system) Binder:1534_1 expire 1 line
07-06 18:03:07.567  1534 26766 I chatty  : uid=1000(system) Binder:1534_17 expire 1 line
07-06 18:03:07.567  1534  1599 I chatty  : uid=1000(system) ActivityManager expire 3 lines
07-06 18:03:11.795  1534 22730 I chatty  : uid=1000(system) Binder:1534_16 expire 2 lines
07-06 18:03:35.234  1534  1596 I chatty  : uid=1000(system) android.bg expire 14 lines
07-06 18:03:36.459  1534  3145 I chatty  : uid=1000(system) Binder:1534_E expire 9 lines
07-06 18:03:36.480  1534  2358 I chatty  : uid=1000(system) Binder:1534_5 expire 4 lines
07-06 18:03:39.437  1534  1599 I chatty  : uid=1000(system) ActivityManager expire 15 lines
07-06 18:03:39.437  1534 26766 I chatty  : uid=1000(system) Binder:1534_17 expire 2 lines
07-06 18:03:39.964  1534  1544 I chatty  : uid=1000(system) Binder:1534_1 expire 11 lines
07-06 18:03:40.218  1534  2038 I chatty  : uid=1000(system) AlarmManager expire 10 lines
07-06 18:03:40.604  1534  1534 I chatty  : uid=1000 system_server expire 7 lines
07-06 18:03:40.966  1534  3087 I chatty  : uid=1000(system) Binder:1534_9 expire 10 lines
07-06 18:03:44.813  1534 26767 I chatty  : uid=1000(system) Binder:1534_18 expire 2 lines
07-06 18:03:46.165  1534 30640 I chatty  : uid=1000(system) Binder:1534_19 expire 4 lines
07-06 18:03:47.109  1534  4618 I chatty  : uid=1000(system) Binder:1534_1A expire 10 lines
07-06 18:03:49.427  1534 32029 I chatty  : uid=1000(system) Binder:1534_13 expire 1 line
07-06 18:03:51.127  1534  3150 I chatty  : uid=1000(system) Binder:1534_10 expire 1 line
07-06 18:03:51.202  1534  3142 I chatty  : uid=1000(system) Binder:1534_D expire 9 lines
07-06 18:03:54.503  1534 11343 I chatty  : uid=1000(system) Binder:1534_11 expire 9 lines
07-06 18:04:04.152  1534 24228 I chatty  : uid=1000(system) Binder:1534_14 expire 2 lines
07-06 18:04:05.610  1534  1612 I chatty  : uid=1000(system) batterystats-sy expire 2 lines
07-06 18:04:05.650  1534 15127 I chatty  : uid=1000 system_server expire 4 lines
07-06 18:04:35.377  1534  2050 I chatty  : uid=1000(system) NetworkStats expire 1 line
07-06 18:04:35.409  1534  3130 I chatty  : uid=1000(system) Binder:1534_C expire 11 lines
07-06 18:04:35.477  1534 22730 I chatty  : uid=1000(system) Binder:1534_16 expire 11 lines
07-06 18:04:45.745  1534  3128 I chatty  : uid=1000(system) Binder:1534_B expire 1 line
07-06 18:04:45.836  1534  3094 I chatty  : uid=1000(system) Binder:1534_A expire 13 lines
07-06 18:04:56.119  2207  2207 V DeadZone: consuming errant click: (283.0,6.0)
07-06 18:04:56.123  1534  3149 I chatty  : uid=1000(system) Binder:1534_F expire 3 lines
07-06 18:04:56.831  1534  1599 I chatty  : uid=1000(system) ActivityManager expire 36 lines
07-06 18:04:58.975  1534  3076 I chatty  : uid=1000(system) Binder:1534_8 expire 10 lines
07-06 18:05:00.002  1534  2038 I chatty  : uid=1000(system) AlarmManager expire 14 lines
07-06 18:05:01.880  2207  2207 V DeadZone: consuming errant click: (298.0,2.0)
07-06 18:05:40.798  1534  1596 I chatty  : uid=1000(system) android.bg expire 14 lines
07-06 18:05:44.264  1534  1545 I chatty  : uid=1000(system) Binder:1534_2 expire 1 line
07-06 18:05:53.959  1534  2479 I chatty  : uid=1000(system) Binder:1534_7 expire 1 line
07-06 18:05:54.052  1534  4618 I chatty  : uid=1000(system) Binder:1534_1A expire 7 lines
07-06 18:06:21.037  1534 11344 I chatty  : uid=1000(system) Binder:1534_12 expire 1 line
07-06 18:06:24.169  1534 15345 I chatty  : uid=1000 system_server expire 4 lines
07-06 18:06:31.795  1534  2072 I chatty  : uid=1000(system) Binder:1534_3 expire 3 lines
07-06 18:06:52.256  1534 19175 I chatty  : uid=1000(system) Binder:1534_15 expire 3 lines
07-06 18:06:52.803  1534 32029 I chatty  : uid=1000(system) Binder:1534_13 expire 7 lines
07-06 18:06:52.803  1534  1599 I chatty  : uid=1000(system) ActivityManager expire 24 lines
07-06 18:06:56.712  1534  2038 I chatty  : uid=1000(system) AlarmManager expire 11 lines
07-06 18:06:57.049  1534 11344 I chatty  : uid=1000(system) Binder:1534_12 expire 16 lines
07-06 18:06:59.143  2207  2207 V DeadZone: consuming errant click: (316.0,25.0)
07-06 18:06:59.147  1534  1544 I chatty  : uid=1000(system) Binder:1534_1 expire 3 lines
07-06 18:06:59.255  1534  3076 I chatty  : uid=1000(system) Binder:1534_8 expire 22 lines
07-06 18:06:59.271  1534  3094 I chatty  : uid=1000(system) Binder:1534_A expire 2 lines
07-06 18:06:59.893  1534  2459 I chatty  : uid=1000(system) Binder:1534_6 expire 4 lines
07-06 18:07:06.715  1534  1596 I chatty  : uid=1000(system) android.bg expire 10 lines
07-06 18:07:15.376  1534  1545 I chatty  : uid=1000(system) Binder:1534_2 expire 5 lines
07-06 18:07:16.498  1534  3145 I chatty  : uid=1000(system) Binder:1534_E expire 4 lines
07-06 18:07:17.406  1534  3149 I chatty  : uid=1000(system) Binder:1534_F expire 2 lines
07-06 18:07:19.851  1534 22730 I chatty  : uid=1000(system) Binder:1534_16 expire 3 lines
07-06 18:07:21.948  1534  1534 I chatty  : uid=1000 system_server expire 13 lines
07-06 18:07:37.004  1534  4618 I chatty  : uid=1000(system) Binder:1534_1A expire 2 lines
07-06 18:07:52.098  1534 24228 I chatty  : uid=1000(system) Binder:1534_14 expire 14 lines
07-06 18:07:52.108  1534  2479 I chatty  : uid=1000(system) Binder:1534_7 expire 5 lines
07-06 18:07:54.781  1534  3142 I chatty  : uid=1000(system) Binder:1534_D expire 7 lines
07-06 18:07:54.803  1534 30640 I chatty  : uid=1000(system) Binder:1534_19 expire 2 lines
07-06 18:07:56.763  1534 11343 I chatty  : uid=1000(system) Binder:1534_11 expire 1 line
07-06 18:07:57.106  1534  2130 I chatty  : uid=1000(system) Binder:1534_4 expire 3 lines
07-06 18:08:00.776  1534  3150 I chatty  : uid=1000(system) Binder:1534_10 expire 2 lines
07-06 18:08:33.582  1534  3087 I chatty  : uid=1000(system) Binder:1534_9 expire 2 lines
07-06 18:08:36.480  1534 26766 I chatty  : uid=1000(system) Binder:1534_17 expire 1 line
07-06 18:08:37.707  1534  3130 I chatty  : uid=1000(system) Binder:1534_C expire 2 lines
07-06 18:08:43.676  1534  2358 I chatty  : uid=1000(system) Binder:1534_5 expire 9 lines
07-06 18:08:51.490  1534  2044 I chatty  : uid=1000(system) InputReader expire 2 lines
07-06 18:08:51.492  1534  1641 I chatty  : uid=1000(system) PowerManagerSer expire 7 lines
07-06 18:08:51.492  1534  2075 I chatty  : uid=1000(system) ColorBalanceThr expire 3 lines
07-06 18:08:51.600  1534  3128 I chatty  : uid=1000(system) Binder:1534_B expire 2 lines
07-06 18:08:51.604  1534  2077 I chatty  : uid=1000(system) FingerPrintThre expire 6 lines
07-06 18:08:51.833  1534  1639 I chatty  : uid=1000(system) android.display expire 1 line
07-06 18:08:51.847   844  1277 D QMI_FW  : chen-screen off: is_screen_off = 1 
07-06 18:08:51.848  1042  1276 D QMI_FW  : chen-screen off: is_screen_off = 1 
07-06 18:08:54.633  1534  1612 I chatty  : uid=1000(system) batterystats-sy expire 1 line
07-06 18:08:59.007  1534  2038 I chatty  : uid=1000(system) AlarmManager expire 15 lines
07-06 18:08:59.027  1534  1599 I chatty  : uid=1000(system) ActivityManager expire 9 lines
07-06 18:08:59.722  1534 15683 I chatty  : uid=1000 system_server expire 3 lines
07-06 18:09:08.041  1534 15686 I chatty  : uid=1000 system_server expire 2 lines
07-06 18:09:09.031  1534  1596 I chatty  : uid=1000(system) android.bg expire 14 lines
07-06 18:09:20.475  1534 15695 I chatty  : uid=1000 system_server expire 1 line
07-06 18:09:40.491  1534 15702 I chatty  : uid=1000 system_server expire 1 line
07-06 18:09:48.332  1534 15711 I chatty  : uid=1000 system_server expire 1 line
07-06 18:10:24.672  1534 15763 I chatty  : uid=1000 system_server expire 2 lines
07-06 18:11:07.223  1534 15786 I chatty  : uid=1000 system_server expire 3 lines
07-06 18:11:24.041  1534 15801 I chatty  : uid=1000 system_server expire 1 line
07-06 18:11:51.927  1534 15809 I chatty  : uid=1000 system_server expire 1 line
07-06 18:11:52.203  1534 30640 I chatty  : uid=1000(system) Binder:1534_19 expire 3 lines
07-06 18:11:52.204  1534  3128 I chatty  : uid=1000(system) Binder:1534_B expire 2 lines
07-06 18:11:52.204  1534  1534 I chatty  : uid=1000 system_server expire 9 lines
07-06 18:11:52.206  1534  1641 I chatty  : uid=1000(system) PowerManagerSer expire 11 lines
07-06 18:11:52.206  1534  2075 I chatty  : uid=1000(system) ColorBalanceThr expire 2 lines
07-06 18:11:52.253  1534  1599 I chatty  : uid=1000(system) ActivityManager expire 28 lines
07-06 18:11:52.262  1534  1639 I chatty  : uid=1000(system) android.display expire 3 lines
07-06 18:11:52.272  1534  3087 I chatty  : uid=1000(system) Binder:1534_9 expire 9 lines
07-06 18:11:52.275  1534  1601 I chatty  : uid=1000(system) android.ui expire 5 lines
07-06 18:11:52.290  1534  3142 I chatty  : uid=1000(system) Binder:1534_D expire 10 lines
07-06 18:11:52.308   844  1277 D QMI_FW  : chen-screen on: is_screen_off = 0 
07-06 18:11:52.311  1042  1276 D QMI_FW  : chen-screen on: is_screen_off = 0 
07-06 18:11:52.312  1534  2077 I chatty  : uid=1000(system) FingerPrintThre expire 4 lines
07-06 18:11:52.334  1534  2479 I chatty  : uid=1000(system) Binder:1534_7 expire 3 lines
07-06 18:11:52.334  1534 26767 I chatty  : uid=1000(system) Binder:1534_18 expire 5 lines
07-06 18:11:52.382  1534 22730 I chatty  : uid=1000(system) Binder:1534_16 expire 4 lines
07-06 18:11:52.447  1534 24228 I chatty  : uid=1000(system) Binder:1534_14 expire 2 lines
07-06 18:11:52.448  1534  1544 I chatty  : uid=1000(system) Binder:1534_1 expire 2 lines
07-06 18:11:52.480  1534 32029 I chatty  : uid=1000(system) Binder:1534_13 expire 3 lines
07-06 18:11:52.749  1534 19175 I chatty  : uid=1000(system) Binder:1534_15 expire 1 line
07-06 18:11:53.206  1534  1596 I chatty  : uid=1000(system) android.bg expire 17 lines
07-06 18:11:54.677  1534  2044 I chatty  : uid=1000(system) InputReader expire 1 line
07-06 18:12:00.001  1534  2038 I chatty  : uid=1000(system) AlarmManager expire 14 lines
07-06 18:12:01.616  1534 11344 I chatty  : uid=1000(system) Binder:1534_12 expire 27 lines
07-06 18:12:01.700  1534  2130 I chatty  : uid=1000(system) Binder:1534_4 expire 10 lines
07-06 18:12:01.717  1534  3094 I chatty  : uid=1000(system) Binder:1534_A expire 2 lines
07-06 18:12:02.806  1534  3130 I chatty  : uid=1000(system) Binder:1534_C expire 2 lines
07-06 18:12:03.054  1534  4618 I chatty  : uid=1000(system) Binder:1534_1A expire 8 lines
07-06 18:12:03.484  1534  2072 I chatty  : uid=1000(system) Binder:1534_3 expire 14 lines
07-06 18:12:05.629  1534  1636 I chatty  : uid=1000(system) android.fg expire 1 line
07-06 18:12:05.630  1534  2050 I chatty  : uid=1000(system) NetworkStats expire 3 lines
07-06 18:12:06.355  1534 11343 I chatty  : uid=1000(system) Binder:1534_11 expire 10 lines
07-06 18:12:43.323  1534 26766 I chatty  : uid=1000(system) Binder:1534_17 expire 8 lines
07-06 18:12:44.390  1534  2358 I chatty  : uid=1000(system) Binder:1534_5 expire 9 lines
07-06 18:12:46.804  1534  3150 I chatty  : uid=1000(system) Binder:1534_10 expire 4 lines
07-06 18:13:13.491  1534  3076 I chatty  : uid=1000(system) Binder:1534_8 expire 1 line
07-06 18:13:18.017  1534  1545 I chatty  : uid=1000(system) Binder:1534_2 expire 2 lines
07-06 18:13:22.981  1534  1640 I chatty  : uid=1000(system) CpuTracker expire 5 lines
07-06 18:13:22.986  1534  1612 I chatty  : uid=1000(system) batterystats-sy expire 2 lines
07-06 18:13:49.413  1534  3149 I chatty  : uid=1000(system) Binder:1534_F expire 1 line
07-06 18:13:49.867  2207  2207 V DeadZone: consuming errant click: (354.0,16.0)
07-06 18:13:49.872  1534  2459 I chatty  : uid=1000(system) Binder:1534_6 expire 1 line
07-06 18:13:50.852  1534  1599 I chatty  : uid=1000(system) ActivityManager expire 4 lines
07-06 18:13:58.290  1534  3145 I chatty  : uid=1000(system) Binder:1534_E expire 5 lines
07-06 18:13:59.867  1534  2459 I chatty  : uid=1000(system) Binder:1534_6 expire 3 lines
07-06 18:13:59.891  1534  3150 I chatty  : uid=1000(system) Binder:1534_10 expire 2 lines
07-06 18:13:59.895  1534  3130 I chatty  : uid=1000(system) Binder:1534_C expire 6 lines
07-06 18:13:59.896  1534  2060 I chatty  : uid=1000(system) ConnectivitySer expire 6 lines
07-06 18:13:59.899  1534  2130 I chatty  : uid=1000(system) Binder:1534_4 expire 5 lines
07-06 18:13:59.914  1534  1544 I chatty  : uid=1000(system) Binder:1534_1 expire 6 lines
07-06 18:13:59.931  1534  3094 I chatty  : uid=1000(system) Binder:1534_A expire 2 lines
07-06 18:13:59.940  1534 11343 I chatty  : uid=1000(system) Binder:1534_11 expire 2 lines
07-06 18:13:59.943  1534  3076 I chatty  : uid=1000(system) Binder:1534_8 expire 1 line
07-06 18:13:59.954  1534  3128 I chatty  : uid=1000(system) Binder:1534_B expire 1 line
07-06 18:13:59.969  1534 30640 I chatty  : uid=1000(system) Binder:1534_19 expire 4 lines
07-06 18:13:59.970  1534 19175 I chatty  : uid=1000(system) Binder:1534_15 expire 7 lines
07-06 18:13:59.971  1534 26767 I chatty  : uid=1000(system) Binder:1534_18 expire 4 lines
07-06 18:13:59.997  1534  3087 I chatty  : uid=1000(system) Binder:1534_9 expire 2 lines
07-06 18:13:59.999  1534  1639 I chatty  : uid=1000(system) android.display expire 29 lines
07-06 18:14:00.000  1534  2038 I chatty  : uid=1000(system) AlarmManager expire 16 lines
07-06 18:14:00.057  1534  4618 I chatty  : uid=1000(system) Binder:1534_1A expire 3 lines
07-06 18:14:00.974  1534  1641 I chatty  : uid=1000(system) PowerManagerSer expire 14 lines
07-06 18:14:01.265  1534  2044 I chatty  : uid=1000(system) InputReader expire 4 lines
07-06 18:14:01.266  1534  2075 I chatty  : uid=1000(system) ColorBalanceThr expire 8 lines
07-06 18:14:01.318  1534  1534 I chatty  : uid=1000 system_server expire 18 lines
07-06 18:14:01.337  1534  1545 I chatty  : uid=1000(system) Binder:1534_2 expire 4 lines
07-06 18:14:01.338  1534 26766 I chatty  : uid=1000(system) Binder:1534_17 expire 1 line
07-06 18:14:01.339  1534  2077 I chatty  : uid=1000(system) FingerPrintThre expire 18 lines
07-06 18:14:01.574  1534 24228 I chatty  : uid=1000(system) Binder:1534_14 expire 3 lines
07-06 18:14:01.592  1042  1276 D QMI_FW  : chen-screen off: is_screen_off = 1 
07-06 18:14:01.592   844  1277 D QMI_FW  : chen-screen off: is_screen_off = 1 
07-06 18:14:01.649  1534 22730 I chatty  : uid=1000(system) Binder:1534_16 expire 14 lines
07-06 18:14:01.896  1534  2072 I chatty  : uid=1000(system) Binder:1534_3 expire 2 lines
07-06 18:14:01.965  1534  2358 I chatty  : uid=1000(system) Binder:1534_5 expire 2 lines
07-06 18:14:02.850  1534  1598 I chatty  : uid=1000(system) EmbryoManager expire 1 line
07-06 18:14:06.660  1534 16137 I chatty  : uid=1000 system_server expire 1 line
07-06 18:14:18.275  1534  1596 I chatty  : uid=1000(system) android.bg expire 11 lines
07-06 18:15:04.902  1534  2479 I chatty  : uid=1000(system) Binder:1534_7 expire 4 lines
07-06 18:15:04.927  1534  1599 I chatty  : uid=1000(system) ActivityManager expire 7 lines
07-06 18:15:04.937  1534  3149 I chatty  : uid=1000(system) Binder:1534_F expire 1 line
07-06 18:15:04.938  1534  1601 I chatty  : uid=1000(system) android.ui expire 5 lines
07-06 18:15:04.957  1042  1276 D QMI_FW  : chen-screen on: is_screen_off = 0 
07-06 18:15:04.970   844  1277 D QMI_FW  : chen-screen on: is_screen_off = 0 
07-06 18:15:04.986  1534  1641 I chatty  : uid=1000(system) PowerManagerSer expire 12 lines
07-06 18:15:05.016  1534  1639 I chatty  : uid=1000(system) android.display expire 2 lines
07-06 18:15:05.042  1534  3142 I chatty  : uid=1000(system) Binder:1534_D expire 12 lines
07-06 18:15:05.063  1534 11344 I chatty  : uid=1000(system) Binder:1534_12 expire 3 lines
07-06 18:15:09.201  1534 16214 I chatty  : uid=1000 system_server expire 1 line
07-06 18:15:14.244  1534 32029 I chatty  : uid=1000(system) Binder:1534_13 expire 2 lines
07-06 18:15:14.527   844  1277 D QMI_FW  : chen-screen off: is_screen_off = 1 
07-06 18:15:14.528  1042  1276 D QMI_FW  : chen-screen off: is_screen_off = 1 
07-06 18:15:14.744  1534  1534 I chatty  : uid=1000 system_server expire 3 lines
07-06 18:15:19.603  1534 16221 I chatty  : uid=1000 system_server expire 1 line
07-06 18:20:12.741  1534 22730 I chatty  : uid=1000(system) Binder:1534_16 expire 51 lines
07-06 18:20:12.761  1534  1596 I chatty  : uid=1000(system) android.bg expire 19 lines
07-06 18:23:27.344  1534  2038 I chatty  : uid=1000(system) AlarmManager expire 136 lines
07-06 18:23:27.417  1534  1534 I chatty  : uid=1000 system_server expire 7 lines
07-06 18:23:28.413  1534  2479 I chatty  : uid=1000(system) Binder:1534_7 expire 2 lines
07-06 18:23:31.815  1534 16358 I chatty  : uid=1000 system_server expire 1 line
07-06 18:26:22.729  1534  1599 I chatty  : uid=1000(system) ActivityManager expire 18 lines
07-06 18:31:04.988  1534 16500 I chatty  : uid=1000 system_server expire 2 lines
07-06 18:31:11.102  1534  3087 I chatty  : uid=1000(system) Binder:1534_9 expire 1 line
07-06 18:31:14.659  1534 16563 I chatty  : uid=1000 system_server expire 3 lines
07-06 18:32:35.858  1534  1612 I chatty  : uid=1000(system) batterystats-sy expire 1 line
07-06 18:33:00.733  1534  3150 I chatty  : uid=1000(system) Binder:1534_10 expire 4 lines
07-06 18:33:00.796  1534 26767 I chatty  : uid=1000(system) Binder:1534_18 expire 1 line
07-06 18:33:00.798  1534 11344 I chatty  : uid=1000(system) Binder:1534_12 expire 1 line
07-06 18:33:00.819  1534  1545 I chatty  : uid=1000(system) Binder:1534_2 expire 1 line
07-06 18:33:00.820  1534  2459 I chatty  : uid=1000(system) Binder:1534_6 expire 1 line
07-06 18:33:00.820  1534  2060 I chatty  : uid=1000(system) ConnectivitySer expire 1 line
07-06 18:34:22.529  1534  3130 I chatty  : uid=1000(system) Binder:1534_C expire 1 line
07-06 18:36:16.676  1534  2050 I chatty  : uid=1000(system) NetworkStats expire 1 line
07-06 18:37:58.041  1534 16678 I chatty  : uid=1000 system_server expire 1 line
07-06 18:37:58.042  1534 16679 I chatty  : uid=1000 system_server expire 1 line
07-06 18:42:30.712  1534 26766 I chatty  : uid=1000(system) Binder:1534_17 expire 2 lines
07-06 18:51:00.657  1534  2038 I chatty  : uid=1000(system) AlarmManager expire 53 lines
07-06 18:51:00.707  1534  1596 I chatty  : uid=1000(system) android.bg expire 16 lines
07-06 18:51:33.832  1534  3087 I chatty  : uid=1000(system) Binder:1534_9 expire 1 line
07-06 18:53:48.592  1534 16936 I chatty  : uid=1000 system_server expire 1 line
07-06 18:53:57.275  1534  1534 I chatty  : uid=1000 system_server expire 8 lines
07-06 18:54:15.419  1534  1599 I chatty  : uid=1000(system) ActivityManager expire 10 lines
07-06 18:55:53.102  1534  1612 I chatty  : uid=1000(system) batterystats-sy expire 3 lines
07-06 19:02:37.688  1534  2072 I chatty  : uid=1000(system) Binder:1534_3 expire 2 lines
07-06 19:03:49.653  1534  3145 I chatty  : uid=1000(system) Binder:1534_E expire 1 line
07-06 19:03:49.700  1534  3094 I chatty  : uid=1000(system) Binder:1534_A expire 1 line
07-06 19:06:00.016  1534  2050 I chatty  : uid=1000(system) NetworkStats expire 2 lines
07-06 19:06:03.724  1534  3130 I chatty  : uid=1000(system) Binder:1534_C expire 2 lines
07-06 19:06:41.966  1534  3149 I chatty  : uid=1000(system) Binder:1534_F expire 3 lines
07-06 19:06:42.121  1534 19175 I chatty  : uid=1000(system) Binder:1534_15 expire 2 lines
07-06 19:06:42.227  1534 32029 I chatty  : uid=1000(system) Binder:1534_13 expire 2 lines
07-06 19:06:42.310  1534  1545 I chatty  : uid=1000(system) Binder:1534_2 expire 1 line
07-06 19:06:53.962  1534 26767 I chatty  : uid=1000(system) Binder:1534_18 expire 1 line
07-06 19:19:39.163 17259 17259 W ContextImpl: Calling a method in the system process without a qualified user: android.app.ContextImpl.startService:1374 android.content.ContextWrapper.startService:614 android.content.ContextWrapper.startService:614 net.oneplus.widget.appwidget.WeatherDataReceiver.onReceive:30 android.app.ActivityThread.handleReceiver:3230 
07-06 19:19:52.650  1534  1599 I chatty  : uid=1000(system) ActivityManager expire 14 lines
07-06 19:19:57.839  1534  2038 I chatty  : uid=1000(system) AlarmManager expire 51 lines
07-06 19:20:08.566  1534  2127 I chatty  : uid=1000(system) SuspenPorcessTh expire 1 line
07-06 19:21:09.671  1534  2130 I chatty  : uid=1000(system) Binder:1534_4 expire 59 lines
07-06 19:21:38.348  1534 22730 I chatty  : uid=1000(system) Binder:1534_16 expire 1 line
07-06 19:21:38.357  1534  1596 I chatty  : uid=1000(system) android.bg expire 18 lines
07-06 19:36:26.022  1534 17532 I chatty  : uid=1000 system_server expire 1 line
07-06 19:45:44.292  1534  2038 I chatty  : uid=1000(system) AlarmManager expire 12 lines
07-06 19:45:44.302  1534  1599 I chatty  : uid=1000(system) ActivityManager expire 25 lines
07-06 19:45:44.501  1534  1545 I chatty  : uid=1000(system) Binder:1534_2 expire 2 lines
07-06 19:45:54.355  1534  1596 I chatty  : uid=1000(system) android.bg expire 13 lines
07-06 19:46:35.594  1534 17633 I chatty  : uid=1000 system_server expire 1 line
07-06 19:46:45.338  1534 17636 I chatty  : uid=1000 system_server expire 2 lines
07-06 19:46:46.043  1534  1534 I chatty  : uid=1000 system_server expire 14 lines
07-06 19:51:12.889  1534  3094 I chatty  : uid=1000(system) Binder:1534_A expire 59 lines
07-06 19:53:03.016  1534  1544 I chatty  : uid=1000(system) Binder:1534_1 expire 2 lines
07-06 19:53:03.018  1534  2072 I chatty  : uid=1000(system) Binder:1534_3 expire 1 line
07-06 19:53:03.018  1534 11343 I chatty  : uid=1000(system) Binder:1534_11 expire 3 lines
07-06 19:53:03.019  1534  1641 I chatty  : uid=1000(system) PowerManagerSer expire 10 lines
07-06 19:53:03.026  1534  2075 I chatty  : uid=1000(system) ColorBalanceThr expire 5 lines
07-06 19:53:03.030  1534  2130 I chatty  : uid=1000(system) Binder:1534_4 expire 5 lines
07-06 19:53:03.049  1534  1639 I chatty  : uid=1000(system) android.display expire 3 lines
07-06 19:53:03.052  1534  4618 I chatty  : uid=1000(system) Binder:1534_1A expire 1 line
07-06 19:53:03.058  1534  2479 I chatty  : uid=1000(system) Binder:1534_7 expire 1 line
07-06 19:53:03.064  1042  1276 D QMI_FW  : chen-screen on: is_screen_off = 0 
07-06 19:53:03.065   844  1277 D QMI_FW  : chen-screen on: is_screen_off = 0 
07-06 19:53:03.071  1534  1601 I chatty  : uid=1000(system) android.ui expire 5 lines
07-06 19:53:03.086  1534  2459 I chatty  : uid=1000(system) Binder:1534_6 expire 2 lines
07-06 19:53:03.088  1534  2077 I chatty  : uid=1000(system) FingerPrintThre expire 9 lines
07-06 19:53:03.122  1534 24228 I chatty  : uid=1000(system) Binder:1534_14 expire 4 lines
07-06 19:53:03.127  1534  3094 I chatty  : uid=1000(system) Binder:1534_A expire 2 lines
07-06 19:53:03.141  1534 32029 I chatty  : uid=1000(system) Binder:1534_13 expire 2 lines
07-06 19:53:03.221  1534 26767 I chatty  : uid=1000(system) Binder:1534_18 expire 3 lines
07-06 19:53:05.347  1534  2038 I chatty  : uid=1000(system) AlarmManager expire 20 lines
07-06 19:53:06.476 17797 17945 W FileUtils: Failed to chmod(/data/user/0/com.tencent.mtt/app_tbs): android.system.ErrnoException: chmod failed: EACCES (Permission denied)
07-06 19:53:06.476 17797 17945 W FileUtils: Failed to chmod(/data/user/0/com.tencent.mtt/app_tbs_common_share): android.system.ErrnoException: chmod failed: EACCES (Permission denied)
07-06 19:53:06.484 17797 17945 W FileUtils: Failed to chmod(/data/user/0/com.tencent.mm/app_tbs): android.system.ErrnoException: chmod failed: EACCES (Permission denied)
07-06 19:53:06.484 17797 17945 W FileUtils: Failed to chmod(/data/user/0/com.tencent.mm/app_tbs_common_share): android.system.ErrnoException: chmod failed: EACCES (Permission denied)
07-06 19:53:06.500 17797 17945 W FileUtils: Failed to chmod(/data/user/0/com.tencent.mobileqq/app_tbs): android.system.ErrnoException: chmod failed: EACCES (Permission denied)
07-06 19:53:06.501 17797 17945 W FileUtils: Failed to chmod(/data/user/0/com.tencent.mobileqq/app_tbs_common_share): android.system.ErrnoException: chmod failed: EACCES (Permission denied)
07-06 19:53:06.795  1534  3150 I chatty  : uid=1000(system) Binder:1534_10 expire 2 lines
07-06 19:53:06.797 17797 17996 I PackageParser: com.tencent.tbs.ug.component: compat added android.permission.WRITE_EXTERNAL_STORAGE android.permission.READ_PHONE_STATE
07-06 19:53:07.011 17797 18067 W FileUtils: Failed to chmod(/data/user/0/com.tencent.mtt/app_tbs): android.system.ErrnoException: chmod failed: EACCES (Permission denied)
07-06 19:53:07.012 17797 18067 W FileUtils: Failed to chmod(/data/user/0/com.tencent.mtt/app_tbs_common_share): android.system.ErrnoException: chmod failed: EACCES (Permission denied)
07-06 19:53:07.027 17797 18067 W FileUtils: Failed to chmod(/data/user/0/com.tencent.mm/app_tbs): android.system.ErrnoException: chmod failed: EACCES (Permission denied)
07-06 19:53:07.027 17797 18067 W FileUtils: Failed to chmod(/data/user/0/com.tencent.mm/app_tbs_common_share): android.system.ErrnoException: chmod failed: EACCES (Permission denied)
07-06 19:53:07.040 17797 18067 W FileUtils: Failed to chmod(/data/user/0/com.tencent.mobileqq/app_tbs): android.system.ErrnoException: chmod failed: EACCES (Permission denied)
07-06 19:53:07.040 17797 18067 W FileUtils: Failed to chmod(/data/user/0/com.tencent.mobileqq/app_tbs_common_share): android.system.ErrnoException: chmod failed: EACCES (Permission denied)
07-06 19:53:07.542  1534  3145 I chatty  : uid=1000(system) Binder:1534_E expire 2 lines
07-06 19:53:12.170  1534  3128 I chatty  : uid=1000(system) Binder:1534_B expire 1 line
07-06 19:53:12.194  1534  2358 I chatty  : uid=1000(system) Binder:1534_5 expire 1 line
07-06 19:53:25.034  1534  1596 I chatty  : uid=1000(system) android.bg expire 6 lines
07-06 19:53:41.087  1534  3076 I chatty  : uid=1000(system) Binder:1534_8 expire 2 lines
07-06 19:53:42.406  1534  3149 I chatty  : uid=1000(system) Binder:1534_F expire 1 line
07-06 19:53:45.922  1534  1636 I chatty  : uid=1000(system) android.fg expire 2 lines
07-06 19:53:45.923  1534  2050 I chatty  : uid=1000(system) NetworkStats expire 6 lines
07-06 19:53:59.249  1534  3130 I chatty  : uid=1000(system) Binder:1534_C expire 2 lines
07-06 19:54:03.129  1534  1612 I chatty  : uid=1000(system) batterystats-sy expire 3 lines
07-06 19:54:03.143  1534 19067 I chatty  : uid=1000 system_server expire 1 line
07-06 19:54:07.162  2207  2207 V DeadZone: consuming errant click: (760.0,57.0)
07-06 19:54:07.290  1534  1599 I chatty  : uid=1000(system) ActivityManager expire 8 lines
07-06 19:56:39.740  1534 20010 I chatty  : uid=1000 system_server expire 2 lines
07-06 19:58:24.355  1534  1640 I chatty  : uid=1000(system) CpuTracker expire 6 lines
07-06 19:59:17.904  1534  2044 I chatty  : uid=1000(system) InputReader expire 2 lines
07-06 19:59:17.909  1534  1641 I chatty  : uid=1000(system) PowerManagerSer expire 7 lines
07-06 19:59:17.987  1534  2077 I chatty  : uid=1000(system) FingerPrintThre expire 40 lines
07-06 19:59:18.253  1534  2459 I chatty  : uid=1000(system) Binder:1534_6 expire 2 lines
07-06 19:59:18.262  1534  1639 I chatty  : uid=1000(system) android.display expire 1 line
07-06 19:59:18.263  1534  1534 I chatty  : uid=1000 system_server expire 12 lines
07-06 19:59:18.273  1042  1276 D QMI_FW  : chen-screen off: is_screen_off = 1 
07-06 19:59:18.273   844  1277 D QMI_FW  : chen-screen off: is_screen_off = 1 
07-06 19:59:18.326  1534  3130 I chatty  : uid=1000(system) Binder:1534_C expire 3 lines
07-06 19:59:18.523  1534  3142 I chatty  : uid=1000(system) Binder:1534_D expire 3 lines
07-06 19:59:18.530  1534  3094 I chatty  : uid=1000(system) Binder:1534_A expire 2 lines
07-06 19:59:18.631  1534  2130 I chatty  : uid=1000(system) Binder:1534_4 expire 2 lines
07-06 19:59:18.638  1534  3076 I chatty  : uid=1000(system) Binder:1534_8 expire 3 lines
07-06 19:59:23.349  1534 20731 I chatty  : uid=1000 system_server expire 1 line
07-06 19:59:25.072  1534 24228 I chatty  : uid=1000(system) Binder:1534_14 expire 1 line
07-06 19:59:25.120  1534  1544 I chatty  : uid=1000(system) Binder:1534_1 expire 5 lines
07-06 19:59:25.643  1534  2072 I chatty  : uid=1000(system) Binder:1534_3 expire 3 lines
07-06 19:59:25.655  1534 26766 I chatty  : uid=1000(system) Binder:1534_17 expire 1 line
07-06 19:59:25.946  1534 30640 I chatty  : uid=1000(system) Binder:1534_19 expire 2 lines
07-06 19:59:26.005  1534  3087 I chatty  : uid=1000(system) Binder:1534_9 expire 2 lines
07-06 19:59:26.185  1534  4618 I chatty  : uid=1000(system) Binder:1534_1A expire 1 line
07-06 19:59:26.186  1534 22730 I chatty  : uid=1000(system) Binder:1534_16 expire 2 lines
07-06 19:59:26.496  1534  3149 I chatty  : uid=1000(system) Binder:1534_F expire 4 lines
07-06 19:59:26.799  1534  3128 I chatty  : uid=1000(system) Binder:1534_B expire 1 line
07-06 19:59:48.341  1534  1596 I chatty  : uid=1000(system) android.bg expire 16 lines
07-06 19:59:48.356  1534  3145 I chatty  : uid=1000(system) Binder:1534_E expire 2 lines
07-06 19:59:48.660  1534  2038 I chatty  : uid=1000(system) AlarmManager expire 21 lines
07-06 19:59:53.671  1534 20775 I chatty  : uid=1000 system_server expire 1 line
07-06 20:00:03.031  1534 20786 I chatty  : uid=1000 system_server expire 2 lines
07-06 20:00:08.833  1534 20803 I chatty  : uid=1000 system_server expire 2 lines
07-06 20:00:16.850  1534 20811 I chatty  : uid=1000 system_server expire 2 lines
07-06 20:00:22.958  1534 20812 I chatty  : uid=1000 system_server expire 2 lines
07-06 20:00:28.611  1534 20816 I chatty  : uid=1000 system_server expire 2 lines
07-06 20:00:33.972  1534 20817 I chatty  : uid=1000 system_server expire 2 lines
07-06 20:00:39.946  1534 20823 I chatty  : uid=1000 system_server expire 2 lines
07-06 20:00:45.956  1534 20825 I chatty  : uid=1000 system_server expire 2 lines
07-06 20:00:51.893  1534 20826 I chatty  : uid=1000 system_server expire 2 lines
07-06 20:00:57.959  1534 20830 I chatty  : uid=1000 system_server expire 2 lines
07-06 20:00:58.189  1534  1612 I chatty  : uid=1000(system) batterystats-sy expire 2 lines
07-06 20:01:03.271  1534 20834 I chatty  : uid=1000 system_server expire 2 lines
07-06 20:01:08.951  1534 20836 I chatty  : uid=1000 system_server expire 2 lines
07-06 20:01:14.972  1534 20837 I chatty  : uid=1000 system_server expire 2 lines
07-06 20:01:17.362  1534  1545 I chatty  : uid=1000(system) Binder:1534_2 expire 1 line
07-06 20:01:20.973  1534 20844 I chatty  : uid=1000 system_server expire 2 lines
07-06 20:01:26.156  1534 20846 I chatty  : uid=1000 system_server expire 2 lines
07-06 20:01:29.681  1534  1599 I chatty  : uid=1000(system) ActivityManager expire 16 lines
07-06 20:01:29.966  6656 20865 E ActivityThread: Failed to find provider info for com.android.badge
07-06 20:01:29.975  6656 20865 E ActivityThread: Failed to find provider info for com.android.badge
07-06 20:01:32.084  1534 20886 I chatty  : uid=1000 system_server expire 2 lines
07-06 20:01:39.113  1534 20913 I chatty  : uid=1000 system_server expire 3 lines
07-06 20:01:46.151  1534 20922 I chatty  : uid=1000 system_server expire 2 lines
07-06 20:01:52.573  1534 20923 I chatty  : uid=1000 system_server expire 2 lines
07-06 20:01:59.973  1534 20929 I chatty  : uid=1000 system_server expire 2 lines
07-06 20:02:06.912  1534 20931 I chatty  : uid=1000 system_server expire 2 lines
07-06 20:02:13.792  1534 20932 I chatty  : uid=1000 system_server expire 2 lines
07-06 20:02:20.693  1534 20934 I chatty  : uid=1000 system_server expire 2 lines
07-06 20:02:27.591  1534 20937 I chatty  : uid=1000 system_server expire 2 lines
07-06 20:02:34.628  1534 20938 I chatty  : uid=1000 system_server expire 2 lines
07-06 20:02:41.572  1534 20942 I chatty  : uid=1000 system_server expire 2 lines
07-06 20:02:48.592  1534 20944 I chatty  : uid=1000 system_server expire 2 lines
07-06 20:02:55.397  1534 20945 I chatty  : uid=1000 system_server expire 2 lines
07-06 20:03:02.338  1534 20949 I chatty  : uid=1000 system_server expire 2 lines
07-06 20:03:09.323  1534 20952 I chatty  : uid=1000(system) kworker/u17:0 expire 2 lines
07-06 20:03:16.382  1534 20964 I chatty  : uid=1000 system_server expire 2 lines
07-06 20:03:21.476  1534  2479 I chatty  : uid=1000(system) Binder:1534_7 expire 1 line
07-06 20:03:21.485  1534 20969 I chatty  : uid=1000(system) FinalizerDaemon expire 2 lines
07-06 20:03:26.551  1534 20978 I chatty  : uid=1000 system_server expire 2 lines
07-06 20:03:32.332  1534 20981 I chatty  : uid=1000(system) com.google.process.gapps expire 2 lines
07-06 20:03:40.729  1534 20985 I chatty  : uid=1000 system_server expire 2 lines
07-06 20:03:47.732  1534 20988 I chatty  : uid=1000(system) ReferenceQueueD expire 2 lines
07-06 20:03:54.653  1534 20989 I chatty  : uid=1000(system) FinalizerDaemon expire 2 lines
07-06 20:03:57.318  1534  2358 I chatty  : uid=1000(system) Binder:1534_5 expire 1 line
07-06 20:04:01.650  1534 20993 I chatty  : uid=1000(system) Binder:20981_2 expire 2 lines
07-06 20:04:07.170  1534 20995 I chatty  : uid=1000(system) Gservices expire 2 lines
07-06 20:04:13.428  1534 32029 I chatty  : uid=1000(system) Binder:1534_13 expire 1 line
07-06 20:04:13.482  1534  3150 I chatty  : uid=1000(system) Binder:1534_10 expire 1 line
07-06 20:04:15.571  1534 21000 I chatty  : uid=1000 system_server expire 2 lines
07-06 20:04:21.952  1534 21004 I chatty  : uid=1000 system_server expire 2 lines
07-06 20:04:29.514  1534 21006 I chatty  : uid=1000 system_server expire 2 lines
07-06 20:04:36.474  1534 21008 I chatty  : uid=1000 system_server expire 2 lines
07-06 20:04:42.032  1534 21010 I chatty  : uid=1000 system_server expire 2 lines
07-06 20:04:50.433  1534 21012 I chatty  : uid=1000 system_server expire 2 lines
07-06 20:04:57.392  1534 21015 I chatty  : uid=1000 system_server expire 2 lines
07-06 20:05:04.319  1534 21018 I chatty  : uid=1000 system_server expire 2 lines
07-06 20:05:06.557  1534  2050 I chatty  : uid=1000(system) NetworkStats expire 1 line
07-06 20:05:16.666  1534  1596 I chatty  : uid=1000(system) android.bg expire 13 lines
07-06 20:05:35.145  1534  2038 I chatty  : uid=1000(system) AlarmManager expire 14 lines
07-06 20:05:35.168  1534  1599 I chatty  : uid=1000(system) ActivityManager expire 12 lines
07-06 20:08:54.365  1534 19175 I chatty  : uid=1000(system) Binder:1534_15 expire 2 lines
07-06 20:08:54.387  1534  4618 I chatty  : uid=1000(system) Binder:1534_1A expire 6 lines
07-06 20:08:54.388  1534  2130 I chatty  : uid=1000(system) Binder:1534_4 expire 3 lines
07-06 20:08:54.390  1534  2077 I chatty  : uid=1000(system) FingerPrintThre expire 17 lines
07-06 20:08:57.263  1534  3076 I chatty  : uid=1000(system) Binder:1534_8 expire 1 line
07-06 20:08:57.264  1534  2459 I chatty  : uid=1000(system) Binder:1534_6 expire 6 lines
07-06 20:08:57.266  1534  3130 I chatty  : uid=1000(system) Binder:1534_C expire 2 lines
07-06 20:08:57.267  1534  3149 I chatty  : uid=1000(system) Binder:1534_F expire 2 lines
07-06 20:08:57.268  1534  1534 I chatty  : uid=1000 system_server expire 10 lines
07-06 20:08:57.271  1534  1641 I chatty  : uid=1000(system) PowerManagerSer expire 18 lines
07-06 20:08:57.271  1534  2075 I chatty  : uid=1000(system) ColorBalanceThr expire 10 lines
07-06 20:08:57.318  1534  1639 I chatty  : uid=1000(system) android.display expire 10 lines
07-06 20:08:57.350  1534  2479 I chatty  : uid=1000(system) Binder:1534_7 expire 4 lines
07-06 20:08:57.359  1042  1276 D QMI_FW  : chen-screen on: is_screen_off = 0 
07-06 20:08:57.359   844  1277 D QMI_FW  : chen-screen on: is_screen_off = 0 
07-06 20:08:57.367  1534  1601 I chatty  : uid=1000(system) android.ui expire 13 lines
07-06 20:08:57.387  1534  3150 I chatty  : uid=1000(system) Binder:1534_10 expire 5 lines
07-06 20:08:57.392  1534  3128 I chatty  : uid=1000(system) Binder:1534_B expire 2 lines
07-06 20:08:57.410  1534  3145 I chatty  : uid=1000(system) Binder:1534_E expire 2 lines
07-06 20:08:57.492  1534  1544 I chatty  : uid=1000(system) Binder:1534_1 expire 1 line
07-06 20:08:57.511  1534  3094 I chatty  : uid=1000(system) Binder:1534_A expire 2 lines
07-06 20:08:57.567  1534  2072 I chatty  : uid=1000(system) Binder:1534_3 expire 2 lines
07-06 20:08:57.574  1534 30640 I chatty  : uid=1000(system) Binder:1534_19 expire 2 lines
07-06 20:08:58.267  1534  1596 I chatty  : uid=1000(system) android.bg expire 5 lines
07-06 20:09:00.225  1534 11343 I chatty  : uid=1000(system) Binder:1534_11 expire 2 lines
07-06 20:09:04.437  1534 24228 I chatty  : uid=1000(system) Binder:1534_14 expire 2 lines
07-06 20:10:11.300  1534  2044 I chatty  : uid=1000(system) InputReader expire 4 lines
07-06 20:10:11.398  1534  2358 I chatty  : uid=1000(system) Binder:1534_5 expire 3 lines
07-06 20:10:11.610  1042  1276 D QMI_FW  : chen-screen off: is_screen_off = 1 
07-06 20:10:11.610   844  1277 D QMI_FW  : chen-screen off: is_screen_off = 1 
07-06 20:10:11.836  1534  1641 I chatty  : uid=1000(system) PowerManagerSer expire 15 lines
07-06 20:10:11.839  1534  1534 I chatty  : uid=1000 system_server expire 10 lines
